ARM GAS  /tmp/ccXQSXhk.s 			page 1


   1              		.cpu cortex-m4
   2              		.arch armv7e-m
   3              		.fpu fpv4-sp-d16
   4              		.eabi_attribute 27, 1
   5              		.eabi_attribute 28, 1
   6              		.eabi_attribute 20, 1
   7              		.eabi_attribute 21, 1
   8              		.eabi_attribute 23, 3
   9              		.eabi_attribute 24, 1
  10              		.eabi_attribute 25, 1
  11              		.eabi_attribute 26, 1
  12              		.eabi_attribute 30, 1
  13              		.eabi_attribute 34, 1
  14              		.eabi_attribute 18, 4
  15              		.file	"lis2mdl.c"
  16              		.text
  17              	.Ltext0:
  18              		.cfi_sections	.debug_frame
  19              		.file 1 "Core/Src/lis2mdl.c"
  20              		.section	.rodata.LIS2MDL_Read.str1.4,"aMS",%progbits,1
  21              		.align	2
  22              	.LC0:
  23 0000 48414C20 		.ascii	"HAL status: %d\015\012\000"
  23      73746174 
  23      75733A20 
  23      25640D0A 
  23      00
  24              		.section	.text.LIS2MDL_Read,"ax",%progbits
  25              		.align	1
  26              		.global	LIS2MDL_Read
  27              		.syntax unified
  28              		.thumb
  29              		.thumb_func
  31              	LIS2MDL_Read:
  32              	.LVL0:
  33              	.LFB139:
   1:Core/Src/lis2mdl.c **** #include "lis2mdl.h"
   2:Core/Src/lis2mdl.c **** #include "stm32f4xx_hal.h"
   3:Core/Src/lis2mdl.c **** #include "stm32f4xx_hal_def.h"
   4:Core/Src/lis2mdl.c **** #include "stm32f4xx_hal_gpio.h"
   5:Core/Src/lis2mdl.c **** #include "stm32f4xx_hal_spi.h"
   6:Core/Src/lis2mdl.c **** #include <stdint.h>
   7:Core/Src/lis2mdl.c **** #include <stdio.h>
   8:Core/Src/lis2mdl.c **** 
   9:Core/Src/lis2mdl.c **** static inline void LIS2MDL_CS_LOW(void) {
  10:Core/Src/lis2mdl.c **** 	HAL_GPIO_WritePin(LIS2MDL_CS_PORT, LIS2MDL_CS_PIN, GPIO_PIN_RESET);
  11:Core/Src/lis2mdl.c **** }
  12:Core/Src/lis2mdl.c **** 
  13:Core/Src/lis2mdl.c **** static inline void LIS2MDL_CS_HIGH(void) {
  14:Core/Src/lis2mdl.c **** 	HAL_GPIO_WritePin(LIS2MDL_CS_PORT, LIS2MDL_CS_PIN, GPIO_PIN_SET);
  15:Core/Src/lis2mdl.c **** }
  16:Core/Src/lis2mdl.c **** 
  17:Core/Src/lis2mdl.c **** HAL_StatusTypeDef LIS2MDL_Read(uint8_t reg, uint8_t* buf, uint16_t n) {
  34              		.loc 1 17 71 view -0
  35              		.cfi_startproc
  36              		@ args = 0, pretend = 0, frame = 8
  37              		@ frame_needed = 0, uses_anonymous_args = 0
ARM GAS  /tmp/ccXQSXhk.s 			page 2


  38              		.loc 1 17 71 is_stmt 0 view .LVU1
  39 0000 70B5     		push	{r4, r5, r6, lr}
  40              	.LCFI0:
  41              		.cfi_def_cfa_offset 16
  42              		.cfi_offset 4, -16
  43              		.cfi_offset 5, -12
  44              		.cfi_offset 6, -8
  45              		.cfi_offset 14, -4
  46 0002 82B0     		sub	sp, sp, #8
  47              	.LCFI1:
  48              		.cfi_def_cfa_offset 24
  49 0004 0D46     		mov	r5, r1
  50 0006 1446     		mov	r4, r2
  18:Core/Src/lis2mdl.c **** 	// Read command
  19:Core/Src/lis2mdl.c **** 	uint8_t cmd = reg | 0x80;
  51              		.loc 1 19 2 is_stmt 1 view .LVU2
  52              		.loc 1 19 10 is_stmt 0 view .LVU3
  53 0008 60F07F00 		orn	r0, r0, #127
  54              	.LVL1:
  55              		.loc 1 19 10 view .LVU4
  56 000c 8DF80700 		strb	r0, [sp, #7]
  20:Core/Src/lis2mdl.c **** 	LIS2MDL_CS_LOW();
  57              		.loc 1 20 2 is_stmt 1 view .LVU5
  58              	.LBB12:
  59              	.LBI12:
   9:Core/Src/lis2mdl.c **** 	HAL_GPIO_WritePin(LIS2MDL_CS_PORT, LIS2MDL_CS_PIN, GPIO_PIN_RESET);
  60              		.loc 1 9 20 view .LVU6
  61              	.LBB13:
  10:Core/Src/lis2mdl.c **** }
  62              		.loc 1 10 2 view .LVU7
  63 0010 0022     		movs	r2, #0
  64              	.LVL2:
  10:Core/Src/lis2mdl.c **** }
  65              		.loc 1 10 2 is_stmt 0 view .LVU8
  66 0012 4021     		movs	r1, #64
  67              	.LVL3:
  10:Core/Src/lis2mdl.c **** }
  68              		.loc 1 10 2 view .LVU9
  69 0014 0F48     		ldr	r0, .L5
  70 0016 FFF7FEFF 		bl	HAL_GPIO_WritePin
  71              	.LVL4:
  72              	.LBE13:
  73              	.LBE12:
  21:Core/Src/lis2mdl.c **** 	HAL_StatusTypeDef status = HAL_SPI_Transmit(&hspi2, &cmd, 1, 10);
  74              		.loc 1 21 2 is_stmt 1 view .LVU10
  75              		.loc 1 21 29 is_stmt 0 view .LVU11
  76 001a 0A23     		movs	r3, #10
  77 001c 0122     		movs	r2, #1
  78 001e 0DF10701 		add	r1, sp, #7
  79 0022 0D48     		ldr	r0, .L5+4
  80 0024 FFF7FEFF 		bl	HAL_SPI_Transmit
  81              	.LVL5:
  22:Core/Src/lis2mdl.c **** 	if (status == HAL_OK)
  82              		.loc 1 22 2 is_stmt 1 view .LVU12
  83              		.loc 1 22 5 is_stmt 0 view .LVU13
  84 0028 70B9     		cbnz	r0, .L2
  23:Core/Src/lis2mdl.c **** 		status = HAL_SPI_Receive(&hspi2, buf, n, 10);
ARM GAS  /tmp/ccXQSXhk.s 			page 3


  85              		.loc 1 23 3 is_stmt 1 view .LVU14
  86              		.loc 1 23 12 is_stmt 0 view .LVU15
  87 002a 0A23     		movs	r3, #10
  88 002c 2246     		mov	r2, r4
  89 002e 2946     		mov	r1, r5
  90 0030 0948     		ldr	r0, .L5+4
  91              	.LVL6:
  92              		.loc 1 23 12 view .LVU16
  93 0032 FFF7FEFF 		bl	HAL_SPI_Receive
  94              	.LVL7:
  95 0036 0646     		mov	r6, r0
  96              	.LVL8:
  97              	.L3:
  24:Core/Src/lis2mdl.c **** 	else
  25:Core/Src/lis2mdl.c **** 		printf("HAL status: %d\r\n", status);
  26:Core/Src/lis2mdl.c **** 	LIS2MDL_CS_HIGH();
  98              		.loc 1 26 2 is_stmt 1 view .LVU17
  99              	.LBB14:
 100              	.LBI14:
  13:Core/Src/lis2mdl.c **** 	HAL_GPIO_WritePin(LIS2MDL_CS_PORT, LIS2MDL_CS_PIN, GPIO_PIN_SET);
 101              		.loc 1 13 20 view .LVU18
 102              	.LBB15:
  14:Core/Src/lis2mdl.c **** }
 103              		.loc 1 14 2 view .LVU19
 104 0038 0122     		movs	r2, #1
 105 003a 4021     		movs	r1, #64
 106 003c 0548     		ldr	r0, .L5
 107 003e FFF7FEFF 		bl	HAL_GPIO_WritePin
 108              	.LVL9:
 109              	.LBE15:
 110              	.LBE14:
  27:Core/Src/lis2mdl.c **** 	return status;
 111              		.loc 1 27 2 view .LVU20
  28:Core/Src/lis2mdl.c **** }
 112              		.loc 1 28 1 is_stmt 0 view .LVU21
 113 0042 3046     		mov	r0, r6
 114 0044 02B0     		add	sp, sp, #8
 115              	.LCFI2:
 116              		.cfi_remember_state
 117              		.cfi_def_cfa_offset 16
 118              		@ sp needed
 119 0046 70BD     		pop	{r4, r5, r6, pc}
 120              	.LVL10:
 121              	.L2:
 122              	.LCFI3:
 123              		.cfi_restore_state
 124              		.loc 1 28 1 view .LVU22
 125 0048 0646     		mov	r6, r0
  25:Core/Src/lis2mdl.c **** 	LIS2MDL_CS_HIGH();
 126              		.loc 1 25 3 is_stmt 1 view .LVU23
 127 004a 0146     		mov	r1, r0
 128 004c 0348     		ldr	r0, .L5+8
 129              	.LVL11:
  25:Core/Src/lis2mdl.c **** 	LIS2MDL_CS_HIGH();
 130              		.loc 1 25 3 is_stmt 0 view .LVU24
 131 004e FFF7FEFF 		bl	printf
 132              	.LVL12:
ARM GAS  /tmp/ccXQSXhk.s 			page 4


 133 0052 F1E7     		b	.L3
 134              	.L6:
 135              		.align	2
 136              	.L5:
 137 0054 00040240 		.word	1073873920
 138 0058 00000000 		.word	hspi2
 139 005c 00000000 		.word	.LC0
 140              		.cfi_endproc
 141              	.LFE139:
 143              		.section	.text.LIS2MDL_Write,"ax",%progbits
 144              		.align	1
 145              		.global	LIS2MDL_Write
 146              		.syntax unified
 147              		.thumb
 148              		.thumb_func
 150              	LIS2MDL_Write:
 151              	.LVL13:
 152              	.LFB140:
  29:Core/Src/lis2mdl.c **** 
  30:Core/Src/lis2mdl.c **** HAL_StatusTypeDef LIS2MDL_Write(uint8_t reg, uint8_t val) {
 153              		.loc 1 30 59 is_stmt 1 view -0
 154              		.cfi_startproc
 155              		@ args = 0, pretend = 0, frame = 8
 156              		@ frame_needed = 0, uses_anonymous_args = 0
 157              		.loc 1 30 59 is_stmt 0 view .LVU26
 158 0000 10B5     		push	{r4, lr}
 159              	.LCFI4:
 160              		.cfi_def_cfa_offset 8
 161              		.cfi_offset 4, -8
 162              		.cfi_offset 14, -4
 163 0002 82B0     		sub	sp, sp, #8
 164              	.LCFI5:
 165              		.cfi_def_cfa_offset 16
  31:Core/Src/lis2mdl.c **** 	// Write command and value
  32:Core/Src/lis2mdl.c **** 	uint8_t tx[2] = {reg & 0x7F, val };
 166              		.loc 1 32 2 is_stmt 1 view .LVU27
 167              		.loc 1 32 23 is_stmt 0 view .LVU28
 168 0004 00F07F00 		and	r0, r0, #127
 169              	.LVL14:
 170              		.loc 1 32 10 view .LVU29
 171 0008 8DF80400 		strb	r0, [sp, #4]
 172 000c 8DF80510 		strb	r1, [sp, #5]
  33:Core/Src/lis2mdl.c **** 	LIS2MDL_CS_LOW();
 173              		.loc 1 33 2 is_stmt 1 view .LVU30
 174              	.LBB16:
 175              	.LBI16:
   9:Core/Src/lis2mdl.c **** 	HAL_GPIO_WritePin(LIS2MDL_CS_PORT, LIS2MDL_CS_PIN, GPIO_PIN_RESET);
 176              		.loc 1 9 20 view .LVU31
 177              	.LBB17:
  10:Core/Src/lis2mdl.c **** }
 178              		.loc 1 10 2 view .LVU32
 179 0010 0022     		movs	r2, #0
 180 0012 4021     		movs	r1, #64
 181              	.LVL15:
  10:Core/Src/lis2mdl.c **** }
 182              		.loc 1 10 2 is_stmt 0 view .LVU33
 183 0014 0B48     		ldr	r0, .L11
ARM GAS  /tmp/ccXQSXhk.s 			page 5


 184 0016 FFF7FEFF 		bl	HAL_GPIO_WritePin
 185              	.LVL16:
  10:Core/Src/lis2mdl.c **** }
 186              		.loc 1 10 2 view .LVU34
 187              	.LBE17:
 188              	.LBE16:
  34:Core/Src/lis2mdl.c **** 	HAL_StatusTypeDef status = HAL_SPI_Transmit(&hspi2, tx, 2, 10);
 189              		.loc 1 34 2 is_stmt 1 view .LVU35
 190              		.loc 1 34 29 is_stmt 0 view .LVU36
 191 001a 0A23     		movs	r3, #10
 192 001c 0222     		movs	r2, #2
 193 001e 01A9     		add	r1, sp, #4
 194 0020 0948     		ldr	r0, .L11+4
 195 0022 FFF7FEFF 		bl	HAL_SPI_Transmit
 196              	.LVL17:
  35:Core/Src/lis2mdl.c **** 	if (status != HAL_OK)
 197              		.loc 1 35 2 is_stmt 1 view .LVU37
 198              		.loc 1 35 5 is_stmt 0 view .LVU38
 199 0026 0446     		mov	r4, r0
 200 0028 38B9     		cbnz	r0, .L10
 201              	.LVL18:
 202              	.L8:
  36:Core/Src/lis2mdl.c **** 		printf("HAL status: %d\r\n", status);
  37:Core/Src/lis2mdl.c **** 	LIS2MDL_CS_HIGH();
 203              		.loc 1 37 2 is_stmt 1 view .LVU39
 204              	.LBB18:
 205              	.LBI18:
  13:Core/Src/lis2mdl.c **** 	HAL_GPIO_WritePin(LIS2MDL_CS_PORT, LIS2MDL_CS_PIN, GPIO_PIN_SET);
 206              		.loc 1 13 20 view .LVU40
 207              	.LBB19:
  14:Core/Src/lis2mdl.c **** }
 208              		.loc 1 14 2 view .LVU41
 209 002a 0122     		movs	r2, #1
 210 002c 4021     		movs	r1, #64
 211 002e 0548     		ldr	r0, .L11
 212 0030 FFF7FEFF 		bl	HAL_GPIO_WritePin
 213              	.LVL19:
 214              	.LBE19:
 215              	.LBE18:
  38:Core/Src/lis2mdl.c **** 	return status;
 216              		.loc 1 38 2 view .LVU42
  39:Core/Src/lis2mdl.c **** }
 217              		.loc 1 39 1 is_stmt 0 view .LVU43
 218 0034 2046     		mov	r0, r4
 219 0036 02B0     		add	sp, sp, #8
 220              	.LCFI6:
 221              		.cfi_remember_state
 222              		.cfi_def_cfa_offset 8
 223              		@ sp needed
 224 0038 10BD     		pop	{r4, pc}
 225              	.LVL20:
 226              	.L10:
 227              	.LCFI7:
 228              		.cfi_restore_state
  36:Core/Src/lis2mdl.c **** 	LIS2MDL_CS_HIGH();
 229              		.loc 1 36 3 is_stmt 1 view .LVU44
 230 003a 0146     		mov	r1, r0
ARM GAS  /tmp/ccXQSXhk.s 			page 6


 231 003c 0348     		ldr	r0, .L11+8
 232              	.LVL21:
  36:Core/Src/lis2mdl.c **** 	LIS2MDL_CS_HIGH();
 233              		.loc 1 36 3 is_stmt 0 view .LVU45
 234 003e FFF7FEFF 		bl	printf
 235              	.LVL22:
 236 0042 F2E7     		b	.L8
 237              	.L12:
 238              		.align	2
 239              	.L11:
 240 0044 00040240 		.word	1073873920
 241 0048 00000000 		.word	hspi2
 242 004c 00000000 		.word	.LC0
 243              		.cfi_endproc
 244              	.LFE140:
 246              		.section	.rodata.LIS2MDL_Init.str1.4,"aMS",%progbits,1
 247              		.align	2
 248              	.LC1:
 249 0000 57484F5F 		.ascii	"WHO_AM_I incorrect: %d\015\012\000"
 249      414D5F49 
 249      20696E63 
 249      6F727265 
 249      63743A20 
 250 0019 000000   		.align	2
 251              	.LC2:
 252 001c 57484F5F 		.ascii	"WHO_AM_I correct\015\000"
 252      414D5F49 
 252      20636F72 
 252      72656374 
 252      0D00
 253              		.section	.text.LIS2MDL_Init,"ax",%progbits
 254              		.align	1
 255              		.global	LIS2MDL_Init
 256              		.syntax unified
 257              		.thumb
 258              		.thumb_func
 260              	LIS2MDL_Init:
 261              	.LFB141:
  40:Core/Src/lis2mdl.c **** 
  41:Core/Src/lis2mdl.c **** int LIS2MDL_Init() {
 262              		.loc 1 41 20 is_stmt 1 view -0
 263              		.cfi_startproc
 264              		@ args = 0, pretend = 0, frame = 8
 265              		@ frame_needed = 0, uses_anonymous_args = 0
 266 0000 00B5     		push	{lr}
 267              	.LCFI8:
 268              		.cfi_def_cfa_offset 4
 269              		.cfi_offset 14, -4
 270 0002 83B0     		sub	sp, sp, #12
 271              	.LCFI9:
 272              		.cfi_def_cfa_offset 16
  42:Core/Src/lis2mdl.c **** 	LIS2MDL_CS_HIGH();
 273              		.loc 1 42 2 view .LVU47
 274              	.LBB20:
 275              	.LBI20:
  13:Core/Src/lis2mdl.c **** 	HAL_GPIO_WritePin(LIS2MDL_CS_PORT, LIS2MDL_CS_PIN, GPIO_PIN_SET);
 276              		.loc 1 13 20 view .LVU48
ARM GAS  /tmp/ccXQSXhk.s 			page 7


 277              	.LBB21:
  14:Core/Src/lis2mdl.c **** }
 278              		.loc 1 14 2 view .LVU49
 279 0004 0122     		movs	r2, #1
 280 0006 4021     		movs	r1, #64
 281 0008 1748     		ldr	r0, .L17
 282 000a FFF7FEFF 		bl	HAL_GPIO_WritePin
 283              	.LVL23:
 284              	.LBE21:
 285              	.LBE20:
  43:Core/Src/lis2mdl.c **** 	HAL_Delay(20);
 286              		.loc 1 43 2 view .LVU50
 287 000e 1420     		movs	r0, #20
 288 0010 FFF7FEFF 		bl	HAL_Delay
 289              	.LVL24:
  44:Core/Src/lis2mdl.c **** 
  45:Core/Src/lis2mdl.c **** 	// Soft reset and then disable i2c, has error correction and enables spi on pin 7
  46:Core/Src/lis2mdl.c **** 	LIS2MDL_Write(CFG_REG_A, 0x20); // SOFT_RST
 290              		.loc 1 46 2 view .LVU51
 291 0014 2021     		movs	r1, #32
 292 0016 6020     		movs	r0, #96
 293 0018 FFF7FEFF 		bl	LIS2MDL_Write
 294              	.LVL25:
  47:Core/Src/lis2mdl.c **** 	HAL_Delay(5);
 295              		.loc 1 47 2 view .LVU52
 296 001c 0520     		movs	r0, #5
 297 001e FFF7FEFF 		bl	HAL_Delay
 298              	.LVL26:
  48:Core/Src/lis2mdl.c **** 	LIS2MDL_Write(CFG_REG_C, 0x34); // I2C_DIS | BDU | 4WSPI
 299              		.loc 1 48 2 view .LVU53
 300 0022 3421     		movs	r1, #52
 301 0024 6220     		movs	r0, #98
 302 0026 FFF7FEFF 		bl	LIS2MDL_Write
 303              	.LVL27:
  49:Core/Src/lis2mdl.c **** 	
  50:Core/Src/lis2mdl.c **** 	// Makes sure correct who am i is returned. if incorrect this is the wrong chip
  51:Core/Src/lis2mdl.c **** 	uint8_t id = 0;
 304              		.loc 1 51 2 view .LVU54
 305              		.loc 1 51 10 is_stmt 0 view .LVU55
 306 002a 0023     		movs	r3, #0
 307 002c 8DF80730 		strb	r3, [sp, #7]
  52:Core/Src/lis2mdl.c **** 	if (LIS2MDL_Read(WHO_AM_I, &id, 1) != HAL_OK || id != 0x40) {
 308              		.loc 1 52 2 is_stmt 1 view .LVU56
 309              		.loc 1 52 6 is_stmt 0 view .LVU57
 310 0030 0122     		movs	r2, #1
 311 0032 0DF10701 		add	r1, sp, #7
 312 0036 4F20     		movs	r0, #79
 313 0038 FFF7FEFF 		bl	LIS2MDL_Read
 314              	.LVL28:
 315              		.loc 1 52 5 discriminator 1 view .LVU58
 316 003c 18B9     		cbnz	r0, .L14
 317              		.loc 1 52 53 discriminator 2 view .LVU59
 318 003e 9DF80730 		ldrb	r3, [sp, #7]	@ zero_extendqisi2
 319              		.loc 1 52 47 discriminator 2 view .LVU60
 320 0042 402B     		cmp	r3, #64
 321 0044 08D0     		beq	.L15
 322              	.L14:
ARM GAS  /tmp/ccXQSXhk.s 			page 8


  53:Core/Src/lis2mdl.c **** 		printf("WHO_AM_I incorrect: %d\r\n", id);
 323              		.loc 1 53 3 is_stmt 1 view .LVU61
 324 0046 9DF80710 		ldrb	r1, [sp, #7]	@ zero_extendqisi2
 325 004a 0848     		ldr	r0, .L17+4
 326 004c FFF7FEFF 		bl	printf
 327              	.LVL29:
  54:Core/Src/lis2mdl.c **** 		return -1;
 328              		.loc 1 54 3 view .LVU62
 329              		.loc 1 54 10 is_stmt 0 discriminator 2 view .LVU63
 330 0050 4FF0FF30 		mov	r0, #-1
 331              	.L13:
  55:Core/Src/lis2mdl.c **** 	}
  56:Core/Src/lis2mdl.c **** 	printf("WHO_AM_I correct\r\n");
  57:Core/Src/lis2mdl.c **** 
  58:Core/Src/lis2mdl.c **** 	// Enables temperature compensation, 100 Hz output data rate, Continous mode (data will be placed 
  59:Core/Src/lis2mdl.c **** 	LIS2MDL_Write(CFG_REG_A, 0x8C); // COMP_TEMP_EN | ODR1 | ODR1
  60:Core/Src/lis2mdl.c **** }
 332              		.loc 1 60 1 view .LVU64
 333 0054 03B0     		add	sp, sp, #12
 334              	.LCFI10:
 335              		.cfi_remember_state
 336              		.cfi_def_cfa_offset 4
 337              		@ sp needed
 338 0056 00BD     		pop	{pc}
 339              	.L15:
 340              	.LCFI11:
 341              		.cfi_restore_state
  56:Core/Src/lis2mdl.c **** 
 342              		.loc 1 56 2 is_stmt 1 view .LVU65
 343 0058 0548     		ldr	r0, .L17+8
 344 005a FFF7FEFF 		bl	puts
 345              	.LVL30:
  59:Core/Src/lis2mdl.c **** }
 346              		.loc 1 59 2 view .LVU66
 347 005e 8C21     		movs	r1, #140
 348 0060 6020     		movs	r0, #96
 349 0062 FFF7FEFF 		bl	LIS2MDL_Write
 350              	.LVL31:
 351              		.loc 1 60 1 is_stmt 0 view .LVU67
 352 0066 F5E7     		b	.L13
 353              	.L18:
 354              		.align	2
 355              	.L17:
 356 0068 00040240 		.word	1073873920
 357 006c 00000000 		.word	.LC1
 358 0070 1C000000 		.word	.LC2
 359              		.cfi_endproc
 360              	.LFE141:
 362              		.section	.text.LIS2MDL_Read_mgauss,"ax",%progbits
 363              		.align	1
 364              		.global	LIS2MDL_Read_mgauss
 365              		.syntax unified
 366              		.thumb
 367              		.thumb_func
 369              	LIS2MDL_Read_mgauss:
 370              	.LVL32:
 371              	.LFB142:
ARM GAS  /tmp/ccXQSXhk.s 			page 9


  61:Core/Src/lis2mdl.c **** 
  62:Core/Src/lis2mdl.c **** // Read data in milligauss
  63:Core/Src/lis2mdl.c **** int LIS2MDL_Read_mgauss(float xyz[3]) {
 372              		.loc 1 63 39 is_stmt 1 view -0
 373              		.cfi_startproc
 374              		@ args = 0, pretend = 0, frame = 8
 375              		@ frame_needed = 0, uses_anonymous_args = 0
 376              		.loc 1 63 39 is_stmt 0 view .LVU69
 377 0000 10B5     		push	{r4, lr}
 378              	.LCFI12:
 379              		.cfi_def_cfa_offset 8
 380              		.cfi_offset 4, -8
 381              		.cfi_offset 14, -4
 382 0002 82B0     		sub	sp, sp, #8
 383              	.LCFI13:
 384              		.cfi_def_cfa_offset 16
 385 0004 0446     		mov	r4, r0
  64:Core/Src/lis2mdl.c **** 	// Read all output registers into the 6 bytes
  65:Core/Src/lis2mdl.c **** 	uint8_t b[6];
 386              		.loc 1 65 2 is_stmt 1 view .LVU70
  66:Core/Src/lis2mdl.c **** 	if (LIS2MDL_Read(OUTX_L_REG, b, 6) != HAL_OK) return -1;
 387              		.loc 1 66 2 view .LVU71
 388              		.loc 1 66 6 is_stmt 0 view .LVU72
 389 0006 0622     		movs	r2, #6
 390 0008 6946     		mov	r1, sp
 391 000a 6820     		movs	r0, #104
 392              	.LVL33:
 393              		.loc 1 66 6 view .LVU73
 394 000c FFF7FEFF 		bl	LIS2MDL_Read
 395              	.LVL34:
 396              		.loc 1 66 5 discriminator 1 view .LVU74
 397 0010 00BB     		cbnz	r0, .L23
 398              	.LBB22:
  67:Core/Src/lis2mdl.c **** 	// convert 16 bit numbers to floats
  68:Core/Src/lis2mdl.c **** 	for (int i = 0; i < 3; i++)
 399              		.loc 1 68 11 view .LVU75
 400 0012 0246     		mov	r2, r0
 401 0014 19E0     		b	.L21
 402              	.LVL35:
 403              	.L22:
  69:Core/Src/lis2mdl.c **** 		xyz[i] = (int16_t)(b[2*i] | (b[2*i+1] << 8)) * 1.5f;   // mG
 404              		.loc 1 69 3 is_stmt 1 view .LVU76
 405              		.loc 1 69 25 is_stmt 0 view .LVU77
 406 0016 5100     		lsls	r1, r2, #1
 407              		.loc 1 69 23 view .LVU78
 408 0018 02AB     		add	r3, sp, #8
 409 001a 03EB4203 		add	r3, r3, r2, lsl #1
 410 001e 13F8083C 		ldrb	r3, [r3, #-8]	@ zero_extendqisi2
 411              		.loc 1 69 33 view .LVU79
 412 0022 0931     		adds	r1, r1, #9
 413 0024 6944     		add	r1, sp, r1
 414 0026 11F8081C 		ldrb	r1, [r1, #-8]	@ zero_extendqisi2
 415              		.loc 1 69 12 view .LVU80
 416 002a 43EA0123 		orr	r3, r3, r1, lsl #8
 417 002e 1BB2     		sxth	r3, r3
 418 0030 07EE903A 		vmov	s15, r3	@ int
 419              		.loc 1 69 6 view .LVU81
ARM GAS  /tmp/ccXQSXhk.s 			page 10


 420 0034 04EB8203 		add	r3, r4, r2, lsl #2
 421              		.loc 1 69 48 view .LVU82
 422 0038 F8EEE77A 		vcvt.f32.s32	s15, s15
 423 003c B7EE087A 		vmov.f32	s14, #1.5e+0
 424 0040 67EE877A 		vmul.f32	s15, s15, s14
 425              		.loc 1 69 10 view .LVU83
 426 0044 C3ED007A 		vstr.32	s15, [r3]
  68:Core/Src/lis2mdl.c **** 		xyz[i] = (int16_t)(b[2*i] | (b[2*i+1] << 8)) * 1.5f;   // mG
 427              		.loc 1 68 26 is_stmt 1 discriminator 1 view .LVU84
 428 0048 0132     		adds	r2, r2, #1
 429              	.LVL36:
 430              	.L21:
  68:Core/Src/lis2mdl.c **** 		xyz[i] = (int16_t)(b[2*i] | (b[2*i+1] << 8)) * 1.5f;   // mG
 431              		.loc 1 68 20 discriminator 2 view .LVU85
 432 004a 022A     		cmp	r2, #2
 433 004c E3DD     		ble	.L22
 434              	.LBE22:
  70:Core/Src/lis2mdl.c **** 	return 0;
 435              		.loc 1 70 9 is_stmt 0 view .LVU86
 436 004e 0020     		movs	r0, #0
 437              	.LVL37:
 438              	.L19:
  71:Core/Src/lis2mdl.c **** }
 439              		.loc 1 71 1 view .LVU87
 440 0050 02B0     		add	sp, sp, #8
 441              	.LCFI14:
 442              		.cfi_remember_state
 443              		.cfi_def_cfa_offset 8
 444              		@ sp needed
 445 0052 10BD     		pop	{r4, pc}
 446              	.LVL38:
 447              	.L23:
 448              	.LCFI15:
 449              		.cfi_restore_state
  66:Core/Src/lis2mdl.c **** 	// convert 16 bit numbers to floats
 450              		.loc 1 66 55 discriminator 2 view .LVU88
 451 0054 4FF0FF30 		mov	r0, #-1
 452 0058 FAE7     		b	.L19
 453              		.cfi_endproc
 454              	.LFE142:
 456              		.text
 457              	.Letext0:
 458              		.file 2 "/usr/arm-none-eabi/include/machine/_default_types.h"
 459              		.file 3 "/usr/arm-none-eabi/include/sys/_stdint.h"
 460              		.file 4 "Drivers/CMSIS/Device/ST/STM32F4xx/Include/stm32f411xe.h"
 461              		.file 5 "Drivers/STM32F4xx_HAL_Driver/Inc/stm32f4xx_hal_def.h"
 462              		.file 6 "Drivers/STM32F4xx_HAL_Driver/Inc/stm32f4xx_hal_gpio.h"
 463              		.file 7 "Drivers/STM32F4xx_HAL_Driver/Inc/stm32f4xx_hal_dma.h"
 464              		.file 8 "Drivers/STM32F4xx_HAL_Driver/Inc/stm32f4xx_hal_spi.h"
 465              		.file 9 "Drivers/STM32F4xx_HAL_Driver/Inc/stm32f4xx_hal.h"
 466              		.file 10 "/usr/arm-none-eabi/include/stdio.h"
 467              		.file 11 "Core/Inc/lis2mdl.h"
 468              		.file 12 "<built-in>"
ARM GAS  /tmp/ccXQSXhk.s 			page 11


DEFINED SYMBOLS
                            *ABS*:00000000 lis2mdl.c
     /tmp/ccXQSXhk.s:21     .rodata.LIS2MDL_Read.str1.4:00000000 $d
     /tmp/ccXQSXhk.s:25     .text.LIS2MDL_Read:00000000 $t
     /tmp/ccXQSXhk.s:31     .text.LIS2MDL_Read:00000000 LIS2MDL_Read
     /tmp/ccXQSXhk.s:137    .text.LIS2MDL_Read:00000054 $d
     /tmp/ccXQSXhk.s:144    .text.LIS2MDL_Write:00000000 $t
     /tmp/ccXQSXhk.s:150    .text.LIS2MDL_Write:00000000 LIS2MDL_Write
     /tmp/ccXQSXhk.s:240    .text.LIS2MDL_Write:00000044 $d
     /tmp/ccXQSXhk.s:247    .rodata.LIS2MDL_Init.str1.4:00000000 $d
     /tmp/ccXQSXhk.s:254    .text.LIS2MDL_Init:00000000 $t
     /tmp/ccXQSXhk.s:260    .text.LIS2MDL_Init:00000000 LIS2MDL_Init
     /tmp/ccXQSXhk.s:356    .text.LIS2MDL_Init:00000068 $d
     /tmp/ccXQSXhk.s:363    .text.LIS2MDL_Read_mgauss:00000000 $t
     /tmp/ccXQSXhk.s:369    .text.LIS2MDL_Read_mgauss:00000000 LIS2MDL_Read_mgauss

UNDEFINED SYMBOLS
HAL_GPIO_WritePin
HAL_SPI_Transmit
HAL_SPI_Receive
printf
hspi2
HAL_Delay
puts
