Archive member included to satisfy reference by file (symbol)

/usr/lib/gcc/arm-none-eabi/16.2.0/../../../../arm-none-eabi/lib/thumb/v7e-m+fp/hard/libc_nano.a(libc_a-atexit.o)
                              /usr/lib/gcc/arm-none-eabi/16.2.0/../../../../arm-none-eabi/lib/thumb/v7e-m+fp/hard/crt0.o (atexit)
/usr/lib/gcc/arm-none-eabi/16.2.0/../../../../arm-none-eabi/lib/thumb/v7e-m+fp/hard/libc_nano.a(libc_a-exit.o)
                              /usr/lib/gcc/arm-none-eabi/16.2.0/../../../../arm-none-eabi/lib/thumb/v7e-m+fp/hard/crt0.o (exit)
/usr/lib/gcc/arm-none-eabi/16.2.0/../../../../arm-none-eabi/lib/thumb/v7e-m+fp/hard/libc_nano.a(libc_a-nano-vfprintf_float.o)
                              (_printf_float)
/usr/lib/gcc/arm-none-eabi/16.2.0/../../../../arm-none-eabi/lib/thumb/v7e-m+fp/hard/libc_nano.a(libc_a-nano-vfprintf_i.o)
                              /usr/lib/gcc/arm-none-eabi/16.2.0/../../../../arm-none-eabi/lib/thumb/v7e-m+fp/hard/libc_nano.a(libc_a-nano-vfprintf_float.o) (_printf_common)
/usr/lib/gcc/arm-none-eabi/16.2.0/../../../../arm-none-eabi/lib/thumb/v7e-m+fp/hard/libc_nano.a(libc_a-findfp.o)
                              /usr/lib/gcc/arm-none-eabi/16.2.0/../../../../arm-none-eabi/lib/thumb/v7e-m+fp/hard/libc_nano.a(libc_a-exit.o) (__stdio_exit_handler)
/usr/lib/gcc/arm-none-eabi/16.2.0/../../../../arm-none-eabi/lib/thumb/v7e-m+fp/hard/libc_nano.a(libc_a-fwalk.o)
                              /usr/lib/gcc/arm-none-eabi/16.2.0/../../../../arm-none-eabi/lib/thumb/v7e-m+fp/hard/libc_nano.a(libc_a-findfp.o) (_fwalk_sglue)
/usr/lib/gcc/arm-none-eabi/16.2.0/../../../../arm-none-eabi/lib/thumb/v7e-m+fp/hard/libc_nano.a(libc_a-printf.o)
                              build/main.o (printf)
/usr/lib/gcc/arm-none-eabi/16.2.0/../../../../arm-none-eabi/lib/thumb/v7e-m+fp/hard/libc_nano.a(libc_a-puts.o)
                              build/main.o (puts)
/usr/lib/gcc/arm-none-eabi/16.2.0/../../../../arm-none-eabi/lib/thumb/v7e-m+fp/hard/libc_nano.a(libc_a-stdio.o)
                              /usr/lib/gcc/arm-none-eabi/16.2.0/../../../../arm-none-eabi/lib/thumb/v7e-m+fp/hard/libc_nano.a(libc_a-findfp.o) (__sread)
/usr/lib/gcc/arm-none-eabi/16.2.0/../../../../arm-none-eabi/lib/thumb/v7e-m+fp/hard/libc_nano.a(libc_a-wbuf.o)
                              /usr/lib/gcc/arm-none-eabi/16.2.0/../../../../arm-none-eabi/lib/thumb/v7e-m+fp/hard/libc_nano.a(libc_a-puts.o) (__swbuf_r)
/usr/lib/gcc/arm-none-eabi/16.2.0/../../../../arm-none-eabi/lib/thumb/v7e-m+fp/hard/libc_nano.a(libc_a-wsetup.o)
                              /usr/lib/gcc/arm-none-eabi/16.2.0/../../../../arm-none-eabi/lib/thumb/v7e-m+fp/hard/libc_nano.a(libc_a-puts.o) (__swsetup_r)
/usr/lib/gcc/arm-none-eabi/16.2.0/../../../../arm-none-eabi/lib/thumb/v7e-m+fp/hard/libc_nano.a(libc_a-memset.o)
                              /usr/lib/gcc/arm-none-eabi/16.2.0/../../../../arm-none-eabi/lib/thumb/v7e-m+fp/hard/crt0.o (memset)
/usr/lib/gcc/arm-none-eabi/16.2.0/../../../../arm-none-eabi/lib/thumb/v7e-m+fp/hard/libc_nano.a(libc_a-localeconv.o)
                              /usr/lib/gcc/arm-none-eabi/16.2.0/../../../../arm-none-eabi/lib/thumb/v7e-m+fp/hard/libc_nano.a(libc_a-nano-vfprintf_float.o) (_localeconv_r)
/usr/lib/gcc/arm-none-eabi/16.2.0/../../../../arm-none-eabi/lib/thumb/v7e-m+fp/hard/libc_nano.a(libc_a-closer.o)
                              /usr/lib/gcc/arm-none-eabi/16.2.0/../../../../arm-none-eabi/lib/thumb/v7e-m+fp/hard/libc_nano.a(libc_a-stdio.o) (_close_r)
/usr/lib/gcc/arm-none-eabi/16.2.0/../../../../arm-none-eabi/lib/thumb/v7e-m+fp/hard/libc_nano.a(libc_a-reent.o)
                              /usr/lib/gcc/arm-none-eabi/16.2.0/../../../../arm-none-eabi/lib/thumb/v7e-m+fp/hard/libc_nano.a(libc_a-closer.o) (errno)
/usr/lib/gcc/arm-none-eabi/16.2.0/../../../../arm-none-eabi/lib/thumb/v7e-m+fp/hard/libc_nano.a(libc_a-impure.o)
                              /usr/lib/gcc/arm-none-eabi/16.2.0/../../../../arm-none-eabi/lib/thumb/v7e-m+fp/hard/libc_nano.a(libc_a-printf.o) (_impure_ptr)
/usr/lib/gcc/arm-none-eabi/16.2.0/../../../../arm-none-eabi/lib/thumb/v7e-m+fp/hard/libc_nano.a(libc_a-lseekr.o)
                              /usr/lib/gcc/arm-none-eabi/16.2.0/../../../../arm-none-eabi/lib/thumb/v7e-m+fp/hard/libc_nano.a(libc_a-stdio.o) (_lseek_r)
/usr/lib/gcc/arm-none-eabi/16.2.0/../../../../arm-none-eabi/lib/thumb/v7e-m+fp/hard/libc_nano.a(libc_a-readr.o)
                              /usr/lib/gcc/arm-none-eabi/16.2.0/../../../../arm-none-eabi/lib/thumb/v7e-m+fp/hard/libc_nano.a(libc_a-stdio.o) (_read_r)
/usr/lib/gcc/arm-none-eabi/16.2.0/../../../../arm-none-eabi/lib/thumb/v7e-m+fp/hard/libc_nano.a(libc_a-writer.o)
                              /usr/lib/gcc/arm-none-eabi/16.2.0/../../../../arm-none-eabi/lib/thumb/v7e-m+fp/hard/libc_nano.a(libc_a-stdio.o) (_write_r)
/usr/lib/gcc/arm-none-eabi/16.2.0/../../../../arm-none-eabi/lib/thumb/v7e-m+fp/hard/libc_nano.a(libc_a-errno.o)
                              build/sysmem.o (__errno)
[...]
Memory Configuration

Name             Origin             Length             Attributes
RAM              0x20000000         0x00020000         xrw
FLASH            0x08000000         0x00080000         xr
*default*        0x00000000         0xffffffff

Linker script and memory map

LOAD /usr/lib/gcc/arm-none-eabi/16.2.0/thumb/v7e-m+fp/hard/crti.o
LOAD /usr/lib/gcc/arm-none-eabi/16.2.0/thumb/v7e-m+fp/hard/crtbegin.o
LOAD /usr/lib/gcc/arm-none-eabi/16.2.0/../../../../arm-none-eabi/lib/thumb/v7e-m+fp/hard/crt0.o
LOAD build/main.o
LOAD build/lis2mdl.o
LOAD build/stm32f4xx_it.o
LOAD build/stm32f4xx_hal_msp.o
LOAD build/stm32f4xx_hal_spi.o
LOAD build/stm32f4xx_hal_rcc.o
LOAD build/stm32f4xx_hal_rcc_ex.o
LOAD build/stm32f4xx_hal_flash.o
LOAD build/stm32f4xx_hal_flash_ex.o
LOAD build/stm32f4xx_hal_flash_ramfunc.o
LOAD build/stm32f4xx_hal_gpio.o
LOAD build/stm32f4xx_hal_dma_ex.o
LOAD build/stm32f4xx_hal_dma.o
LOAD build/stm32f4xx_hal_pwr.o
LOAD build/stm32f4xx_hal_pwr_ex.o
LOAD build/stm32f4xx_hal_cortex.o
LOAD build/stm32f4xx_hal.o
LOAD build/stm32f4xx_hal_exti.o
LOAD build/stm32f4xx_hal_uart.o
LOAD build/system_stm32f4xx.o
LOAD build/sysmem.o
LOAD build/syscalls.o
LOAD build/startup_stm32f411xe.o
LOAD /usr/lib/gcc/arm-none-eabi/16.2.0/../../../../arm-none-eabi/lib/thumb/v7e-m+fp/hard/libc_nano.a
LOAD /usr/lib/gcc/arm-none-eabi/16.2.0/../../../../arm-none-eabi/lib/thumb/v7e-m+fp/hard/libm.a
LOAD /usr/lib/gcc/arm-none-eabi/16.2.0/../../../../arm-none-eabi/lib/thumb/v7e-m+fp/hard/libnosys.a
START GROUP
LOAD /usr/lib/gcc/arm-none-eabi/16.2.0/thumb/v7e-m+fp/hard/libgcc.a
LOAD /usr/lib/gcc/arm-none-eabi/16.2.0/../../../../arm-none-eabi/lib/thumb/v7e-m+fp/hard/libc_nano.a
END GROUP
START GROUP
LOAD /usr/lib/gcc/arm-none-eabi/16.2.0/thumb/v7e-m+fp/hard/libgcc.a
LOAD /usr/lib/gcc/arm-none-eabi/16.2.0/../../../../arm-none-eabi/lib/thumb/v7e-m+fp/hard/libc_nano.a
END GROUP
LOAD /usr/lib/gcc/arm-none-eabi/16.2.0/thumb/v7e-m+fp/hard/crtend.o
LOAD /usr/lib/gcc/arm-none-eabi/16.2.0/thumb/v7e-m+fp/hard/crtn.o
                0x20020000                        _estack = (ORIGIN (RAM) + LENGTH (RAM))
                0x2001fc00                        _sstack = (_estack - _Min_Stack_Size)
                0x00000200                        _Min_Heap_Size = 0x200
                0x00000400                        _Min_Stack_Size = 0x400

.isr_vector     0x08000000      0x198
                0x08000000                        . = ALIGN (0x4)
 *(.isr_vector)
 .isr_vector    0x08000000      0x198 build/startup_stm32f411xe.o
                0x08000000                g_pfnVectors
                0x08000198                        . = ALIGN (0x4)

.text           0x080001a0     0x5284
                0x080001a0                        . = ALIGN (0x4)
 *(.text)
 .text          0x080001a0       0xa0 /usr/lib/gcc/arm-none-eabi/16.2.0/../../../../arm-none-eabi/lib/thumb/v7e-m+fp/hard/libc_nano.a(libc_a-memchr.o)
                0x080001a0                memchr
 .text          0x08000240       0x10 /usr/lib/gcc/arm-none-eabi/16.2.0/../../../../arm-none-eabi/lib/thumb/v7e-m+fp/hard/libc_nano.a(libc_a-strlen.o)
                0x08000240                strlen
 .text          0x08000250      0x378 /usr/lib/gcc/arm-none-eabi/16.2.0/thumb/v7e-m+fp/hard/libgcc.a(_arm_addsubdf3.o)
                0x08000250                __aeabi_drsub
                0x08000258                __aeabi_dsub
                0x08000258                __subdf3
                0x0800025c                __adddf3
                0x0800025c                __aeabi_dadd
                0x080004d4                __aeabi_ui2d
                0x080004d4                __floatunsidf
                0x080004f4                __floatsidf
                0x080004f4                __aeabi_i2d
                0x08000518                __extendsfdf2
                0x08000518                __aeabi_f2d
                0x0800055c                __aeabi_ul2d
                0x0800055c                __floatundidf
                0x0800056c                __floatdidf
                0x0800056c                __aeabi_l2d
 .text          0x080005c8      0x424 /usr/lib/gcc/arm-none-eabi/16.2.0/thumb/v7e-m+fp/hard/libgcc.a(_arm_muldivdf3.o)
                0x080005c8                __aeabi_dmul
                0x080005c8                __muldf3
                0x0800081c                __aeabi_ddiv
                0x0800081c                __divdf3
 .text          0x080009ec      0x110 /usr/lib/gcc/arm-none-eabi/16.2.0/thumb/v7e-m+fp/hard/libgcc.a(_arm_cmpdf2.o)
                0x080009ec                __gtdf2
                0x080009ec                __gedf2
                0x080009f4                __ltdf2
                0x080009f4                __ledf2
                0x080009fc                __cmpdf2
                0x080009fc                __eqdf2
                0x080009fc                __nedf2
                0x08000a78                __aeabi_cdrcmple
                0x08000a88                __aeabi_cdcmple
                0x08000a88                __aeabi_cdcmpeq
                0x08000a98                __aeabi_dcmpeq
                0x08000aac                __aeabi_dcmplt
                0x08000ac0                __aeabi_dcmple
                0x08000ad4                __aeabi_dcmpge
                0x08000ae8                __aeabi_dcmpgt
 .text          0x08000afc       0x2c /usr/lib/gcc/arm-none-eabi/16.2.0/thumb/v7e-m+fp/hard/libgcc.a(_arm_unorddf2.o)
                0x08000afc                __aeabi_dcmpun
                0x08000afc                __unorddf2
 .text          0x08000b28       0x50 /usr/lib/gcc/arm-none-eabi/16.2.0/thumb/v7e-m+fp/hard/libgcc.a(_arm_fixdfsi.o)
                0x08000b28                __fixdfsi
                0x08000b28                __aeabi_d2iz
 .text          0x08000b78       0x30 /usr/lib/gcc/arm-none-eabi/16.2.0/thumb/v7e-m+fp/hard/libgcc.a(_aeabi_uldivmod.o)
                0x08000b78                __aeabi_uldivmod
 .text          0x08000ba8        0x4 /usr/lib/gcc/arm-none-eabi/16.2.0/thumb/v7e-m+fp/hard/libgcc.a(_dvmd_tls.o)
                0x08000ba8                __aeabi_ldiv0
                0x08000ba8                __aeabi_idiv0
 *(.text*)
 .text.__do_global_dtors_aux
                0x08000bac       0x24 /usr/lib/gcc/arm-none-eabi/16.2.0/thumb/v7e-m+fp/hard/crtbegin.o
 .text.frame_dummy
                0x08000bd0       0x1c /usr/lib/gcc/arm-none-eabi/16.2.0/thumb/v7e-m+fp/hard/crtbegin.o
 .text.MX_GPIO_Init
                0x08000bec       0xcc build/main.o
 .text._write   0x08000cb8       0x18 build/main.o
                0x08000cb8                _write
 .text.Error_Handler
                0x08000cd0        0x4 build/main.o
                0x08000cd0                Error_Handler
 .text.MX_SPI2_Init
                0x08000cd4       0x44 build/main.o
 .text.MX_USART2_UART_Init
                0x08000d18       0x34 build/main.o
 .text.SystemClock_Config
                0x08000d4c       0x9c build/main.o
                0x08000d4c                SystemClock_Config
 .text.main     0x08000de8       0x68 build/main.o
                0x08000de8                main
 .text.LIS2MDL_Read
                0x08000e50       0x60 build/lis2mdl.o
                0x08000e50                LIS2MDL_Read
 .text.LIS2MDL_Write
                0x08000eb0       0x50 build/lis2mdl.o
                0x08000eb0                LIS2MDL_Write
 .text.LIS2MDL_Init
                0x08000f00       0x74 build/lis2mdl.o
                0x08000f00                LIS2MDL_Init
 .text.LIS2MDL_Read_mgauss
                0x08000f74       0x5a build/lis2mdl.o
                0x08000f74                LIS2MDL_Read_mgauss
 .text.NMI_Handler
                0x08000fce        0x2 build/stm32f4xx_it.o
                0x08000fce                NMI_Handler
 .text.HardFault_Handler
                0x08000fd0        0x2 build/stm32f4xx_it.o
                0x08000fd0                HardFault_Handler
 .text.MemManage_Handler
                0x08000fd2        0x2 build/stm32f4xx_it.o
                0x08000fd2                MemManage_Handler
 .text.BusFault_Handler
                0x08000fd4        0x2 build/stm32f4xx_it.o
                0x08000fd4                BusFault_Handler
 .text.UsageFault_Handler
                0x08000fd6        0x2 build/stm32f4xx_it.o
                0x08000fd6                UsageFault_Handler
 .text.SVC_Handler
                0x08000fd8        0x2 build/stm32f4xx_it.o
                0x08000fd8                SVC_Handler
 .text.DebugMon_Handler
                0x08000fda        0x2 build/stm32f4xx_it.o
                0x08000fda                DebugMon_Handler
 .text.PendSV_Handler
                0x08000fdc        0x2 build/stm32f4xx_it.o
                0x08000fdc                PendSV_Handler
 .text.SysTick_Handler
                0x08000fde        0x8 build/stm32f4xx_it.o
                0x08000fde                SysTick_Handler
 *fill*         0x08000fe6        0x2 
 .text.HAL_MspInit
                0x08000fe8       0x40 build/stm32f4xx_hal_msp.o
                0x08000fe8                HAL_MspInit
 .text.HAL_SPI_MspInit
                0x08001028       0x9c build/stm32f4xx_hal_msp.o
                0x08001028                HAL_SPI_MspInit
 .text.HAL_UART_MspInit
                0x080010c4       0x6c build/stm32f4xx_hal_msp.o
                0x080010c4                HAL_UART_MspInit
 .text.SPI_WaitFlagStateUntilTimeout
                0x08001130       0xc8 build/stm32f4xx_hal_spi.o
 .text.SPI_EndRxTxTransaction
                0x080011f8       0x80 build/stm32f4xx_hal_spi.o
 .text.SPI_EndRxTransaction
                0x08001278       0x88 build/stm32f4xx_hal_spi.o
 .text.HAL_SPI_Init
                0x08001300       0xbe build/stm32f4xx_hal_spi.o
                0x08001300                HAL_SPI_Init
 .text.HAL_SPI_Transmit
                0x080013be      0x1a0 build/stm32f4xx_hal_spi.o
                0x080013be                HAL_SPI_Transmit
 .text.HAL_SPI_TransmitReceive
                0x0800155e      0x21c build/stm32f4xx_hal_spi.o
                0x0800155e                HAL_SPI_TransmitReceive
 .text.HAL_SPI_Receive
                0x0800177a      0x15c build/stm32f4xx_hal_spi.o
                0x0800177a                HAL_SPI_Receive
 *fill*         0x080018d6        0x2 
 .text.HAL_RCC_OscConfig
                0x080018d8      0x3cc build/stm32f4xx_hal_rcc.o
                0x080018d8                HAL_RCC_OscConfig
 .text.HAL_RCC_GetSysClockFreq
                0x08001ca4       0xdc build/stm32f4xx_hal_rcc.o
                0x08001ca4                HAL_RCC_GetSysClockFreq
 .text.HAL_RCC_ClockConfig
                0x08001d80      0x14c build/stm32f4xx_hal_rcc.o
                0x08001d80                HAL_RCC_ClockConfig
 .text.HAL_RCC_GetHCLKFreq
                0x08001ecc        0xc build/stm32f4xx_hal_rcc.o
                0x08001ecc                HAL_RCC_GetHCLKFreq
 .text.HAL_RCC_GetPCLK1Freq
                0x08001ed8       0x20 build/stm32f4xx_hal_rcc.o
                0x08001ed8                HAL_RCC_GetPCLK1Freq
 .text.HAL_RCC_GetPCLK2Freq
                0x08001ef8       0x20 build/stm32f4xx_hal_rcc.o
                0x08001ef8                HAL_RCC_GetPCLK2Freq
 .text.HAL_GPIO_Init
                0x08001f18      0x1e0 build/stm32f4xx_hal_gpio.o
                0x08001f18                HAL_GPIO_Init
 .text.HAL_GPIO_WritePin
                0x080020f8        0xc build/stm32f4xx_hal_gpio.o
                0x080020f8                HAL_GPIO_WritePin
 .text.__NVIC_SetPriority
                0x08002104       0x24 build/stm32f4xx_hal_cortex.o
 .text.NVIC_EncodePriority
                0x08002128       0x46 build/stm32f4xx_hal_cortex.o
 *fill*         0x0800216e        0x2 
 .text.HAL_NVIC_SetPriorityGrouping
                0x08002170       0x24 build/stm32f4xx_hal_cortex.o
                0x08002170                HAL_NVIC_SetPriorityGrouping
 .text.HAL_NVIC_SetPriority
                0x08002194       0x20 build/stm32f4xx_hal_cortex.o
                0x08002194                HAL_NVIC_SetPriority
 .text.HAL_SYSTICK_Config
                0x080021b4       0x28 build/stm32f4xx_hal_cortex.o
                0x080021b4                HAL_SYSTICK_Config
 .text.HAL_InitTick
                0x080021dc       0x48 build/stm32f4xx_hal.o
                0x080021dc                HAL_InitTick
 .text.HAL_Init
                0x08002224       0x34 build/stm32f4xx_hal.o
                0x08002224                HAL_Init
 .text.HAL_IncTick
                0x08002258       0x18 build/stm32f4xx_hal.o
                0x08002258                HAL_IncTick
 .text.HAL_GetTick
                0x08002270        0xc build/stm32f4xx_hal.o
                0x08002270                HAL_GetTick
 .text.HAL_Delay
                0x0800227c       0x28 build/stm32f4xx_hal.o
                0x0800227c                HAL_Delay
 .text.UART_EndRxTransfer
                0x080022a4       0x5c build/stm32f4xx_hal_uart.o
 .text.UART_SetConfig
                0x08002300      0x110 build/stm32f4xx_hal_uart.o
 .text.UART_WaitOnFlagUntilTimeout
                0x08002410       0x80 build/stm32f4xx_hal_uart.o
 .text.HAL_UART_Init
                0x08002490       0x60 build/stm32f4xx_hal_uart.o
                0x08002490                HAL_UART_Init
 .text.HAL_UART_Transmit
                0x080024f0       0xbe build/stm32f4xx_hal_uart.o
                0x080024f0                HAL_UART_Transmit
 *fill*         0x080025ae        0x2 
 .text.SystemInit
                0x080025b0       0x14 build/system_stm32f4xx.o
                0x080025b0                SystemInit
 .text._sbrk    0x080025c4       0x4c build/sysmem.o
                0x080025c4                _sbrk
 .text._getpid  0x08002610        0x4 build/syscalls.o
                0x08002610                _getpid
 .text._kill    0x08002614       0x10 build/syscalls.o
                0x08002614                _kill
 .text._exit    0x08002624        0xc build/syscalls.o
                0x08002624                _exit
 .text._read    0x08002630       0x20 build/syscalls.o
                0x08002630                _read
 .text._close   0x08002650        0x6 build/syscalls.o
                0x08002650                _close
 .text._fstat   0x08002656        0xa build/syscalls.o
                0x08002656                _fstat
 .text._isatty  0x08002660        0x4 build/syscalls.o
                0x08002660                _isatty
 .text._lseek   0x08002664        0x4 build/syscalls.o
                0x08002664                _lseek
 .text.Reset_Handler
                0x08002668       0x50 build/startup_stm32f411xe.o
                0x08002668                Reset_Handler
 .text.Default_Handler
                0x080026b8        0x2 build/startup_stm32f411xe.o
                0x080026b8                RTC_Alarm_IRQHandler
                0x080026b8                EXTI2_IRQHandler
                0x080026b8                SPI4_IRQHandler
                0x080026b8                TIM1_CC_IRQHandler
                0x080026b8                DMA2_Stream5_IRQHandler
                0x080026b8                DMA1_Stream5_IRQHandler
                0x080026b8                PVD_IRQHandler
                0x080026b8                SDIO_IRQHandler
                0x080026b8                TAMP_STAMP_IRQHandler
                0x080026b8                EXTI3_IRQHandler
                0x080026b8                TIM1_UP_TIM10_IRQHandler
                0x080026b8                I2C3_ER_IRQHandler
                0x080026b8                EXTI0_IRQHandler
                0x080026b8                I2C2_EV_IRQHandler
                0x080026b8                DMA1_Stream2_IRQHandler
                0x080026b8                FPU_IRQHandler
                0x080026b8                DMA2_Stream2_IRQHandler
                0x080026b8                SPI1_IRQHandler
                0x080026b8                TIM1_BRK_TIM9_IRQHandler
                0x080026b8                DMA2_Stream3_IRQHandler
                0x080026b8                USART6_IRQHandler
                0x080026b8                DMA2_Stream0_IRQHandler
                0x080026b8                TIM4_IRQHandler
                0x080026b8                I2C1_EV_IRQHandler
                0x080026b8                DMA1_Stream6_IRQHandler
                0x080026b8                DMA1_Stream1_IRQHandler
                0x080026b8                TIM3_IRQHandler
                0x080026b8                RCC_IRQHandler
                0x080026b8                Default_Handler
                0x080026b8                EXTI15_10_IRQHandler
                0x080026b8                ADC_IRQHandler
                0x080026b8                DMA1_Stream7_IRQHandler
                0x080026b8                SPI5_IRQHandler
                0x080026b8                TIM5_IRQHandler
                0x080026b8                DMA2_Stream7_IRQHandler
                0x080026b8                I2C3_EV_IRQHandler
                0x080026b8                EXTI9_5_IRQHandler
                0x080026b8                RTC_WKUP_IRQHandler
                0x080026b8                SPI2_IRQHandler
                0x080026b8                DMA1_Stream0_IRQHandler
                0x080026b8                EXTI4_IRQHandler
                0x080026b8                WWDG_IRQHandler
                0x080026b8                TIM2_IRQHandler
                0x080026b8                OTG_FS_WKUP_IRQHandler
                0x080026b8                TIM1_TRG_COM_TIM11_IRQHandler
                0x080026b8                EXTI1_IRQHandler
                0x080026b8                USART2_IRQHandler
                0x080026b8                I2C2_ER_IRQHandler
                0x080026b8                DMA2_Stream1_IRQHandler
                0x080026b8                FLASH_IRQHandler
                0x080026b8                DMA2_Stream4_IRQHandler
                0x080026b8                USART1_IRQHandler
                0x080026b8                OTG_FS_IRQHandler
                0x080026b8                SPI3_IRQHandler
                0x080026b8                DMA1_Stream4_IRQHandler
                0x080026b8                I2C1_ER_IRQHandler
                0x080026b8                DMA2_Stream6_IRQHandler
                0x080026b8                DMA1_Stream3_IRQHandler
 .text.__cvt    0x080026ba       0xc8 /usr/lib/gcc/arm-none-eabi/16.2.0/../../../../arm-none-eabi/lib/thumb/v7e-m+fp/hard/libc_nano.a(libc_a-nano-vfprintf_float.o)
                0x080026ba                __cvt
 .text.__exponent
                0x08002782       0x76 /usr/lib/gcc/arm-none-eabi/16.2.0/../../../../arm-none-eabi/lib/thumb/v7e-m+fp/hard/libc_nano.a(libc_a-nano-vfprintf_float.o)
                0x08002782                __exponent
 .text._printf_float
                0x080027f8      0x444 /usr/lib/gcc/arm-none-eabi/16.2.0/../../../../arm-none-eabi/lib/thumb/v7e-m+fp/hard/libc_nano.a(libc_a-nano-vfprintf_float.o)
                0x080027f8                _printf_float
 .text._printf_common
                0x08002c3c       0xd4 /usr/lib/gcc/arm-none-eabi/16.2.0/../../../../arm-none-eabi/lib/thumb/v7e-m+fp/hard/libc_nano.a(libc_a-nano-vfprintf_i.o)
                0x08002c3c                _printf_common
 .text._printf_i
                0x08002d10      0x258 /usr/lib/gcc/arm-none-eabi/16.2.0/../../../../arm-none-eabi/lib/thumb/v7e-m+fp/hard/libc_nano.a(libc_a-nano-vfprintf_i.o)
                0x08002d10                _printf_i
 .text.std      0x08002f68       0x6c /usr/lib/gcc/arm-none-eabi/16.2.0/../../../../arm-none-eabi/lib/thumb/v7e-m+fp/hard/libc_nano.a(libc_a-findfp.o)
 .text.stdio_exit_handler
                0x08002fd4       0x18 /usr/lib/gcc/arm-none-eabi/16.2.0/../../../../arm-none-eabi/lib/thumb/v7e-m+fp/hard/libc_nano.a(libc_a-findfp.o)
 .text.cleanup_stdio
                0x08002fec       0x40 /usr/lib/gcc/arm-none-eabi/16.2.0/../../../../arm-none-eabi/lib/thumb/v7e-m+fp/hard/libc_nano.a(libc_a-findfp.o)
 .text.global_stdio_init.part.0
                0x0800302c       0x40 /usr/lib/gcc/arm-none-eabi/16.2.0/../../../../arm-none-eabi/lib/thumb/v7e-m+fp/hard/libc_nano.a(libc_a-findfp.o)
 .text.__sfp_lock_acquire
                0x0800306c        0xc /usr/lib/gcc/arm-none-eabi/16.2.0/../../../../arm-none-eabi/lib/thumb/v7e-m+fp/hard/libc_nano.a(libc_a-findfp.o)
                0x0800306c                __sfp_lock_acquire
 .text.__sfp_lock_release
                0x08003078        0xc /usr/lib/gcc/arm-none-eabi/16.2.0/../../../../arm-none-eabi/lib/thumb/v7e-m+fp/hard/libc_nano.a(libc_a-findfp.o)
                0x08003078                __sfp_lock_release
 .text.__sinit  0x08003084       0x30 /usr/lib/gcc/arm-none-eabi/16.2.0/../../../../arm-none-eabi/lib/thumb/v7e-m+fp/hard/libc_nano.a(libc_a-findfp.o)
                0x08003084                __sinit
 .text._fwalk_sglue
                0x080030b4       0x3a /usr/lib/gcc/arm-none-eabi/16.2.0/../../../../arm-none-eabi/lib/thumb/v7e-m+fp/hard/libc_nano.a(libc_a-fwalk.o)
                0x080030b4                _fwalk_sglue
 *fill*         0x080030ee        0x2 
 .text.printf   0x080030f0       0x24 /usr/lib/gcc/arm-none-eabi/16.2.0/../../../../arm-none-eabi/lib/thumb/v7e-m+fp/hard/libc_nano.a(libc_a-printf.o)
                0x080030f0                printf
                0x080030f0                iprintf
 .text._puts_r  0x08003114       0xb0 /usr/lib/gcc/arm-none-eabi/16.2.0/../../../../arm-none-eabi/lib/thumb/v7e-m+fp/hard/libc_nano.a(libc_a-puts.o)
                0x08003114                _puts_r
 .text.puts     0x080031c4       0x10 /usr/lib/gcc/arm-none-eabi/16.2.0/../../../../arm-none-eabi/lib/thumb/v7e-m+fp/hard/libc_nano.a(libc_a-puts.o)
                0x080031c4                puts
 .text.__sread  0x080031d4       0x22 /usr/lib/gcc/arm-none-eabi/16.2.0/../../../../arm-none-eabi/lib/thumb/v7e-m+fp/hard/libc_nano.a(libc_a-stdio.o)
                0x080031d4                __sread
 .text.__swrite
                0x080031f6       0x38 /usr/lib/gcc/arm-none-eabi/16.2.0/../../../../arm-none-eabi/lib/thumb/v7e-m+fp/hard/libc_nano.a(libc_a-stdio.o)
                0x080031f6                __swrite
 .text.__sseek  0x0800322e       0x26 /usr/lib/gcc/arm-none-eabi/16.2.0/../../../../arm-none-eabi/lib/thumb/v7e-m+fp/hard/libc_nano.a(libc_a-stdio.o)
                0x0800322e                __sseek
 .text.__sclose
                0x08003254        0x8 /usr/lib/gcc/arm-none-eabi/16.2.0/../../../../arm-none-eabi/lib/thumb/v7e-m+fp/hard/libc_nano.a(libc_a-stdio.o)
                0x08003254                __sclose
 .text.__swbuf_r
                0x0800325c       0x7e /usr/lib/gcc/arm-none-eabi/16.2.0/../../../../arm-none-eabi/lib/thumb/v7e-m+fp/hard/libc_nano.a(libc_a-wbuf.o)
                0x0800325c                __swbuf_r
 *fill*         0x080032da        0x2 
 .text.__swsetup_r
                0x080032dc       0xa8 /usr/lib/gcc/arm-none-eabi/16.2.0/../../../../arm-none-eabi/lib/thumb/v7e-m+fp/hard/libc_nano.a(libc_a-wsetup.o)
                0x080032dc                __swsetup_r
 .text.memset   0x08003384       0x10 /usr/lib/gcc/arm-none-eabi/16.2.0/../../../../arm-none-eabi/lib/thumb/v7e-m+fp/hard/libc_nano.a(libc_a-memset.o)
                0x08003384                memset
 .text._localeconv_r
                0x08003394        0x8 /usr/lib/gcc/arm-none-eabi/16.2.0/../../../../arm-none-eabi/lib/thumb/v7e-m+fp/hard/libc_nano.a(libc_a-localeconv.o)
                0x08003394                _localeconv_r
 .text._close_r
                0x0800339c       0x20 /usr/lib/gcc/arm-none-eabi/16.2.0/../../../../arm-none-eabi/lib/thumb/v7e-m+fp/hard/libc_nano.a(libc_a-closer.o)
                0x0800339c                _close_r
 .text._lseek_r
                0x080033bc       0x24 /usr/lib/gcc/arm-none-eabi/16.2.0/../../../../arm-none-eabi/lib/thumb/v7e-m+fp/hard/libc_nano.a(libc_a-lseekr.o)
                0x080033bc                _lseek_r
 .text._read_r  0x080033e0       0x24 /usr/lib/gcc/arm-none-eabi/16.2.0/../../../../arm-none-eabi/lib/thumb/v7e-m+fp/hard/libc_nano.a(libc_a-readr.o)
                0x080033e0                _read_r
 .text._write_r
                0x08003404       0x24 /usr/lib/gcc/arm-none-eabi/16.2.0/../../../../arm-none-eabi/lib/thumb/v7e-m+fp/hard/libc_nano.a(libc_a-writer.o)
                0x08003404                _write_r
 .text.__errno  0x08003428        0xc /usr/lib/gcc/arm-none-eabi/16.2.0/../../../../arm-none-eabi/lib/thumb/v7e-m+fp/hard/libc_nano.a(libc_a-errno.o)
                0x08003428                __errno
 .text.__libc_init_array
                0x08003434       0x48 /usr/lib/gcc/arm-none-eabi/16.2.0/../../../../arm-none-eabi/lib/thumb/v7e-m+fp/hard/libc_nano.a(libc_a-init.o)
                0x08003434                __libc_init_array
 .text.__retarget_lock_init_recursive
                0x0800347c        0x2 /usr/lib/gcc/arm-none-eabi/16.2.0/../../../../arm-none-eabi/lib/thumb/v7e-m+fp/hard/libc_nano.a(libc_a-lock.o)
                0x0800347c                __retarget_lock_init_recursive
 .text.__retarget_lock_acquire_recursive
                0x0800347e        0x2 /usr/lib/gcc/arm-none-eabi/16.2.0/../../../../arm-none-eabi/lib/thumb/v7e-m+fp/hard/libc_nano.a(libc_a-lock.o)
                0x0800347e                __retarget_lock_acquire_recursive
 .text.__retarget_lock_release_recursive
                0x08003480        0x2 /usr/lib/gcc/arm-none-eabi/16.2.0/../../../../arm-none-eabi/lib/thumb/v7e-m+fp/hard/libc_nano.a(libc_a-lock.o)
                0x08003480                __retarget_lock_release_recursive
 .text.quorem   0x08003482      0x110 /usr/lib/gcc/arm-none-eabi/16.2.0/../../../../arm-none-eabi/lib/thumb/v7e-m+fp/hard/libc_nano.a(libc_a-dtoa.o)
 *fill*         0x08003592        0x6 
 .text._dtoa_r  0x08003598      0xbc8 /usr/lib/gcc/arm-none-eabi/16.2.0/../../../../arm-none-eabi/lib/thumb/v7e-m+fp/hard/libc_nano.a(libc_a-dtoa.o)
                0x08003598                _dtoa_r
 .text._free_r  0x08004160       0x98 /usr/lib/gcc/arm-none-eabi/16.2.0/../../../../arm-none-eabi/lib/thumb/v7e-m+fp/hard/libc_nano.a(libc_a-freer.o)
                0x08004160                _free_r
 .text.malloc   0x080041f8       0x10 /usr/lib/gcc/arm-none-eabi/16.2.0/../../../../arm-none-eabi/lib/thumb/v7e-m+fp/hard/libc_nano.a(libc_a-malloc.o)
                0x080041f8                malloc
 .text.sbrk_aligned
                0x08004208       0x44 /usr/lib/gcc/arm-none-eabi/16.2.0/../../../../arm-none-eabi/lib/thumb/v7e-m+fp/hard/libc_nano.a(libc_a-mallocr.o)
 .text._malloc_r
                0x0800424c      0x100 /usr/lib/gcc/arm-none-eabi/16.2.0/../../../../arm-none-eabi/lib/thumb/v7e-m+fp/hard/libc_nano.a(libc_a-mallocr.o)
                0x0800424c                _malloc_r
 .text.__malloc_lock
                0x0800434c        0xc /usr/lib/gcc/arm-none-eabi/16.2.0/../../../../arm-none-eabi/lib/thumb/v7e-m+fp/hard/libc_nano.a(libc_a-mlock.o)
                0x0800434c                __malloc_lock
 .text.__malloc_unlock
                0x08004358        0xc /usr/lib/gcc/arm-none-eabi/16.2.0/../../../../arm-none-eabi/lib/thumb/v7e-m+fp/hard/libc_nano.a(libc_a-mlock.o)
                0x08004358                __malloc_unlock
 .text._Balloc  0x08004364       0x7c /usr/lib/gcc/arm-none-eabi/16.2.0/../../../../arm-none-eabi/lib/thumb/v7e-m+fp/hard/libc_nano.a(libc_a-mprec.o)
                0x08004364                _Balloc
 .text._Bfree   0x080043e0       0x44 /usr/lib/gcc/arm-none-eabi/16.2.0/../../../../arm-none-eabi/lib/thumb/v7e-m+fp/hard/libc_nano.a(libc_a-mprec.o)
                0x080043e0                _Bfree
 .text.__multadd
                0x08004424       0x8c /usr/lib/gcc/arm-none-eabi/16.2.0/../../../../arm-none-eabi/lib/thumb/v7e-m+fp/hard/libc_nano.a(libc_a-mprec.o)
                0x08004424                __multadd
 .text.__hi0bits
                0x080044b0       0x5a /usr/lib/gcc/arm-none-eabi/16.2.0/../../../../arm-none-eabi/lib/thumb/v7e-m+fp/hard/libc_nano.a(libc_a-mprec.o)
                0x080044b0                __hi0bits
 .text.__lo0bits
                0x0800450a       0x82 /usr/lib/gcc/arm-none-eabi/16.2.0/../../../../arm-none-eabi/lib/thumb/v7e-m+fp/hard/libc_nano.a(libc_a-mprec.o)
                0x0800450a                __lo0bits
 .text.__i2b    0x0800458c       0x2c /usr/lib/gcc/arm-none-eabi/16.2.0/../../../../arm-none-eabi/lib/thumb/v7e-m+fp/hard/libc_nano.a(libc_a-mprec.o)
                0x0800458c                __i2b
 .text.__multiply
                0x080045b8      0x178 /usr/lib/gcc/arm-none-eabi/16.2.0/../../../../arm-none-eabi/lib/thumb/v7e-m+fp/hard/libc_nano.a(libc_a-mprec.o)
                0x080045b8                __multiply
 .text.__pow5mult
                0x08004730       0xb8 /usr/lib/gcc/arm-none-eabi/16.2.0/../../../../arm-none-eabi/lib/thumb/v7e-m+fp/hard/libc_nano.a(libc_a-mprec.o)
                0x08004730                __pow5mult
 .text.__lshift
                0x080047e8       0xe0 /usr/lib/gcc/arm-none-eabi/16.2.0/../../../../arm-none-eabi/lib/thumb/v7e-m+fp/hard/libc_nano.a(libc_a-mprec.o)
                0x080047e8                __lshift
 .text.__mcmp   0x080048c8       0x36 /usr/lib/gcc/arm-none-eabi/16.2.0/../../../../arm-none-eabi/lib/thumb/v7e-m+fp/hard/libc_nano.a(libc_a-mprec.o)
                0x080048c8                __mcmp
 *fill*         0x080048fe        0x2 
 .text.__mdiff  0x08004900      0x130 /usr/lib/gcc/arm-none-eabi/16.2.0/../../../../arm-none-eabi/lib/thumb/v7e-m+fp/hard/libc_nano.a(libc_a-mprec.o)
                0x08004900                __mdiff
 .text.__d2b    0x08004a30       0xb0 /usr/lib/gcc/arm-none-eabi/16.2.0/../../../../arm-none-eabi/lib/thumb/v7e-m+fp/hard/libc_nano.a(libc_a-mprec.o)
                0x08004a30                __d2b
 .text.__sfputc_r
                0x08004ae0       0x28 /usr/lib/gcc/arm-none-eabi/16.2.0/../../../../arm-none-eabi/lib/thumb/v7e-m+fp/hard/libc_nano.a(libc_a-nano-vfprintf.o)
 .text.__sfputs_r
                0x08004b08       0x24 /usr/lib/gcc/arm-none-eabi/16.2.0/../../../../arm-none-eabi/lib/thumb/v7e-m+fp/hard/libc_nano.a(libc_a-nano-vfprintf.o)
                0x08004b08                __sfputs_r
 .text._vfprintf_r
                0x08004b2c      0x22c /usr/lib/gcc/arm-none-eabi/16.2.0/../../../../arm-none-eabi/lib/thumb/v7e-m+fp/hard/libc_nano.a(libc_a-nano-vfprintf.o)
                0x08004b2c                _vfiprintf_r
                0x08004b2c                _vfprintf_r
 .text.__sflush_r
                0x08004d58      0x10c /usr/lib/gcc/arm-none-eabi/16.2.0/../../../../arm-none-eabi/lib/thumb/v7e-m+fp/hard/libc_nano.a(libc_a-fflush.o)
                0x08004d58                __sflush_r
 .text._fflush_r
                0x08004e64       0x50 /usr/lib/gcc/arm-none-eabi/16.2.0/../../../../arm-none-eabi/lib/thumb/v7e-m+fp/hard/libc_nano.a(libc_a-fflush.o)
                0x08004e64                _fflush_r
 .text.__swhatbuf_r
                0x08004eb4       0x4c /usr/lib/gcc/arm-none-eabi/16.2.0/../../../../arm-none-eabi/lib/thumb/v7e-m+fp/hard/libc_nano.a(libc_a-makebuf.o)
                0x08004eb4                __swhatbuf_r
 .text.__smakebuf_r
                0x08004f00       0x72 /usr/lib/gcc/arm-none-eabi/16.2.0/../../../../arm-none-eabi/lib/thumb/v7e-m+fp/hard/libc_nano.a(libc_a-makebuf.o)
                0x08004f00                __smakebuf_r
 *fill*         0x08004f72        0x2 
 .text._fstat_r
                0x08004f74       0x24 /usr/lib/gcc/arm-none-eabi/16.2.0/../../../../arm-none-eabi/lib/thumb/v7e-m+fp/hard/libc_nano.a(libc_a-fstatr.o)
                0x08004f74                _fstat_r
 .text._isatty_r
                0x08004f98       0x20 /usr/lib/gcc/arm-none-eabi/16.2.0/../../../../arm-none-eabi/lib/thumb/v7e-m+fp/hard/libc_nano.a(libc_a-isattyr.o)
                0x08004f98                _isatty_r
 .text._sbrk_r  0x08004fb8       0x20 /usr/lib/gcc/arm-none-eabi/16.2.0/../../../../arm-none-eabi/lib/thumb/v7e-m+fp/hard/libc_nano.a(libc_a-sbrkr.o)
                0x08004fb8                _sbrk_r
 .text.memcpy   0x08004fd8       0x1c /usr/lib/gcc/arm-none-eabi/16.2.0/../../../../arm-none-eabi/lib/thumb/v7e-m+fp/hard/libc_nano.a(libc_a-memcpy-stub.o)
                0x08004fd8                memcpy
 .text.__assert_func
                0x08004ff4       0x3c /usr/lib/gcc/arm-none-eabi/16.2.0/../../../../arm-none-eabi/lib/thumb/v7e-m+fp/hard/libc_nano.a(libc_a-assert.o)
                0x08004ff4                __assert_func
 .text._calloc_r
                0x08005030       0x28 /usr/lib/gcc/arm-none-eabi/16.2.0/../../../../arm-none-eabi/lib/thumb/v7e-m+fp/hard/libc_nano.a(libc_a-callocr.o)
                0x08005030                _calloc_r
 .text.__ascii_mbtowc
                0x08005058       0x24 /usr/lib/gcc/arm-none-eabi/16.2.0/../../../../arm-none-eabi/lib/thumb/v7e-m+fp/hard/libc_nano.a(libc_a-mbtowc_r.o)
                0x08005058                __ascii_mbtowc
 .text.__ascii_wctomb
                0x0800507c       0x1a /usr/lib/gcc/arm-none-eabi/16.2.0/../../../../arm-none-eabi/lib/thumb/v7e-m+fp/hard/libc_nano.a(libc_a-wctomb_r.o)
                0x0800507c                __ascii_wctomb
 *fill*         0x08005096        0x2 
 .text.fprintf  0x08005098       0x24 /usr/lib/gcc/arm-none-eabi/16.2.0/../../../../arm-none-eabi/lib/thumb/v7e-m+fp/hard/libc_nano.a(libc_a-fprintf.o)
                0x08005098                fprintf
                0x08005098                fiprintf
 .text.abort    0x080050bc        0xe /usr/lib/gcc/arm-none-eabi/16.2.0/../../../../arm-none-eabi/lib/thumb/v7e-m+fp/hard/libc_nano.a(libc_a-abort.o)
                0x080050bc                abort
 .text._raise_r
                0x080050ca       0x52 /usr/lib/gcc/arm-none-eabi/16.2.0/../../../../arm-none-eabi/lib/thumb/v7e-m+fp/hard/libc_nano.a(libc_a-signal.o)
                0x080050ca                _raise_r
 .text.raise    0x0800511c       0x10 /usr/lib/gcc/arm-none-eabi/16.2.0/../../../../arm-none-eabi/lib/thumb/v7e-m+fp/hard/libc_nano.a(libc_a-signal.o)
                0x0800511c                raise
 .text._kill_r  0x0800512c       0x24 /usr/lib/gcc/arm-none-eabi/16.2.0/../../../../arm-none-eabi/lib/thumb/v7e-m+fp/hard/libc_nano.a(libc_a-signalr.o)
                0x0800512c                _kill_r
 .text._getpid_r
                0x08005150        0x4 /usr/lib/gcc/arm-none-eabi/16.2.0/../../../../arm-none-eabi/lib/thumb/v7e-m+fp/hard/libc_nano.a(libc_a-signalr.o)
                0x08005150                _getpid_r
 .text.__udivmoddi4
                0x08005154      0x2b8 /usr/lib/gcc/arm-none-eabi/16.2.0/thumb/v7e-m+fp/hard/libgcc.a(_udivmoddi4.o)
                0x08005154                __udivmoddi4
 *(.glue_7)
 .glue_7        0x0800540c        0x0 linker stubs
 *(.glue_7t)
 .glue_7t       0x0800540c        0x0 linker stubs
 *(.eh_frame)
 .eh_frame      0x0800540c        0x0 /usr/lib/gcc/arm-none-eabi/16.2.0/thumb/v7e-m+fp/hard/crtbegin.o
 *(.init)
 .init          0x0800540c        0x4 /usr/lib/gcc/arm-none-eabi/16.2.0/thumb/v7e-m+fp/hard/crti.o
                0x0800540c                _init
 .init          0x08005410        0x8 /usr/lib/gcc/arm-none-eabi/16.2.0/thumb/v7e-m+fp/hard/crtn.o
 *(.fini)
 .fini          0x08005418        0x4 /usr/lib/gcc/arm-none-eabi/16.2.0/thumb/v7e-m+fp/hard/crti.o
                0x08005418                _fini
 .fini          0x0800541c        0x8 /usr/lib/gcc/arm-none-eabi/16.2.0/thumb/v7e-m+fp/hard/crtn.o
                0x08005424                        . = ALIGN (0x4)
                0x08005424                        _etext = .

.vfp11_veneer   0x08005424        0x0
 .vfp11_veneer  0x08005424        0x0 linker stubs

.v4_bx          0x08005424        0x0
 .v4_bx         0x08005424        0x0 linker stubs

.iplt           0x08005424        0x0
 .iplt          0x08005424        0x0 /usr/lib/gcc/arm-none-eabi/16.2.0/thumb/v7e-m+fp/hard/crtbegin.o

.rodata         0x08005428      0x3bc
                0x08005428                        . = ALIGN (0x4)
 *(.rodata)
 *(.rodata*)
 .rodata.main.str1.4
                0x08005428       0x56 build/main.o
                                 0x13 (size before relaxing)
 .rodata.LIS2MDL_Read.str1.4
                0x0800547e        0x0 build/lis2mdl.o
                                 0x11 (size before relaxing)
 .rodata.LIS2MDL_Init.str1.4
                0x0800547e        0x0 build/lis2mdl.o
                                 0x2e (size before relaxing)
 *fill*         0x0800547e        0x2 
 .rodata.APBPrescTable
                0x08005480        0x8 build/system_stm32f4xx.o
                0x08005480                APBPrescTable
 .rodata.AHBPrescTable
                0x08005488       0x10 build/system_stm32f4xx.o
                0x08005488                AHBPrescTable
 .rodata._printf_float.str1.1
                0x08005498      0x145 /usr/lib/gcc/arm-none-eabi/16.2.0/../../../../arm-none-eabi/lib/thumb/v7e-m+fp/hard/libc_nano.a(libc_a-nano-vfprintf_float.o)
                                 0x12 (size before relaxing)
 .rodata._printf_i.str1.1
                0x080055dd        0x0 /usr/lib/gcc/arm-none-eabi/16.2.0/../../../../arm-none-eabi/lib/thumb/v7e-m+fp/hard/libc_nano.a(libc_a-nano-vfprintf_i.o)
                                 0x22 (size before relaxing)
 .rodata._dtoa_r.str1.1
                0x080055dd        0x0 /usr/lib/gcc/arm-none-eabi/16.2.0/../../../../arm-none-eabi/lib/thumb/v7e-m+fp/hard/libc_nano.a(libc_a-dtoa.o)
                                 0x79 (size before relaxing)
 .rodata._Balloc.str1.1
                0x080055dd        0x0 /usr/lib/gcc/arm-none-eabi/16.2.0/../../../../arm-none-eabi/lib/thumb/v7e-m+fp/hard/libc_nano.a(libc_a-mprec.o)
                                 0x5a (size before relaxing)
 .rodata.__multadd.str1.1
                0x080055dd        0x0 /usr/lib/gcc/arm-none-eabi/16.2.0/../../../../arm-none-eabi/lib/thumb/v7e-m+fp/hard/libc_nano.a(libc_a-mprec.o)
                                 0x11 (size before relaxing)
 *fill*         0x080055dd        0x3 
 .rodata.p05.0  0x080055e0        0xc /usr/lib/gcc/arm-none-eabi/16.2.0/../../../../arm-none-eabi/lib/thumb/v7e-m+fp/hard/libc_nano.a(libc_a-mprec.o)
 *fill*         0x080055ec        0x4 
 .rodata.__mprec_bigtens
                0x080055f0       0x28 /usr/lib/gcc/arm-none-eabi/16.2.0/../../../../arm-none-eabi/lib/thumb/v7e-m+fp/hard/libc_nano.a(libc_a-mprec.o)
                0x080055f0                __mprec_bigtens
 .rodata.__mprec_tens
                0x08005618       0xc8 /usr/lib/gcc/arm-none-eabi/16.2.0/../../../../arm-none-eabi/lib/thumb/v7e-m+fp/hard/libc_nano.a(libc_a-mprec.o)
                0x08005618                __mprec_tens
 .rodata._vfprintf_r.str1.1
                0x080056e0        0x0 /usr/lib/gcc/arm-none-eabi/16.2.0/../../../../arm-none-eabi/lib/thumb/v7e-m+fp/hard/libc_nano.a(libc_a-nano-vfprintf.o)
                                 0x11 (size before relaxing)
 .rodata._setlocale_r.str1.1
                0x080056e0        0x0 /usr/lib/gcc/arm-none-eabi/16.2.0/../../../../arm-none-eabi/lib/thumb/v7e-m+fp/hard/libc_nano.a(libc_a-locale.o)
                                  0x9 (size before relaxing)
 .rodata.str1.1
                0x080056e0        0x0 /usr/lib/gcc/arm-none-eabi/16.2.0/../../../../arm-none-eabi/lib/thumb/v7e-m+fp/hard/libc_nano.a(libc_a-locale.o)
                                  0x2 (size before relaxing)
 .rodata.__assert_func.str1.1
                0x080056e0        0x0 /usr/lib/gcc/arm-none-eabi/16.2.0/../../../../arm-none-eabi/lib/thumb/v7e-m+fp/hard/libc_nano.a(libc_a-assert.o)
                                 0x3d (size before relaxing)
 .rodata._ctype_
                0x080056e0      0x101 /usr/lib/gcc/arm-none-eabi/16.2.0/../../../../arm-none-eabi/lib/thumb/v7e-m+fp/hard/libc_nano.a(libc_a-ctype_.o)
                0x080056e0                _ctype_
                0x080057e4                        . = ALIGN (0x4)
 *fill*         0x080057e1        0x3 

.ARM.extab      0x080057e4        0x0
                0x080057e4                        . = ALIGN (0x4)
 *(.ARM.extab* .gnu.linkonce.armextab.*)
                0x080057e4                        . = ALIGN (0x4)

.ARM            0x080057e4        0x8
                0x080057e4                        . = ALIGN (0x4)
                0x080057e4                        __exidx_start = .
 *(.ARM.exidx*)
 .ARM.exidx     0x080057e4        0x8 /usr/lib/gcc/arm-none-eabi/16.2.0/../../../../arm-none-eabi/lib/thumb/v7e-m+fp/hard/libc_nano.a(libc_a-memchr.o)
 .ARM.exidx     0x080057ec        0x0 /usr/lib/gcc/arm-none-eabi/16.2.0/../../../../arm-none-eabi/lib/thumb/v7e-m+fp/hard/libc_nano.a(libc_a-strlen.o)
                                  0x8 (size before relaxing)
 .ARM.exidx.text.__udivmoddi4
                0x080057ec        0x0 /usr/lib/gcc/arm-none-eabi/16.2.0/thumb/v7e-m+fp/hard/libgcc.a(_udivmoddi4.o)
                                  0x8 (size before relaxing)
                0x080057ec                        __exidx_end = .
                0x080057ec                        . = ALIGN (0x4)

.preinit_array  0x080057ec        0x0
                0x080057ec                        . = ALIGN (0x4)
                0x080057ec                        PROVIDE (__preinit_array_start = .)
 *(.preinit_array*)
                0x080057ec                        PROVIDE (__preinit_array_end = .)
                0x080057ec                        . = ALIGN (0x4)

.init_array     0x080057ec        0x4
                0x080057ec                        . = ALIGN (0x4)
                0x080057ec                        PROVIDE (__init_array_start = .)
 *(SORT_BY_NAME(.init_array.*))
 *(.init_array*)
 .init_array    0x080057ec        0x4 /usr/lib/gcc/arm-none-eabi/16.2.0/thumb/v7e-m+fp/hard/crtbegin.o
                0x080057f0                        PROVIDE (__init_array_end = .)
                0x080057f0                        . = ALIGN (0x4)

.fini_array     0x080057f0        0x4
                0x080057f0                        . = ALIGN (0x4)
                0x080057f0                        PROVIDE (__fini_array_start = .)
 *(SORT_BY_NAME(.fini_array.*))
 *(.fini_array*)
 .fini_array    0x080057f0        0x4 /usr/lib/gcc/arm-none-eabi/16.2.0/thumb/v7e-m+fp/hard/crtbegin.o
                0x080057f4                        PROVIDE (__fini_array_end = .)
                0x080057f4                        . = ALIGN (0x4)
                0x080057f4                        _sidata = LOADADDR (.data)

.rel.dyn        0x080057f4        0x0
 .rel.iplt      0x080057f4        0x0 /usr/lib/gcc/arm-none-eabi/16.2.0/thumb/v7e-m+fp/hard/crtbegin.o

.data           0x20000000      0x1d4 load address 0x080057f4
                0x20000000                        . = ALIGN (0x4)
                0x20000000                        _sdata = .
 *(.data)
 *(.data*)
 .data.uwTickFreq
                0x20000000        0x1 build/stm32f4xx_hal.o
                0x20000000                uwTickFreq
 *fill*         0x20000001        0x3 
 .data.uwTickPrio
                0x20000004        0x4 build/stm32f4xx_hal.o
                0x20000004                uwTickPrio
 .data.SystemCoreClock
                0x20000008        0x4 build/system_stm32f4xx.o
                0x20000008                SystemCoreClock
 .data.__sglue  0x2000000c        0xc /usr/lib/gcc/arm-none-eabi/16.2.0/../../../../arm-none-eabi/lib/thumb/v7e-m+fp/hard/libc_nano.a(libc_a-findfp.o)
                0x2000000c                __sglue
 .data._impure_ptr
                0x20000018        0x4 /usr/lib/gcc/arm-none-eabi/16.2.0/../../../../arm-none-eabi/lib/thumb/v7e-m+fp/hard/libc_nano.a(libc_a-impure.o)
                0x20000018                _impure_ptr
 .data._impure_data
                0x2000001c       0x4c /usr/lib/gcc/arm-none-eabi/16.2.0/../../../../arm-none-eabi/lib/thumb/v7e-m+fp/hard/libc_nano.a(libc_a-impure.o)
                0x2000001c                _impure_data
 .data.__global_locale
                0x20000068      0x16c /usr/lib/gcc/arm-none-eabi/16.2.0/../../../../arm-none-eabi/lib/thumb/v7e-m+fp/hard/libc_nano.a(libc_a-locale.o)
                0x20000068                __global_locale
 *(.RamFunc)
 *(.RamFunc*)
                0x200001d4                        . = ALIGN (0x4)
                0x200001d4                        _edata = .

.igot.plt       0x200001d4        0x0 load address 0x080059c8
 .igot.plt      0x200001d4        0x0 /usr/lib/gcc/arm-none-eabi/16.2.0/thumb/v7e-m+fp/hard/crtbegin.o
                0x200001d4                        . = ALIGN (0x4)

.bss            0x200001d4      0x210 load address 0x080059c8
                0x200001d4                        _sbss = .
                0x200001d4                        __bss_start__ = _sbss
 *(.bss)
 *(.bss*)
 .bss.completed.1
                0x200001d4        0x1 /usr/lib/gcc/arm-none-eabi/16.2.0/thumb/v7e-m+fp/hard/crtbegin.o
 *fill*         0x200001d5        0x3 
 .bss.object.0  0x200001d8       0x18 /usr/lib/gcc/arm-none-eabi/16.2.0/thumb/v7e-m+fp/hard/crtbegin.o
 .bss.huart2    0x200001f0       0x48 build/main.o
                0x200001f0                huart2
 .bss.hspi2     0x20000238       0x58 build/main.o
                0x20000238                hspi2
 .bss.uwTick    0x20000290        0x4 build/stm32f4xx_hal.o
                0x20000290                uwTick
 .bss.__sbrk_heap_end
                0x20000294        0x4 build/sysmem.o
 .bss.__sf      0x20000298      0x138 /usr/lib/gcc/arm-none-eabi/16.2.0/../../../../arm-none-eabi/lib/thumb/v7e-m+fp/hard/libc_nano.a(libc_a-findfp.o)
                0x20000298                __sf
 .bss.__stdio_exit_handler
                0x200003d0        0x4 /usr/lib/gcc/arm-none-eabi/16.2.0/../../../../arm-none-eabi/lib/thumb/v7e-m+fp/hard/libc_nano.a(libc_a-findfp.o)
                0x200003d0                __stdio_exit_handler
 .bss.errno     0x200003d4        0x4 /usr/lib/gcc/arm-none-eabi/16.2.0/../../../../arm-none-eabi/lib/thumb/v7e-m+fp/hard/libc_nano.a(libc_a-reent.o)
                0x200003d4                errno
 .bss.__lock___malloc_recursive_mutex
                0x200003d8        0x1 /usr/lib/gcc/arm-none-eabi/16.2.0/../../../../arm-none-eabi/lib/thumb/v7e-m+fp/hard/libc_nano.a(libc_a-lock.o)
                0x200003d8                __lock___malloc_recursive_mutex
 .bss.__lock___sfp_recursive_mutex
                0x200003d9        0x1 /usr/lib/gcc/arm-none-eabi/16.2.0/../../../../arm-none-eabi/lib/thumb/v7e-m+fp/hard/libc_nano.a(libc_a-lock.o)
                0x200003d9                __lock___sfp_recursive_mutex
 *fill*         0x200003da        0x2 
 .bss.__malloc_sbrk_start
                0x200003dc        0x4 /usr/lib/gcc/arm-none-eabi/16.2.0/../../../../arm-none-eabi/lib/thumb/v7e-m+fp/hard/libc_nano.a(libc_a-mallocr.o)
                0x200003dc                __malloc_sbrk_start
 .bss.__malloc_free_list
                0x200003e0        0x4 /usr/lib/gcc/arm-none-eabi/16.2.0/../../../../arm-none-eabi/lib/thumb/v7e-m+fp/hard/libc_nano.a(libc_a-mallocr.o)
                0x200003e0                __malloc_free_list
 *(COMMON)
                0x200003e4                        . = ALIGN (0x4)
                0x200003e4                        _ebss = .
                0x200003e4                        __bss_end__ = _ebss

._user_heap_stack
                0x200003e4      0x604 load address 0x080059c8
                0x200003e8                        . = ALIGN (0x8)
 *fill*         0x200003e4        0x4 
                [!provide]                        PROVIDE (end = .)
                0x200003e8                        PROVIDE (_end = .)
                0x200005e8                        . = (. + _Min_Heap_Size)
 *fill*         0x200003e8      0x200 
                0x200009e8                        . = (. + _Min_Stack_Size)
 *fill*         0x200005e8      0x400 
                0x200009e8                        . = ALIGN (0x8)

/DISCARD/
 libc.a(*)
 libm.a(*)
 libgcc.a(*)
OUTPUT(build/magnetometer.elf elf32-littlearm)
LOAD linker stubs
LOAD /usr/lib/gcc/arm-none-eabi/16.2.0/../../../../arm-none-eabi/lib/thumb/v7e-m+fp/hard/libc.a
LOAD /usr/lib/gcc/arm-none-eabi/16.2.0/../../../../arm-none-eabi/lib/thumb/v7e-m+fp/hard/libm.a
LOAD /usr/lib/gcc/arm-none-eabi/16.2.0/thumb/v7e-m+fp/hard/libgcc.a

.ARM.attributes
                0x00000000       0x30
 .ARM.attributes
                0x00000000       0x22 /usr/lib/gcc/arm-none-eabi/16.2.0/thumb/v7e-m+fp/hard/crti.o
 .ARM.attributes
                0x00000022       0x34 /usr/lib/gcc/arm-none-eabi/16.2.0/thumb/v7e-m+fp/hard/crtbegin.o
 .ARM.attributes
                0x00000056       0x34 build/main.o
 .ARM.attributes
                0x0000008a       0x34 build/lis2mdl.o
 .ARM.attributes
                0x000000be       0x34 build/stm32f4xx_it.o
 .ARM.attributes
                0x000000f2       0x34 build/stm32f4xx_hal_msp.o
 .ARM.attributes
                0x00000126       0x34 build/stm32f4xx_hal_spi.o
 .ARM.attributes
                0x0000015a       0x34 build/stm32f4xx_hal_rcc.o
 .ARM.attributes
                0x0000018e       0x34 build/stm32f4xx_hal_gpio.o
 .ARM.attributes
                0x000001c2       0x34 build/stm32f4xx_hal_cortex.o
 .ARM.attributes
                0x000001f6       0x34 build/stm32f4xx_hal.o
 .ARM.attributes
                0x0000022a       0x34 build/stm32f4xx_hal_uart.o
 .ARM.attributes
                0x0000025e       0x34 build/system_stm32f4xx.o
 .ARM.attributes
                0x00000292       0x34 build/sysmem.o
 .ARM.attributes
                0x000002c6       0x34 build/syscalls.o
 .ARM.attributes
                0x000002fa       0x21 build/startup_stm32f411xe.o
 .ARM.attributes
                0x0000031b       0x34 /usr/lib/gcc/arm-none-eabi/16.2.0/../../../../arm-none-eabi/lib/thumb/v7e-m+fp/hard/libc_nano.a(libc_a-nano-vfprintf_float.o)
 .ARM.attributes
                0x0000034f       0x34 /usr/lib/gcc/arm-none-eabi/16.2.0/../../../../arm-none-eabi/lib/thumb/v7e-m+fp/hard/libc_nano.a(libc_a-nano-vfprintf_i.o)
 .ARM.attributes
                0x00000383       0x34 /usr/lib/gcc/arm-none-eabi/16.2.0/../../../../arm-none-eabi/lib/thumb/v7e-m+fp/hard/libc_nano.a(libc_a-findfp.o)
 .ARM.attributes
                0x000003b7       0x34 /usr/lib/gcc/arm-none-eabi/16.2.0/../../../../arm-none-eabi/lib/thumb/v7e-m+fp/hard/libc_nano.a(libc_a-fwalk.o)
 .ARM.attributes
                0x000003eb       0x34 /usr/lib/gcc/arm-none-eabi/16.2.0/../../../../arm-none-eabi/lib/thumb/v7e-m+fp/hard/libc_nano.a(libc_a-printf.o)
 .ARM.attributes
                0x0000041f       0x34 /usr/lib/gcc/arm-none-eabi/16.2.0/../../../../arm-none-eabi/lib/thumb/v7e-m+fp/hard/libc_nano.a(libc_a-puts.o)
 .ARM.attributes
                0x00000453       0x34 /usr/lib/gcc/arm-none-eabi/16.2.0/../../../../arm-none-eabi/lib/thumb/v7e-m+fp/hard/libc_nano.a(libc_a-stdio.o)
 .ARM.attributes
                0x00000487       0x34 /usr/lib/gcc/arm-none-eabi/16.2.0/../../../../arm-none-eabi/lib/thumb/v7e-m+fp/hard/libc_nano.a(libc_a-wbuf.o)
 .ARM.attributes
                0x000004bb       0x34 /usr/lib/gcc/arm-none-eabi/16.2.0/../../../../arm-none-eabi/lib/thumb/v7e-m+fp/hard/libc_nano.a(libc_a-wsetup.o)
 .ARM.attributes
                0x000004ef       0x34 /usr/lib/gcc/arm-none-eabi/16.2.0/../../../../arm-none-eabi/lib/thumb/v7e-m+fp/hard/libc_nano.a(libc_a-memset.o)
 .ARM.attributes
                0x00000523       0x34 /usr/lib/gcc/arm-none-eabi/16.2.0/../../../../arm-none-eabi/lib/thumb/v7e-m+fp/hard/libc_nano.a(libc_a-localeconv.o)
 .ARM.attributes
                0x00000557       0x34 /usr/lib/gcc/arm-none-eabi/16.2.0/../../../../arm-none-eabi/lib/thumb/v7e-m+fp/hard/libc_nano.a(libc_a-closer.o)
 .ARM.attributes
                0x0000058b       0x34 /usr/lib/gcc/arm-none-eabi/16.2.0/../../../../arm-none-eabi/lib/thumb/v7e-m+fp/hard/libc_nano.a(libc_a-reent.o)
 .ARM.attributes
                0x000005bf       0x34 /usr/lib/gcc/arm-none-eabi/16.2.0/../../../../arm-none-eabi/lib/thumb/v7e-m+fp/hard/libc_nano.a(libc_a-impure.o)
 .ARM.attributes
                0x000005f3       0x34 /usr/lib/gcc/arm-none-eabi/16.2.0/../../../../arm-none-eabi/lib/thumb/v7e-m+fp/hard/libc_nano.a(libc_a-lseekr.o)
 .ARM.attributes
                0x00000627       0x34 /usr/lib/gcc/arm-none-eabi/16.2.0/../../../../arm-none-eabi/lib/thumb/v7e-m+fp/hard/libc_nano.a(libc_a-readr.o)
 .ARM.attributes
                0x0000065b       0x34 /usr/lib/gcc/arm-none-eabi/16.2.0/../../../../arm-none-eabi/lib/thumb/v7e-m+fp/hard/libc_nano.a(libc_a-writer.o)
 .ARM.attributes
                0x0000068f       0x34 /usr/lib/gcc/arm-none-eabi/16.2.0/../../../../arm-none-eabi/lib/thumb/v7e-m+fp/hard/libc_nano.a(libc_a-errno.o)
 .ARM.attributes
                0x000006c3       0x34 /usr/lib/gcc/arm-none-eabi/16.2.0/../../../../arm-none-eabi/lib/thumb/v7e-m+fp/hard/libc_nano.a(libc_a-init.o)
 .ARM.attributes
                0x000006f7       0x34 /usr/lib/gcc/arm-none-eabi/16.2.0/../../../../arm-none-eabi/lib/thumb/v7e-m+fp/hard/libc_nano.a(libc_a-lock.o)
 .ARM.attributes
                0x0000072b       0x1c /usr/lib/gcc/arm-none-eabi/16.2.0/../../../../arm-none-eabi/lib/thumb/v7e-m+fp/hard/libc_nano.a(libc_a-memchr.o)
 .ARM.attributes
                0x00000747       0x17 /usr/lib/gcc/arm-none-eabi/16.2.0/../../../../arm-none-eabi/lib/thumb/v7e-m+fp/hard/libc_nano.a(libc_a-strlen.o)
 .ARM.attributes
                0x0000075e       0x34 /usr/lib/gcc/arm-none-eabi/16.2.0/../../../../arm-none-eabi/lib/thumb/v7e-m+fp/hard/libc_nano.a(libc_a-dtoa.o)
 .ARM.attributes
                0x00000792       0x34 /usr/lib/gcc/arm-none-eabi/16.2.0/../../../../arm-none-eabi/lib/thumb/v7e-m+fp/hard/libc_nano.a(libc_a-freer.o)
 .ARM.attributes
                0x000007c6       0x34 /usr/lib/gcc/arm-none-eabi/16.2.0/../../../../arm-none-eabi/lib/thumb/v7e-m+fp/hard/libc_nano.a(libc_a-malloc.o)
 .ARM.attributes
                0x000007fa       0x34 /usr/lib/gcc/arm-none-eabi/16.2.0/../../../../arm-none-eabi/lib/thumb/v7e-m+fp/hard/libc_nano.a(libc_a-mallocr.o)
 .ARM.attributes
                0x0000082e       0x34 /usr/lib/gcc/arm-none-eabi/16.2.0/../../../../arm-none-eabi/lib/thumb/v7e-m+fp/hard/libc_nano.a(libc_a-mlock.o)
 .ARM.attributes
                0x00000862       0x34 /usr/lib/gcc/arm-none-eabi/16.2.0/../../../../arm-none-eabi/lib/thumb/v7e-m+fp/hard/libc_nano.a(libc_a-mprec.o)
 .ARM.attributes
                0x00000896       0x34 /usr/lib/gcc/arm-none-eabi/16.2.0/../../../../arm-none-eabi/lib/thumb/v7e-m+fp/hard/libc_nano.a(libc_a-nano-vfprintf.o)
 .ARM.attributes
                0x000008ca       0x34 /usr/lib/gcc/arm-none-eabi/16.2.0/../../../../arm-none-eabi/lib/thumb/v7e-m+fp/hard/libc_nano.a(libc_a-fflush.o)
 .ARM.attributes
                0x000008fe       0x34 /usr/lib/gcc/arm-none-eabi/16.2.0/../../../../arm-none-eabi/lib/thumb/v7e-m+fp/hard/libc_nano.a(libc_a-makebuf.o)
 .ARM.attributes
                0x00000932       0x34 /usr/lib/gcc/arm-none-eabi/16.2.0/../../../../arm-none-eabi/lib/thumb/v7e-m+fp/hard/libc_nano.a(libc_a-locale.o)
 .ARM.attributes
                0x00000966       0x34 /usr/lib/gcc/arm-none-eabi/16.2.0/../../../../arm-none-eabi/lib/thumb/v7e-m+fp/hard/libc_nano.a(libc_a-fstatr.o)
 .ARM.attributes
                0x0000099a       0x34 /usr/lib/gcc/arm-none-eabi/16.2.0/../../../../arm-none-eabi/lib/thumb/v7e-m+fp/hard/libc_nano.a(libc_a-isattyr.o)
 .ARM.attributes
                0x000009ce       0x34 /usr/lib/gcc/arm-none-eabi/16.2.0/../../../../arm-none-eabi/lib/thumb/v7e-m+fp/hard/libc_nano.a(libc_a-sbrkr.o)
 .ARM.attributes
                0x00000a02       0x34 /usr/lib/gcc/arm-none-eabi/16.2.0/../../../../arm-none-eabi/lib/thumb/v7e-m+fp/hard/libc_nano.a(libc_a-memcpy-stub.o)
 .ARM.attributes
                0x00000a36       0x34 /usr/lib/gcc/arm-none-eabi/16.2.0/../../../../arm-none-eabi/lib/thumb/v7e-m+fp/hard/libc_nano.a(libc_a-assert.o)
 .ARM.attributes
                0x00000a6a       0x34 /usr/lib/gcc/arm-none-eabi/16.2.0/../../../../arm-none-eabi/lib/thumb/v7e-m+fp/hard/libc_nano.a(libc_a-callocr.o)
 .ARM.attributes
                0x00000a9e       0x34 /usr/lib/gcc/arm-none-eabi/16.2.0/../../../../arm-none-eabi/lib/thumb/v7e-m+fp/hard/libc_nano.a(libc_a-mbtowc_r.o)
 .ARM.attributes
                0x00000ad2       0x34 /usr/lib/gcc/arm-none-eabi/16.2.0/../../../../arm-none-eabi/lib/thumb/v7e-m+fp/hard/libc_nano.a(libc_a-wctomb_r.o)
 .ARM.attributes
                0x00000b06       0x34 /usr/lib/gcc/arm-none-eabi/16.2.0/../../../../arm-none-eabi/lib/thumb/v7e-m+fp/hard/libc_nano.a(libc_a-ctype_.o)
 .ARM.attributes
                0x00000b3a       0x34 /usr/lib/gcc/arm-none-eabi/16.2.0/../../../../arm-none-eabi/lib/thumb/v7e-m+fp/hard/libc_nano.a(libc_a-fprintf.o)
 .ARM.attributes
                0x00000b6e       0x34 /usr/lib/gcc/arm-none-eabi/16.2.0/../../../../arm-none-eabi/lib/thumb/v7e-m+fp/hard/libc_nano.a(libc_a-abort.o)
 .ARM.attributes
                0x00000ba2       0x34 /usr/lib/gcc/arm-none-eabi/16.2.0/../../../../arm-none-eabi/lib/thumb/v7e-m+fp/hard/libc_nano.a(libc_a-signal.o)
 .ARM.attributes
                0x00000bd6       0x34 /usr/lib/gcc/arm-none-eabi/16.2.0/../../../../arm-none-eabi/lib/thumb/v7e-m+fp/hard/libc_nano.a(libc_a-signalr.o)
 .ARM.attributes
                0x00000c0a       0x22 /usr/lib/gcc/arm-none-eabi/16.2.0/thumb/v7e-m+fp/hard/libgcc.a(_arm_addsubdf3.o)
 .ARM.attributes
                0x00000c2c       0x22 /usr/lib/gcc/arm-none-eabi/16.2.0/thumb/v7e-m+fp/hard/libgcc.a(_arm_muldivdf3.o)
 .ARM.attributes
                0x00000c4e       0x22 /usr/lib/gcc/arm-none-eabi/16.2.0/thumb/v7e-m+fp/hard/libgcc.a(_arm_cmpdf2.o)
 .ARM.attributes
                0x00000c70       0x22 /usr/lib/gcc/arm-none-eabi/16.2.0/thumb/v7e-m+fp/hard/libgcc.a(_arm_unorddf2.o)
 .ARM.attributes
                0x00000c92       0x22 /usr/lib/gcc/arm-none-eabi/16.2.0/thumb/v7e-m+fp/hard/libgcc.a(_arm_fixdfsi.o)
 .ARM.attributes
                0x00000cb4       0x22 /usr/lib/gcc/arm-none-eabi/16.2.0/thumb/v7e-m+fp/hard/libgcc.a(_aeabi_uldivmod.o)
 .ARM.attributes
                0x00000cd6       0x34 /usr/lib/gcc/arm-none-eabi/16.2.0/thumb/v7e-m+fp/hard/libgcc.a(_udivmoddi4.o)
 .ARM.attributes
                0x00000d0a       0x22 /usr/lib/gcc/arm-none-eabi/16.2.0/thumb/v7e-m+fp/hard/libgcc.a(_dvmd_tls.o)
 .ARM.attributes
                0x00000d2c       0x22 /usr/lib/gcc/arm-none-eabi/16.2.0/thumb/v7e-m+fp/hard/crtn.o

.comment        0x00000000       0x3c
 .comment       0x00000000       0x3c build/main.o
                                 0x1f (size before relaxing)
 .comment       0x0000003c        0x0 build/lis2mdl.o
                                 0x1f (size before relaxing)
 .comment       0x0000003c        0x0 build/stm32f4xx_it.o
                                 0x1f (size before relaxing)
 .comment       0x0000003c        0x0 build/stm32f4xx_hal_msp.o
                                 0x1f (size before relaxing)
 .comment       0x0000003c        0x0 build/stm32f4xx_hal_spi.o
                                 0x1f (size before relaxing)
 .comment       0x0000003c        0x0 build/stm32f4xx_hal_rcc.o
                                 0x1f (size before relaxing)
 .comment       0x0000003c        0x0 build/stm32f4xx_hal_gpio.o
                                 0x1f (size before relaxing)
 .comment       0x0000003c        0x0 build/stm32f4xx_hal_cortex.o
                                 0x1f (size before relaxing)
 .comment       0x0000003c        0x0 build/stm32f4xx_hal.o
                                 0x1f (size before relaxing)
 .comment       0x0000003c        0x0 build/stm32f4xx_hal_uart.o
                                 0x1f (size before relaxing)
 .comment       0x0000003c        0x0 build/system_stm32f4xx.o
                                 0x1f (size before relaxing)
 .comment       0x0000003c        0x0 build/sysmem.o
                                 0x1f (size before relaxing)
 .comment       0x0000003c        0x0 build/syscalls.o
                                 0x1f (size before relaxing)
 .comment       0x0000003c        0x0 /usr/lib/gcc/arm-none-eabi/16.2.0/../../../../arm-none-eabi/lib/thumb/v7e-m+fp/hard/libc_nano.a(libc_a-nano-vfprintf_float.o)
                                 0x1f (size before relaxing)
 .comment       0x0000003c        0x0 /usr/lib/gcc/arm-none-eabi/16.2.0/../../../../arm-none-eabi/lib/thumb/v7e-m+fp/hard/libc_nano.a(libc_a-nano-vfprintf_i.o)
                                 0x1f (size before relaxing)
 .comment       0x0000003c        0x0 /usr/lib/gcc/arm-none-eabi/16.2.0/../../../../arm-none-eabi/lib/thumb/v7e-m+fp/hard/libc_nano.a(libc_a-findfp.o)
                                 0x1f (size before relaxing)
 .comment       0x0000003c        0x0 /usr/lib/gcc/arm-none-eabi/16.2.0/../../../../arm-none-eabi/lib/thumb/v7e-m+fp/hard/libc_nano.a(libc_a-fwalk.o)
                                 0x1f (size before relaxing)
 .comment       0x0000003c        0x0 /usr/lib/gcc/arm-none-eabi/16.2.0/../../../../arm-none-eabi/lib/thumb/v7e-m+fp/hard/libc_nano.a(libc_a-printf.o)
                                 0x1f (size before relaxing)
 .comment       0x0000003c        0x0 /usr/lib/gcc/arm-none-eabi/16.2.0/../../../../arm-none-eabi/lib/thumb/v7e-m+fp/hard/libc_nano.a(libc_a-puts.o)
                                 0x1f (size before relaxing)
 .comment       0x0000003c        0x0 /usr/lib/gcc/arm-none-eabi/16.2.0/../../../../arm-none-eabi/lib/thumb/v7e-m+fp/hard/libc_nano.a(libc_a-stdio.o)
                                 0x1f (size before relaxing)
 .comment       0x0000003c        0x0 /usr/lib/gcc/arm-none-eabi/16.2.0/../../../../arm-none-eabi/lib/thumb/v7e-m+fp/hard/libc_nano.a(libc_a-wbuf.o)
                                 0x1f (size before relaxing)
 .comment       0x0000003c        0x0 /usr/lib/gcc/arm-none-eabi/16.2.0/../../../../arm-none-eabi/lib/thumb/v7e-m+fp/hard/libc_nano.a(libc_a-wsetup.o)
                                 0x1f (size before relaxing)
 .comment       0x0000003c        0x0 /usr/lib/gcc/arm-none-eabi/16.2.0/../../../../arm-none-eabi/lib/thumb/v7e-m+fp/hard/libc_nano.a(libc_a-memset.o)
                                 0x1f (size before relaxing)
 .comment       0x0000003c        0x0 /usr/lib/gcc/arm-none-eabi/16.2.0/../../../../arm-none-eabi/lib/thumb/v7e-m+fp/hard/libc_nano.a(libc_a-localeconv.o)
                                 0x1f (size before relaxing)
 .comment       0x0000003c        0x0 /usr/lib/gcc/arm-none-eabi/16.2.0/../../../../arm-none-eabi/lib/thumb/v7e-m+fp/hard/libc_nano.a(libc_a-closer.o)
                                 0x1f (size before relaxing)
 .comment       0x0000003c        0x0 /usr/lib/gcc/arm-none-eabi/16.2.0/../../../../arm-none-eabi/lib/thumb/v7e-m+fp/hard/libc_nano.a(libc_a-reent.o)
                                 0x1f (size before relaxing)
 .comment       0x0000003c        0x0 /usr/lib/gcc/arm-none-eabi/16.2.0/../../../../arm-none-eabi/lib/thumb/v7e-m+fp/hard/libc_nano.a(libc_a-impure.o)
                                 0x1f (size before relaxing)
 .comment       0x0000003c        0x0 /usr/lib/gcc/arm-none-eabi/16.2.0/../../../../arm-none-eabi/lib/thumb/v7e-m+fp/hard/libc_nano.a(libc_a-lseekr.o)
                                 0x1f (size before relaxing)
 .comment       0x0000003c        0x0 /usr/lib/gcc/arm-none-eabi/16.2.0/../../../../arm-none-eabi/lib/thumb/v7e-m+fp/hard/libc_nano.a(libc_a-readr.o)
                                 0x1f (size before relaxing)
 .comment       0x0000003c        0x0 /usr/lib/gcc/arm-none-eabi/16.2.0/../../../../arm-none-eabi/lib/thumb/v7e-m+fp/hard/libc_nano.a(libc_a-writer.o)
                                 0x1f (size before relaxing)
 .comment       0x0000003c        0x0 /usr/lib/gcc/arm-none-eabi/16.2.0/../../../../arm-none-eabi/lib/thumb/v7e-m+fp/hard/libc_nano.a(libc_a-errno.o)
                                 0x1f (size before relaxing)
 .comment       0x0000003c        0x0 /usr/lib/gcc/arm-none-eabi/16.2.0/../../../../arm-none-eabi/lib/thumb/v7e-m+fp/hard/libc_nano.a(libc_a-init.o)
                                 0x1f (size before relaxing)
 .comment       0x0000003c        0x0 /usr/lib/gcc/arm-none-eabi/16.2.0/../../../../arm-none-eabi/lib/thumb/v7e-m+fp/hard/libc_nano.a(libc_a-lock.o)
                                 0x1f (size before relaxing)
 .comment       0x0000003c        0x0 /usr/lib/gcc/arm-none-eabi/16.2.0/../../../../arm-none-eabi/lib/thumb/v7e-m+fp/hard/libc_nano.a(libc_a-dtoa.o)
                                 0x1f (size before relaxing)
 .comment       0x0000003c        0x0 /usr/lib/gcc/arm-none-eabi/16.2.0/../../../../arm-none-eabi/lib/thumb/v7e-m+fp/hard/libc_nano.a(libc_a-freer.o)
                                 0x1f (size before relaxing)
 .comment       0x0000003c        0x0 /usr/lib/gcc/arm-none-eabi/16.2.0/../../../../arm-none-eabi/lib/thumb/v7e-m+fp/hard/libc_nano.a(libc_a-malloc.o)
                                 0x1f (size before relaxing)
 .comment       0x0000003c        0x0 /usr/lib/gcc/arm-none-eabi/16.2.0/../../../../arm-none-eabi/lib/thumb/v7e-m+fp/hard/libc_nano.a(libc_a-mallocr.o)
                                 0x1f (size before relaxing)
 .comment       0x0000003c        0x0 /usr/lib/gcc/arm-none-eabi/16.2.0/../../../../arm-none-eabi/lib/thumb/v7e-m+fp/hard/libc_nano.a(libc_a-mlock.o)
                                 0x1f (size before relaxing)
 .comment       0x0000003c        0x0 /usr/lib/gcc/arm-none-eabi/16.2.0/../../../../arm-none-eabi/lib/thumb/v7e-m+fp/hard/libc_nano.a(libc_a-mprec.o)
                                 0x1f (size before relaxing)
 .comment       0x0000003c        0x0 /usr/lib/gcc/arm-none-eabi/16.2.0/../../../../arm-none-eabi/lib/thumb/v7e-m+fp/hard/libc_nano.a(libc_a-nano-vfprintf.o)
                                 0x1f (size before relaxing)
 .comment       0x0000003c        0x0 /usr/lib/gcc/arm-none-eabi/16.2.0/../../../../arm-none-eabi/lib/thumb/v7e-m+fp/hard/libc_nano.a(libc_a-fflush.o)
                                 0x1f (size before relaxing)
 .comment       0x0000003c        0x0 /usr/lib/gcc/arm-none-eabi/16.2.0/../../../../arm-none-eabi/lib/thumb/v7e-m+fp/hard/libc_nano.a(libc_a-makebuf.o)
                                 0x1f (size before relaxing)
 .comment       0x0000003c        0x0 /usr/lib/gcc/arm-none-eabi/16.2.0/../../../../arm-none-eabi/lib/thumb/v7e-m+fp/hard/libc_nano.a(libc_a-locale.o)
                                 0x1f (size before relaxing)
 .comment       0x0000003c        0x0 /usr/lib/gcc/arm-none-eabi/16.2.0/../../../../arm-none-eabi/lib/thumb/v7e-m+fp/hard/libc_nano.a(libc_a-fstatr.o)
                                 0x1f (size before relaxing)
 .comment       0x0000003c        0x0 /usr/lib/gcc/arm-none-eabi/16.2.0/../../../../arm-none-eabi/lib/thumb/v7e-m+fp/hard/libc_nano.a(libc_a-isattyr.o)
                                 0x1f (size before relaxing)
 .comment       0x0000003c        0x0 /usr/lib/gcc/arm-none-eabi/16.2.0/../../../../arm-none-eabi/lib/thumb/v7e-m+fp/hard/libc_nano.a(libc_a-sbrkr.o)
                                 0x1f (size before relaxing)
 .comment       0x0000003c        0x0 /usr/lib/gcc/arm-none-eabi/16.2.0/../../../../arm-none-eabi/lib/thumb/v7e-m+fp/hard/libc_nano.a(libc_a-memcpy-stub.o)
                                 0x1f (size before relaxing)
 .comment       0x0000003c        0x0 /usr/lib/gcc/arm-none-eabi/16.2.0/../../../../arm-none-eabi/lib/thumb/v7e-m+fp/hard/libc_nano.a(libc_a-assert.o)
                                 0x1f (size before relaxing)
 .comment       0x0000003c        0x0 /usr/lib/gcc/arm-none-eabi/16.2.0/../../../../arm-none-eabi/lib/thumb/v7e-m+fp/hard/libc_nano.a(libc_a-callocr.o)
                                 0x1f (size before relaxing)
 .comment       0x0000003c        0x0 /usr/lib/gcc/arm-none-eabi/16.2.0/../../../../arm-none-eabi/lib/thumb/v7e-m+fp/hard/libc_nano.a(libc_a-mbtowc_r.o)
                                 0x1f (size before relaxing)
 .comment       0x0000003c        0x0 /usr/lib/gcc/arm-none-eabi/16.2.0/../../../../arm-none-eabi/lib/thumb/v7e-m+fp/hard/libc_nano.a(libc_a-wctomb_r.o)
                                 0x1f (size before relaxing)
 .comment       0x0000003c        0x0 /usr/lib/gcc/arm-none-eabi/16.2.0/../../../../arm-none-eabi/lib/thumb/v7e-m+fp/hard/libc_nano.a(libc_a-ctype_.o)
                                 0x1f (size before relaxing)
 .comment       0x0000003c        0x0 /usr/lib/gcc/arm-none-eabi/16.2.0/../../../../arm-none-eabi/lib/thumb/v7e-m+fp/hard/libc_nano.a(libc_a-fprintf.o)
                                 0x1f (size before relaxing)
 .comment       0x0000003c        0x0 /usr/lib/gcc/arm-none-eabi/16.2.0/../../../../arm-none-eabi/lib/thumb/v7e-m+fp/hard/libc_nano.a(libc_a-abort.o)
                                 0x1f (size before relaxing)
 .comment       0x0000003c        0x0 /usr/lib/gcc/arm-none-eabi/16.2.0/../../../../arm-none-eabi/lib/thumb/v7e-m+fp/hard/libc_nano.a(libc_a-signal.o)
                                 0x1f (size before relaxing)
 .comment       0x0000003c        0x0 /usr/lib/gcc/arm-none-eabi/16.2.0/../../../../arm-none-eabi/lib/thumb/v7e-m+fp/hard/libc_nano.a(libc_a-signalr.o)
                                 0x1f (size before relaxing)
 .comment       0x0000003c        0x0 /usr/lib/gcc/arm-none-eabi/16.2.0/thumb/v7e-m+fp/hard/libgcc.a(_udivmoddi4.o)
                                 0x1f (size before relaxing)

.debug_info     0x00000000    0x2675f
 .debug_info    0x00000000     0x143b build/main.o
 .debug_info    0x0000143b      0xc96 build/lis2mdl.o
 .debug_info    0x000020d1      0x157 build/stm32f4xx_it.o
 .debug_info    0x00002228      0xf09 build/stm32f4xx_hal_msp.o
 .debug_info    0x00003131     0x1f77 build/stm32f4xx_hal_spi.o
 .debug_info    0x000050a8      0xc4d build/stm32f4xx_hal_rcc.o
 .debug_info    0x00005cf5      0x878 build/stm32f4xx_hal_gpio.o
 .debug_info    0x0000656d     0x1150 build/stm32f4xx_hal_cortex.o
 .debug_info    0x000076bd      0xa8c build/stm32f4xx_hal.o
 .debug_info    0x00008149     0x4025 build/stm32f4xx_hal_uart.o
 .debug_info    0x0000c16e      0x5e5 build/system_stm32f4xx.o
 .debug_info    0x0000c753      0x18c build/sysmem.o
 .debug_info    0x0000c8df      0x854 build/syscalls.o
 .debug_info    0x0000d133       0x30 build/startup_stm32f411xe.o
 .debug_info    0x0000d163     0x12dd /usr/lib/gcc/arm-none-eabi/16.2.0/../../../../arm-none-eabi/lib/thumb/v7e-m+fp/hard/libc_nano.a(libc_a-nano-vfprintf_float.o)
 .debug_info    0x0000e440      0xdf2 /usr/lib/gcc/arm-none-eabi/16.2.0/../../../../arm-none-eabi/lib/thumb/v7e-m+fp/hard/libc_nano.a(libc_a-nano-vfprintf_i.o)
 .debug_info    0x0000f232      0xfbf /usr/lib/gcc/arm-none-eabi/16.2.0/../../../../arm-none-eabi/lib/thumb/v7e-m+fp/hard/libc_nano.a(libc_a-findfp.o)
 .debug_info    0x000101f1      0x7d7 /usr/lib/gcc/arm-none-eabi/16.2.0/../../../../arm-none-eabi/lib/thumb/v7e-m+fp/hard/libc_nano.a(libc_a-fwalk.o)
 .debug_info    0x000109c8      0x846 /usr/lib/gcc/arm-none-eabi/16.2.0/../../../../arm-none-eabi/lib/thumb/v7e-m+fp/hard/libc_nano.a(libc_a-printf.o)
 .debug_info    0x0001120e      0x955 /usr/lib/gcc/arm-none-eabi/16.2.0/../../../../arm-none-eabi/lib/thumb/v7e-m+fp/hard/libc_nano.a(libc_a-puts.o)
 .debug_info    0x00011b63      0xa95 /usr/lib/gcc/arm-none-eabi/16.2.0/../../../../arm-none-eabi/lib/thumb/v7e-m+fp/hard/libc_nano.a(libc_a-stdio.o)
 .debug_info    0x000125f8      0x879 /usr/lib/gcc/arm-none-eabi/16.2.0/../../../../arm-none-eabi/lib/thumb/v7e-m+fp/hard/libc_nano.a(libc_a-wbuf.o)
 .debug_info    0x00012e71      0x7c0 /usr/lib/gcc/arm-none-eabi/16.2.0/../../../../arm-none-eabi/lib/thumb/v7e-m+fp/hard/libc_nano.a(libc_a-wsetup.o)
 .debug_info    0x00013631       0xe5 /usr/lib/gcc/arm-none-eabi/16.2.0/../../../../arm-none-eabi/lib/thumb/v7e-m+fp/hard/libc_nano.a(libc_a-memset.o)
 .debug_info    0x00013716      0xa1d /usr/lib/gcc/arm-none-eabi/16.2.0/../../../../arm-none-eabi/lib/thumb/v7e-m+fp/hard/libc_nano.a(libc_a-localeconv.o)
 .debug_info    0x00014133      0x762 /usr/lib/gcc/arm-none-eabi/16.2.0/../../../../arm-none-eabi/lib/thumb/v7e-m+fp/hard/libc_nano.a(libc_a-closer.o)
 .debug_info    0x00014895      0x8a6 /usr/lib/gcc/arm-none-eabi/16.2.0/../../../../arm-none-eabi/lib/thumb/v7e-m+fp/hard/libc_nano.a(libc_a-reent.o)
 .debug_info    0x0001513b      0x71a /usr/lib/gcc/arm-none-eabi/16.2.0/../../../../arm-none-eabi/lib/thumb/v7e-m+fp/hard/libc_nano.a(libc_a-impure.o)
 .debug_info    0x00015855      0x7ad /usr/lib/gcc/arm-none-eabi/16.2.0/../../../../arm-none-eabi/lib/thumb/v7e-m+fp/hard/libc_nano.a(libc_a-lseekr.o)
 .debug_info    0x00016002      0x7c4 /usr/lib/gcc/arm-none-eabi/16.2.0/../../../../arm-none-eabi/lib/thumb/v7e-m+fp/hard/libc_nano.a(libc_a-readr.o)
 .debug_info    0x000167c6      0x7ca /usr/lib/gcc/arm-none-eabi/16.2.0/../../../../arm-none-eabi/lib/thumb/v7e-m+fp/hard/libc_nano.a(libc_a-writer.o)
 .debug_info    0x00016f90      0x700 /usr/lib/gcc/arm-none-eabi/16.2.0/../../../../arm-none-eabi/lib/thumb/v7e-m+fp/hard/libc_nano.a(libc_a-errno.o)
 .debug_info    0x00017690      0x110 /usr/lib/gcc/arm-none-eabi/16.2.0/../../../../arm-none-eabi/lib/thumb/v7e-m+fp/hard/libc_nano.a(libc_a-init.o)
 .debug_info    0x000177a0      0x21d /usr/lib/gcc/arm-none-eabi/16.2.0/../../../../arm-none-eabi/lib/thumb/v7e-m+fp/hard/libc_nano.a(libc_a-lock.o)
 .debug_info    0x000179bd       0x25 /usr/lib/gcc/arm-none-eabi/16.2.0/../../../../arm-none-eabi/lib/thumb/v7e-m+fp/hard/libc_nano.a(libc_a-memchr.o)
 .debug_info    0x000179e2       0x31 /usr/lib/gcc/arm-none-eabi/16.2.0/../../../../arm-none-eabi/lib/thumb/v7e-m+fp/hard/libc_nano.a(libc_a-strlen.o)
 .debug_info    0x00017a13     0x17f8 /usr/lib/gcc/arm-none-eabi/16.2.0/../../../../arm-none-eabi/lib/thumb/v7e-m+fp/hard/libc_nano.a(libc_a-dtoa.o)
 .debug_info    0x0001920b      0x845 /usr/lib/gcc/arm-none-eabi/16.2.0/../../../../arm-none-eabi/lib/thumb/v7e-m+fp/hard/libc_nano.a(libc_a-freer.o)
 .debug_info    0x00019a50      0x7a5 /usr/lib/gcc/arm-none-eabi/16.2.0/../../../../arm-none-eabi/lib/thumb/v7e-m+fp/hard/libc_nano.a(libc_a-malloc.o)
 .debug_info    0x0001a1f5      0x9c1 /usr/lib/gcc/arm-none-eabi/16.2.0/../../../../arm-none-eabi/lib/thumb/v7e-m+fp/hard/libc_nano.a(libc_a-mallocr.o)
 .debug_info    0x0001abb6      0x770 /usr/lib/gcc/arm-none-eabi/16.2.0/../../../../arm-none-eabi/lib/thumb/v7e-m+fp/hard/libc_nano.a(libc_a-mlock.o)
 .debug_info    0x0001b326     0x1ddb /usr/lib/gcc/arm-none-eabi/16.2.0/../../../../arm-none-eabi/lib/thumb/v7e-m+fp/hard/libc_nano.a(libc_a-mprec.o)
 .debug_info    0x0001d101     0x1099 /usr/lib/gcc/arm-none-eabi/16.2.0/../../../../arm-none-eabi/lib/thumb/v7e-m+fp/hard/libc_nano.a(libc_a-nano-vfprintf.o)
 .debug_info    0x0001e19a      0x9f7 /usr/lib/gcc/arm-none-eabi/16.2.0/../../../../arm-none-eabi/lib/thumb/v7e-m+fp/hard/libc_nano.a(libc_a-fflush.o)
 .debug_info    0x0001eb91      0xb25 /usr/lib/gcc/arm-none-eabi/16.2.0/../../../../arm-none-eabi/lib/thumb/v7e-m+fp/hard/libc_nano.a(libc_a-makebuf.o)
 .debug_info    0x0001f6b6      0xba4 /usr/lib/gcc/arm-none-eabi/16.2.0/../../../../arm-none-eabi/lib/thumb/v7e-m+fp/hard/libc_nano.a(libc_a-locale.o)
 .debug_info    0x0002025a      0x986 /usr/lib/gcc/arm-none-eabi/16.2.0/../../../../arm-none-eabi/lib/thumb/v7e-m+fp/hard/libc_nano.a(libc_a-fstatr.o)
 .debug_info    0x00020be0      0x762 /usr/lib/gcc/arm-none-eabi/16.2.0/../../../../arm-none-eabi/lib/thumb/v7e-m+fp/hard/libc_nano.a(libc_a-isattyr.o)
 .debug_info    0x00021342      0x787 /usr/lib/gcc/arm-none-eabi/16.2.0/../../../../arm-none-eabi/lib/thumb/v7e-m+fp/hard/libc_nano.a(libc_a-sbrkr.o)
 .debug_info    0x00021ac9      0x126 /usr/lib/gcc/arm-none-eabi/16.2.0/../../../../arm-none-eabi/lib/thumb/v7e-m+fp/hard/libc_nano.a(libc_a-memcpy-stub.o)
 .debug_info    0x00021bef      0x841 /usr/lib/gcc/arm-none-eabi/16.2.0/../../../../arm-none-eabi/lib/thumb/v7e-m+fp/hard/libc_nano.a(libc_a-assert.o)
 .debug_info    0x00022430      0x7d2 /usr/lib/gcc/arm-none-eabi/16.2.0/../../../../arm-none-eabi/lib/thumb/v7e-m+fp/hard/libc_nano.a(libc_a-callocr.o)
 .debug_info    0x00022c02      0xabf /usr/lib/gcc/arm-none-eabi/16.2.0/../../../../arm-none-eabi/lib/thumb/v7e-m+fp/hard/libc_nano.a(libc_a-mbtowc_r.o)
 .debug_info    0x000236c1      0xa7b /usr/lib/gcc/arm-none-eabi/16.2.0/../../../../arm-none-eabi/lib/thumb/v7e-m+fp/hard/libc_nano.a(libc_a-wctomb_r.o)
 .debug_info    0x0002413c       0xbe /usr/lib/gcc/arm-none-eabi/16.2.0/../../../../arm-none-eabi/lib/thumb/v7e-m+fp/hard/libc_nano.a(libc_a-ctype_.o)
 .debug_info    0x000241fa      0x86c /usr/lib/gcc/arm-none-eabi/16.2.0/../../../../arm-none-eabi/lib/thumb/v7e-m+fp/hard/libc_nano.a(libc_a-fprintf.o)
 .debug_info    0x00024a66       0xdd /usr/lib/gcc/arm-none-eabi/16.2.0/../../../../arm-none-eabi/lib/thumb/v7e-m+fp/hard/libc_nano.a(libc_a-abort.o)
 .debug_info    0x00024b43      0xa50 /usr/lib/gcc/arm-none-eabi/16.2.0/../../../../arm-none-eabi/lib/thumb/v7e-m+fp/hard/libc_nano.a(libc_a-signal.o)
 .debug_info    0x00025593      0x7ef /usr/lib/gcc/arm-none-eabi/16.2.0/../../../../arm-none-eabi/lib/thumb/v7e-m+fp/hard/libc_nano.a(libc_a-signalr.o)
 .debug_info    0x00025d82       0xd3 /usr/lib/gcc/arm-none-eabi/16.2.0/thumb/v7e-m+fp/hard/libgcc.a(_arm_addsubdf3.o)
 .debug_info    0x00025e55       0x57 /usr/lib/gcc/arm-none-eabi/16.2.0/thumb/v7e-m+fp/hard/libgcc.a(_arm_muldivdf3.o)
 .debug_info    0x00025eac       0xdf /usr/lib/gcc/arm-none-eabi/16.2.0/thumb/v7e-m+fp/hard/libgcc.a(_arm_cmpdf2.o)
 .debug_info    0x00025f8b       0x3c /usr/lib/gcc/arm-none-eabi/16.2.0/thumb/v7e-m+fp/hard/libgcc.a(_arm_unorddf2.o)
 .debug_info    0x00025fc7       0x3c /usr/lib/gcc/arm-none-eabi/16.2.0/thumb/v7e-m+fp/hard/libgcc.a(_arm_fixdfsi.o)
 .debug_info    0x00026003       0x24 /usr/lib/gcc/arm-none-eabi/16.2.0/thumb/v7e-m+fp/hard/libgcc.a(_aeabi_uldivmod.o)
 .debug_info    0x00026027      0x6fc /usr/lib/gcc/arm-none-eabi/16.2.0/thumb/v7e-m+fp/hard/libgcc.a(_udivmoddi4.o)
 .debug_info    0x00026723       0x3c /usr/lib/gcc/arm-none-eabi/16.2.0/thumb/v7e-m+fp/hard/libgcc.a(_dvmd_tls.o)

.debug_abbrev   0x00000000     0x776d
 .debug_abbrev  0x00000000      0x2f7 build/main.o
 .debug_abbrev  0x000002f7      0x249 build/lis2mdl.o
 .debug_abbrev  0x00000540       0x80 build/stm32f4xx_it.o
 .debug_abbrev  0x000005c0      0x1cd build/stm32f4xx_hal_msp.o
 .debug_abbrev  0x0000078d      0x2be build/stm32f4xx_hal_spi.o
 .debug_abbrev  0x00000a4b      0x2de build/stm32f4xx_hal_rcc.o
 .debug_abbrev  0x00000d29      0x23f build/stm32f4xx_hal_gpio.o
 .debug_abbrev  0x00000f68      0x3ca build/stm32f4xx_hal_cortex.o
 .debug_abbrev  0x00001332      0x275 build/stm32f4xx_hal.o
 .debug_abbrev  0x000015a7      0x37e build/stm32f4xx_hal_uart.o
 .debug_abbrev  0x00001925      0x11b build/system_stm32f4xx.o
 .debug_abbrev  0x00001a40       0xeb build/sysmem.o
 .debug_abbrev  0x00001b2b      0x1ec build/syscalls.o
 .debug_abbrev  0x00001d17       0x1d build/startup_stm32f411xe.o
 .debug_abbrev  0x00001d34      0x310 /usr/lib/gcc/arm-none-eabi/16.2.0/../../../../arm-none-eabi/lib/thumb/v7e-m+fp/hard/libc_nano.a(libc_a-nano-vfprintf_float.o)
 .debug_abbrev  0x00002044      0x28f /usr/lib/gcc/arm-none-eabi/16.2.0/../../../../arm-none-eabi/lib/thumb/v7e-m+fp/hard/libc_nano.a(libc_a-nano-vfprintf_i.o)
 .debug_abbrev  0x000022d3      0x419 /usr/lib/gcc/arm-none-eabi/16.2.0/../../../../arm-none-eabi/lib/thumb/v7e-m+fp/hard/libc_nano.a(libc_a-findfp.o)
 .debug_abbrev  0x000026ec      0x1a1 /usr/lib/gcc/arm-none-eabi/16.2.0/../../../../arm-none-eabi/lib/thumb/v7e-m+fp/hard/libc_nano.a(libc_a-fwalk.o)
 .debug_abbrev  0x0000288d      0x220 /usr/lib/gcc/arm-none-eabi/16.2.0/../../../../arm-none-eabi/lib/thumb/v7e-m+fp/hard/libc_nano.a(libc_a-printf.o)
 .debug_abbrev  0x00002aad      0x2ad /usr/lib/gcc/arm-none-eabi/16.2.0/../../../../arm-none-eabi/lib/thumb/v7e-m+fp/hard/libc_nano.a(libc_a-puts.o)
 .debug_abbrev  0x00002d5a      0x227 /usr/lib/gcc/arm-none-eabi/16.2.0/../../../../arm-none-eabi/lib/thumb/v7e-m+fp/hard/libc_nano.a(libc_a-stdio.o)
 .debug_abbrev  0x00002f81      0x233 /usr/lib/gcc/arm-none-eabi/16.2.0/../../../../arm-none-eabi/lib/thumb/v7e-m+fp/hard/libc_nano.a(libc_a-wbuf.o)
 .debug_abbrev  0x000031b4      0x1e8 /usr/lib/gcc/arm-none-eabi/16.2.0/../../../../arm-none-eabi/lib/thumb/v7e-m+fp/hard/libc_nano.a(libc_a-wsetup.o)
 .debug_abbrev  0x0000339c       0xa4 /usr/lib/gcc/arm-none-eabi/16.2.0/../../../../arm-none-eabi/lib/thumb/v7e-m+fp/hard/libc_nano.a(libc_a-memset.o)
 .debug_abbrev  0x00003440      0x23f /usr/lib/gcc/arm-none-eabi/16.2.0/../../../../arm-none-eabi/lib/thumb/v7e-m+fp/hard/libc_nano.a(libc_a-localeconv.o)
 .debug_abbrev  0x0000367f      0x1b6 /usr/lib/gcc/arm-none-eabi/16.2.0/../../../../arm-none-eabi/lib/thumb/v7e-m+fp/hard/libc_nano.a(libc_a-closer.o)
 .debug_abbrev  0x00003835      0x1fd /usr/lib/gcc/arm-none-eabi/16.2.0/../../../../arm-none-eabi/lib/thumb/v7e-m+fp/hard/libc_nano.a(libc_a-reent.o)
 .debug_abbrev  0x00003a32      0x14f /usr/lib/gcc/arm-none-eabi/16.2.0/../../../../arm-none-eabi/lib/thumb/v7e-m+fp/hard/libc_nano.a(libc_a-impure.o)
 .debug_abbrev  0x00003b81      0x1ca /usr/lib/gcc/arm-none-eabi/16.2.0/../../../../arm-none-eabi/lib/thumb/v7e-m+fp/hard/libc_nano.a(libc_a-lseekr.o)
 .debug_abbrev  0x00003d4b      0x1b6 /usr/lib/gcc/arm-none-eabi/16.2.0/../../../../arm-none-eabi/lib/thumb/v7e-m+fp/hard/libc_nano.a(libc_a-readr.o)
 .debug_abbrev  0x00003f01      0x1bb /usr/lib/gcc/arm-none-eabi/16.2.0/../../../../arm-none-eabi/lib/thumb/v7e-m+fp/hard/libc_nano.a(libc_a-writer.o)
 .debug_abbrev  0x000040bc      0x164 /usr/lib/gcc/arm-none-eabi/16.2.0/../../../../arm-none-eabi/lib/thumb/v7e-m+fp/hard/libc_nano.a(libc_a-errno.o)
 .debug_abbrev  0x00004220       0xcf /usr/lib/gcc/arm-none-eabi/16.2.0/../../../../arm-none-eabi/lib/thumb/v7e-m+fp/hard/libc_nano.a(libc_a-init.o)
 .debug_abbrev  0x000042ef      0x11b /usr/lib/gcc/arm-none-eabi/16.2.0/../../../../arm-none-eabi/lib/thumb/v7e-m+fp/hard/libc_nano.a(libc_a-lock.o)
 .debug_abbrev  0x0000440a       0x14 /usr/lib/gcc/arm-none-eabi/16.2.0/../../../../arm-none-eabi/lib/thumb/v7e-m+fp/hard/libc_nano.a(libc_a-memchr.o)
 .debug_abbrev  0x0000441e       0x28 /usr/lib/gcc/arm-none-eabi/16.2.0/../../../../arm-none-eabi/lib/thumb/v7e-m+fp/hard/libc_nano.a(libc_a-strlen.o)
 .debug_abbrev  0x00004446      0x335 /usr/lib/gcc/arm-none-eabi/16.2.0/../../../../arm-none-eabi/lib/thumb/v7e-m+fp/hard/libc_nano.a(libc_a-dtoa.o)
 .debug_abbrev  0x0000477b      0x23a /usr/lib/gcc/arm-none-eabi/16.2.0/../../../../arm-none-eabi/lib/thumb/v7e-m+fp/hard/libc_nano.a(libc_a-freer.o)
 .debug_abbrev  0x000049b5      0x1d5 /usr/lib/gcc/arm-none-eabi/16.2.0/../../../../arm-none-eabi/lib/thumb/v7e-m+fp/hard/libc_nano.a(libc_a-malloc.o)
 .debug_abbrev  0x00004b8a      0x250 /usr/lib/gcc/arm-none-eabi/16.2.0/../../../../arm-none-eabi/lib/thumb/v7e-m+fp/hard/libc_nano.a(libc_a-mallocr.o)
 .debug_abbrev  0x00004dda      0x1c5 /usr/lib/gcc/arm-none-eabi/16.2.0/../../../../arm-none-eabi/lib/thumb/v7e-m+fp/hard/libc_nano.a(libc_a-mlock.o)
 .debug_abbrev  0x00004f9f      0x457 /usr/lib/gcc/arm-none-eabi/16.2.0/../../../../arm-none-eabi/lib/thumb/v7e-m+fp/hard/libc_nano.a(libc_a-mprec.o)
 .debug_abbrev  0x000053f6      0x31c /usr/lib/gcc/arm-none-eabi/16.2.0/../../../../arm-none-eabi/lib/thumb/v7e-m+fp/hard/libc_nano.a(libc_a-nano-vfprintf.o)
 .debug_abbrev  0x00005712      0x2b8 /usr/lib/gcc/arm-none-eabi/16.2.0/../../../../arm-none-eabi/lib/thumb/v7e-m+fp/hard/libc_nano.a(libc_a-fflush.o)
 .debug_abbrev  0x000059ca      0x291 /usr/lib/gcc/arm-none-eabi/16.2.0/../../../../arm-none-eabi/lib/thumb/v7e-m+fp/hard/libc_nano.a(libc_a-makebuf.o)
 .debug_abbrev  0x00005c5b      0x2b7 /usr/lib/gcc/arm-none-eabi/16.2.0/../../../../arm-none-eabi/lib/thumb/v7e-m+fp/hard/libc_nano.a(libc_a-locale.o)
 .debug_abbrev  0x00005f12      0x1c9 /usr/lib/gcc/arm-none-eabi/16.2.0/../../../../arm-none-eabi/lib/thumb/v7e-m+fp/hard/libc_nano.a(libc_a-fstatr.o)
 .debug_abbrev  0x000060db      0x1b6 /usr/lib/gcc/arm-none-eabi/16.2.0/../../../../arm-none-eabi/lib/thumb/v7e-m+fp/hard/libc_nano.a(libc_a-isattyr.o)
 .debug_abbrev  0x00006291      0x1e0 /usr/lib/gcc/arm-none-eabi/16.2.0/../../../../arm-none-eabi/lib/thumb/v7e-m+fp/hard/libc_nano.a(libc_a-sbrkr.o)
 .debug_abbrev  0x00006471       0xc7 /usr/lib/gcc/arm-none-eabi/16.2.0/../../../../arm-none-eabi/lib/thumb/v7e-m+fp/hard/libc_nano.a(libc_a-memcpy-stub.o)
 .debug_abbrev  0x00006538      0x1f0 /usr/lib/gcc/arm-none-eabi/16.2.0/../../../../arm-none-eabi/lib/thumb/v7e-m+fp/hard/libc_nano.a(libc_a-assert.o)
 .debug_abbrev  0x00006728      0x1d3 /usr/lib/gcc/arm-none-eabi/16.2.0/../../../../arm-none-eabi/lib/thumb/v7e-m+fp/hard/libc_nano.a(libc_a-callocr.o)
 .debug_abbrev  0x000068fb      0x219 /usr/lib/gcc/arm-none-eabi/16.2.0/../../../../arm-none-eabi/lib/thumb/v7e-m+fp/hard/libc_nano.a(libc_a-mbtowc_r.o)
 .debug_abbrev  0x00006b14      0x223 /usr/lib/gcc/arm-none-eabi/16.2.0/../../../../arm-none-eabi/lib/thumb/v7e-m+fp/hard/libc_nano.a(libc_a-wctomb_r.o)
 .debug_abbrev  0x00006d37       0x68 /usr/lib/gcc/arm-none-eabi/16.2.0/../../../../arm-none-eabi/lib/thumb/v7e-m+fp/hard/libc_nano.a(libc_a-ctype_.o)
 .debug_abbrev  0x00006d9f      0x223 /usr/lib/gcc/arm-none-eabi/16.2.0/../../../../arm-none-eabi/lib/thumb/v7e-m+fp/hard/libc_nano.a(libc_a-fprintf.o)
 .debug_abbrev  0x00006fc2       0x9f /usr/lib/gcc/arm-none-eabi/16.2.0/../../../../arm-none-eabi/lib/thumb/v7e-m+fp/hard/libc_nano.a(libc_a-abort.o)
 .debug_abbrev  0x00007061      0x297 /usr/lib/gcc/arm-none-eabi/16.2.0/../../../../arm-none-eabi/lib/thumb/v7e-m+fp/hard/libc_nano.a(libc_a-signal.o)
 .debug_abbrev  0x000072f8      0x203 /usr/lib/gcc/arm-none-eabi/16.2.0/../../../../arm-none-eabi/lib/thumb/v7e-m+fp/hard/libc_nano.a(libc_a-signalr.o)
 .debug_abbrev  0x000074fb       0x28 /usr/lib/gcc/arm-none-eabi/16.2.0/thumb/v7e-m+fp/hard/libgcc.a(_arm_addsubdf3.o)
 .debug_abbrev  0x00007523       0x28 /usr/lib/gcc/arm-none-eabi/16.2.0/thumb/v7e-m+fp/hard/libgcc.a(_arm_muldivdf3.o)
 .debug_abbrev  0x0000754b       0x28 /usr/lib/gcc/arm-none-eabi/16.2.0/thumb/v7e-m+fp/hard/libgcc.a(_arm_cmpdf2.o)
 .debug_abbrev  0x00007573       0x28 /usr/lib/gcc/arm-none-eabi/16.2.0/thumb/v7e-m+fp/hard/libgcc.a(_arm_unorddf2.o)
 .debug_abbrev  0x0000759b       0x28 /usr/lib/gcc/arm-none-eabi/16.2.0/thumb/v7e-m+fp/hard/libgcc.a(_arm_fixdfsi.o)
 .debug_abbrev  0x000075c3       0x14 /usr/lib/gcc/arm-none-eabi/16.2.0/thumb/v7e-m+fp/hard/libgcc.a(_aeabi_uldivmod.o)
 .debug_abbrev  0x000075d7      0x170 /usr/lib/gcc/arm-none-eabi/16.2.0/thumb/v7e-m+fp/hard/libgcc.a(_udivmoddi4.o)
 .debug_abbrev  0x00007747       0x26 /usr/lib/gcc/arm-none-eabi/16.2.0/thumb/v7e-m+fp/hard/libgcc.a(_dvmd_tls.o)

.debug_loc      0x00000000     0x8bf0
 .debug_loc     0x00000000      0x190 build/main.o
 .debug_loc     0x00000190      0x29b build/lis2mdl.o
 .debug_loc     0x0000042b       0x20 build/stm32f4xx_it.o
 .debug_loc     0x0000044b      0x238 build/stm32f4xx_hal_msp.o
 .debug_loc     0x00000683     0x2232 build/stm32f4xx_hal_spi.o
 .debug_loc     0x000028b5      0x66b build/stm32f4xx_hal_rcc.o
 .debug_loc     0x00002f20      0x5d5 build/stm32f4xx_hal_gpio.o
 .debug_loc     0x000034f5      0x896 build/stm32f4xx_hal_cortex.o
 .debug_loc     0x00003d8b      0x1e3 build/stm32f4xx_hal.o
 .debug_loc     0x00003f6e     0x45bf build/stm32f4xx_hal_uart.o
 .debug_loc     0x0000852d       0xb0 build/system_stm32f4xx.o
 .debug_loc     0x000085dd       0x90 build/sysmem.o
 .debug_loc     0x0000866d      0x583 build/syscalls.o

.debug_aranges  0x00000000     0x11c8
 .debug_aranges
                0x00000000       0x50 build/main.o
 .debug_aranges
                0x00000050       0x38 build/lis2mdl.o
 .debug_aranges
                0x00000088       0x60 build/stm32f4xx_it.o
 .debug_aranges
                0x000000e8       0x40 build/stm32f4xx_hal_msp.o
 .debug_aranges
                0x00000128      0x1d0 build/stm32f4xx_hal_spi.o
 .debug_aranges
                0x000002f8       0x88 build/stm32f4xx_hal_rcc.o
 .debug_aranges
                0x00000380       0x58 build/stm32f4xx_hal_gpio.o
 .debug_aranges
                0x000003d8       0xf8 build/stm32f4xx_hal_cortex.o
 .debug_aranges
                0x000004d0       0xf0 build/stm32f4xx_hal.o
 .debug_aranges
                0x000005c0      0x208 build/stm32f4xx_hal_uart.o
 .debug_aranges
                0x000007c8       0x28 build/system_stm32f4xx.o
 .debug_aranges
                0x000007f0       0x20 build/sysmem.o
 .debug_aranges
                0x00000810       0xa8 build/syscalls.o
 .debug_aranges
                0x000008b8       0x28 build/startup_stm32f411xe.o
 .debug_aranges
                0x000008e0       0x30 /usr/lib/gcc/arm-none-eabi/16.2.0/../../../../arm-none-eabi/lib/thumb/v7e-m+fp/hard/libc_nano.a(libc_a-nano-vfprintf_float.o)
 .debug_aranges
                0x00000910       0x28 /usr/lib/gcc/arm-none-eabi/16.2.0/../../../../arm-none-eabi/lib/thumb/v7e-m+fp/hard/libc_nano.a(libc_a-nano-vfprintf_i.o)
 .debug_aranges
                0x00000938       0x78 /usr/lib/gcc/arm-none-eabi/16.2.0/../../../../arm-none-eabi/lib/thumb/v7e-m+fp/hard/libc_nano.a(libc_a-findfp.o)
 .debug_aranges
                0x000009b0       0x20 /usr/lib/gcc/arm-none-eabi/16.2.0/../../../../arm-none-eabi/lib/thumb/v7e-m+fp/hard/libc_nano.a(libc_a-fwalk.o)
 .debug_aranges
                0x000009d0       0x28 /usr/lib/gcc/arm-none-eabi/16.2.0/../../../../arm-none-eabi/lib/thumb/v7e-m+fp/hard/libc_nano.a(libc_a-printf.o)
 .debug_aranges
                0x000009f8       0x28 /usr/lib/gcc/arm-none-eabi/16.2.0/../../../../arm-none-eabi/lib/thumb/v7e-m+fp/hard/libc_nano.a(libc_a-puts.o)
 .debug_aranges
                0x00000a20       0x40 /usr/lib/gcc/arm-none-eabi/16.2.0/../../../../arm-none-eabi/lib/thumb/v7e-m+fp/hard/libc_nano.a(libc_a-stdio.o)
 .debug_aranges
                0x00000a60       0x28 /usr/lib/gcc/arm-none-eabi/16.2.0/../../../../arm-none-eabi/lib/thumb/v7e-m+fp/hard/libc_nano.a(libc_a-wbuf.o)
 .debug_aranges
                0x00000a88       0x20 /usr/lib/gcc/arm-none-eabi/16.2.0/../../../../arm-none-eabi/lib/thumb/v7e-m+fp/hard/libc_nano.a(libc_a-wsetup.o)
 .debug_aranges
                0x00000aa8       0x20 /usr/lib/gcc/arm-none-eabi/16.2.0/../../../../arm-none-eabi/lib/thumb/v7e-m+fp/hard/libc_nano.a(libc_a-memset.o)
 .debug_aranges
                0x00000ac8       0x30 /usr/lib/gcc/arm-none-eabi/16.2.0/../../../../arm-none-eabi/lib/thumb/v7e-m+fp/hard/libc_nano.a(libc_a-localeconv.o)
 .debug_aranges
                0x00000af8       0x20 /usr/lib/gcc/arm-none-eabi/16.2.0/../../../../arm-none-eabi/lib/thumb/v7e-m+fp/hard/libc_nano.a(libc_a-closer.o)
 .debug_aranges
                0x00000b18       0x20 /usr/lib/gcc/arm-none-eabi/16.2.0/../../../../arm-none-eabi/lib/thumb/v7e-m+fp/hard/libc_nano.a(libc_a-reent.o)
 .debug_aranges
                0x00000b38       0x18 /usr/lib/gcc/arm-none-eabi/16.2.0/../../../../arm-none-eabi/lib/thumb/v7e-m+fp/hard/libc_nano.a(libc_a-impure.o)
 .debug_aranges
                0x00000b50       0x20 /usr/lib/gcc/arm-none-eabi/16.2.0/../../../../arm-none-eabi/lib/thumb/v7e-m+fp/hard/libc_nano.a(libc_a-lseekr.o)
 .debug_aranges
                0x00000b70       0x20 /usr/lib/gcc/arm-none-eabi/16.2.0/../../../../arm-none-eabi/lib/thumb/v7e-m+fp/hard/libc_nano.a(libc_a-readr.o)
 .debug_aranges
                0x00000b90       0x20 /usr/lib/gcc/arm-none-eabi/16.2.0/../../../../arm-none-eabi/lib/thumb/v7e-m+fp/hard/libc_nano.a(libc_a-writer.o)
 .debug_aranges
                0x00000bb0       0x20 /usr/lib/gcc/arm-none-eabi/16.2.0/../../../../arm-none-eabi/lib/thumb/v7e-m+fp/hard/libc_nano.a(libc_a-errno.o)
 .debug_aranges
                0x00000bd0       0x20 /usr/lib/gcc/arm-none-eabi/16.2.0/../../../../arm-none-eabi/lib/thumb/v7e-m+fp/hard/libc_nano.a(libc_a-init.o)
 .debug_aranges
                0x00000bf0       0x68 /usr/lib/gcc/arm-none-eabi/16.2.0/../../../../arm-none-eabi/lib/thumb/v7e-m+fp/hard/libc_nano.a(libc_a-lock.o)
 .debug_aranges
                0x00000c58       0x20 /usr/lib/gcc/arm-none-eabi/16.2.0/../../../../arm-none-eabi/lib/thumb/v7e-m+fp/hard/libc_nano.a(libc_a-memchr.o)
 .debug_aranges
                0x00000c78       0x20 /usr/lib/gcc/arm-none-eabi/16.2.0/../../../../arm-none-eabi/lib/thumb/v7e-m+fp/hard/libc_nano.a(libc_a-strlen.o)
 .debug_aranges
                0x00000c98       0x28 /usr/lib/gcc/arm-none-eabi/16.2.0/../../../../arm-none-eabi/lib/thumb/v7e-m+fp/hard/libc_nano.a(libc_a-dtoa.o)
 .debug_aranges
                0x00000cc0       0x20 /usr/lib/gcc/arm-none-eabi/16.2.0/../../../../arm-none-eabi/lib/thumb/v7e-m+fp/hard/libc_nano.a(libc_a-freer.o)
 .debug_aranges
                0x00000ce0       0x28 /usr/lib/gcc/arm-none-eabi/16.2.0/../../../../arm-none-eabi/lib/thumb/v7e-m+fp/hard/libc_nano.a(libc_a-malloc.o)
 .debug_aranges
                0x00000d08       0x28 /usr/lib/gcc/arm-none-eabi/16.2.0/../../../../arm-none-eabi/lib/thumb/v7e-m+fp/hard/libc_nano.a(libc_a-mallocr.o)
 .debug_aranges
                0x00000d30       0x28 /usr/lib/gcc/arm-none-eabi/16.2.0/../../../../arm-none-eabi/lib/thumb/v7e-m+fp/hard/libc_nano.a(libc_a-mlock.o)
 .debug_aranges
                0x00000d58       0xb0 /usr/lib/gcc/arm-none-eabi/16.2.0/../../../../arm-none-eabi/lib/thumb/v7e-m+fp/hard/libc_nano.a(libc_a-mprec.o)
 .debug_aranges
                0x00000e08       0x40 /usr/lib/gcc/arm-none-eabi/16.2.0/../../../../arm-none-eabi/lib/thumb/v7e-m+fp/hard/libc_nano.a(libc_a-nano-vfprintf.o)
 .debug_aranges
                0x00000e48       0x30 /usr/lib/gcc/arm-none-eabi/16.2.0/../../../../arm-none-eabi/lib/thumb/v7e-m+fp/hard/libc_nano.a(libc_a-fflush.o)
 .debug_aranges
                0x00000e78       0x28 /usr/lib/gcc/arm-none-eabi/16.2.0/../../../../arm-none-eabi/lib/thumb/v7e-m+fp/hard/libc_nano.a(libc_a-makebuf.o)
 .debug_aranges
                0x00000ea0       0x30 /usr/lib/gcc/arm-none-eabi/16.2.0/../../../../arm-none-eabi/lib/thumb/v7e-m+fp/hard/libc_nano.a(libc_a-locale.o)
 .debug_aranges
                0x00000ed0       0x20 /usr/lib/gcc/arm-none-eabi/16.2.0/../../../../arm-none-eabi/lib/thumb/v7e-m+fp/hard/libc_nano.a(libc_a-fstatr.o)
 .debug_aranges
                0x00000ef0       0x20 /usr/lib/gcc/arm-none-eabi/16.2.0/../../../../arm-none-eabi/lib/thumb/v7e-m+fp/hard/libc_nano.a(libc_a-isattyr.o)
 .debug_aranges
                0x00000f10       0x20 /usr/lib/gcc/arm-none-eabi/16.2.0/../../../../arm-none-eabi/lib/thumb/v7e-m+fp/hard/libc_nano.a(libc_a-sbrkr.o)
 .debug_aranges
                0x00000f30       0x20 /usr/lib/gcc/arm-none-eabi/16.2.0/../../../../arm-none-eabi/lib/thumb/v7e-m+fp/hard/libc_nano.a(libc_a-memcpy-stub.o)
 .debug_aranges
                0x00000f50       0x28 /usr/lib/gcc/arm-none-eabi/16.2.0/../../../../arm-none-eabi/lib/thumb/v7e-m+fp/hard/libc_nano.a(libc_a-assert.o)
 .debug_aranges