Archive member included to satisfy reference by file (symbol)

/usr/lib/gcc/arm-none-eabi/16.2.0/../../../../arm-none-eabi/lib/thumb/v7e-m+fp/hard/libc_nano.a(libc_a-atexit.o)
                              /usr/lib/gcc/arm-none-eabi/16.2.0/../../../../arm-none-eabi/lib/thumb/v7e-m+fp/hard/crt0.o (atexit)
/usr/lib/gcc/arm-none-eabi/16.2.0/../../../../arm-none-eabi/lib/thumb/v7e-m+fp/hard/libc_nano.a(libc_a-exit.o)
                              /usr/lib/gcc/arm-none-eabi/16.2.0/../../../../arm-none-eabi/lib/thumb/v7e-m+fp/hard/crt0.o (exit)
/usr/lib/gcc/arm-none-eabi/16.2.0/../../../../arm-none-eabi/lib/thumb/v7e-m+fp/hard/libc_nano.a(libc_a-findfp.o)
                              /usr/lib/gcc/arm-none-eabi/16.2.0/../../../../arm-none-eabi/lib/thumb/v7e-m+fp/hard/libc_nano.a(libc_a-exit.o) (__stdio_exit_handler)
/usr/lib/gcc/arm-none-eabi/16.2.0/../../../../arm-none-eabi/lib/thumb/v7e-m+fp/hard/libc_nano.a(libc_a-fwalk.o)
                              /usr/lib/gcc/arm-none-eabi/16.2.0/../../../../arm-none-eabi/lib/thumb/v7e-m+fp/hard/libc_nano.a(libc_a-findfp.o) (_fwalk_sglue)
/usr/lib/gcc/arm-none-eabi/16.2.0/../../../../arm-none-eabi/lib/thumb/v7e-m+fp/hard/libc_nano.a(libc_a-printf.o)
                              build/main.o (printf)
/usr/lib/gcc/arm-none-eabi/16.2.0/../../../../arm-none-eabi/lib/thumb/v7e-m+fp/hard/libc_nano.a(libc_a-puts.o)
                              build/main.o (puts)
/usr/lib/gcc/arm-none-eabi/16.2.0/../../../../arm-none-eabi/lib/thumb/v7e-m+fp/hard/libc_nano.a(libc_a-stdio.o)
                              /usr/lib/gcc/arm-none-eabi/16.2.0/../../../../arm-none-eabi/lib/thumb/v7e-m+fp/hard/libc_nano.a(libc_a-findfp.o) (__sread)
/usr/lib/gcc/arm-none-eabi/16.2.0/../../../../arm-none-eabi/lib/thumb/v7e-m+fp/hard/libc_nano.a(libc_a-wbuf.o)
                              /usr/lib/gcc/arm-none-eabi/16.2.0/../../../../arm-none-eabi/lib/thumb/v7e-m+fp/hard/libc_nano.a(libc_a-puts.o) (__swbuf_r)
/usr/lib/gcc/arm-none-eabi/16.2.0/../../../../arm-none-eabi/lib/thumb/v7e-m+fp/hard/libc_nano.a(libc_a-wsetup.o)
                              /usr/lib/gcc/arm-none-eabi/16.2.0/../../../../arm-none-eabi/lib/thumb/v7e-m+fp/hard/libc_nano.a(libc_a-puts.o) (__swsetup_r)
/usr/lib/gcc/arm-none-eabi/16.2.0/../../../../arm-none-eabi/lib/thumb/v7e-m+fp/hard/libc_nano.a(libc_a-memset.o)
                              /usr/lib/gcc/arm-none-eabi/16.2.0/../../../../arm-none-eabi/lib/thumb/v7e-m+fp/hard/crt0.o (memset)
/usr/lib/gcc/arm-none-eabi/16.2.0/../../../../arm-none-eabi/lib/thumb/v7e-m+fp/hard/libc_nano.a(libc_a-closer.o)
                              /usr/lib/gcc/arm-none-eabi/16.2.0/../../../../arm-none-eabi/lib/thumb/v7e-m+fp/hard/libc_nano.a(libc_a-stdio.o) (_close_r)
/usr/lib/gcc/arm-none-eabi/16.2.0/../../../../arm-none-eabi/lib/thumb/v7e-m+fp/hard/libc_nano.a(libc_a-reent.o)
                              /usr/lib/gcc/arm-none-eabi/16.2.0/../../../../arm-none-eabi/lib/thumb/v7e-m+fp/hard/libc_nano.a(libc_a-closer.o) (errno)
/usr/lib/gcc/arm-none-eabi/16.2.0/../../../../arm-none-eabi/lib/thumb/v7e-m+fp/hard/libc_nano.a(libc_a-impure.o)
                              /usr/lib/gcc/arm-none-eabi/16.2.0/../../../../arm-none-eabi/lib/thumb/v7e-m+fp/hard/libc_nano.a(libc_a-printf.o) (_impure_ptr)
/usr/lib/gcc/arm-none-eabi/16.2.0/../../../../arm-none-eabi/lib/thumb/v7e-m+fp/hard/libc_nano.a(libc_a-lseekr.o)
                              /usr/lib/gcc/arm-none-eabi/16.2.0/../../../../arm-none-eabi/lib/thumb/v7e-m+fp/hard/libc_nano.a(libc_a-stdio.o) (_lseek_r)
/usr/lib/gcc/arm-none-eabi/16.2.0/../../../../arm-none-eabi/lib/thumb/v7e-m+fp/hard/libc_nano.a(libc_a-readr.o)
                              /usr/lib/gcc/arm-none-eabi/16.2.0/../../../../arm-none-eabi/lib/thumb/v7e-m+fp/hard/libc_nano.a(libc_a-stdio.o) (_read_r)
/usr/lib/gcc/arm-none-eabi/16.2.0/../../../../arm-none-eabi/lib/thumb/v7e-m+fp/hard/libc_nano.a(libc_a-writer.o)
                              /usr/lib/gcc/arm-none-eabi/16.2.0/../../../../arm-none-eabi/lib/thumb/v7e-m+fp/hard/libc_nano.a(libc_a-stdio.o) (_write_r)
/usr/lib/gcc/arm-none-eabi/16.2.0/../../../../arm-none-eabi/lib/thumb/v7e-m+fp/hard/libc_nano.a(libc_a-errno.o)
                              build/sysmem.o (__errno)
/usr/lib/gcc/arm-none-eabi/16.2.0/../../../../arm-none-eabi/lib/thumb/v7e-m+fp/hard/libc_nano.a(libc_a-init.o)
                              /usr/lib/gcc/arm-none-eabi/16.2.0/../../../../arm-none-eabi/lib/thumb/v7e-m+fp/hard/crt0.o (__libc_init_array)
/usr/lib/gcc/arm-none-eabi/16.2.0/../../../../arm-none-eabi/lib/thumb/v7e-m+fp/hard/libc_nano.a(libc_a-fini.o)
                              /usr/lib/gcc/arm-none-eabi/16.2.0/../../../../arm-none-eabi/lib/thumb/v7e-m+fp/hard/crt0.o (__libc_fini_array)
/usr/lib/gcc/arm-none-eabi/16.2.0/../../../../arm-none-eabi/lib/thumb/v7e-m+fp/hard/libc_nano.a(libc_a-lock.o)
[...]
Memory Configuration

Name             Origin             Length             Attributes
RAM              0x20000000         0x00020000         xrw
FLASH            0x08000000         0x00080000         xr
*default*        0x00000000         0xffffffff

Linker script and memory map

LOAD /usr/lib/gcc/arm-none-eabi/16.2.0/thumb/v7e-m+fp/hard/crti.o
LOAD /usr/lib/gcc/arm-none-eabi/16.2.0/thumb/v7e-m+fp/hard/crtbegin.o
LOAD /usr/lib/gcc/arm-none-eabi/16.2.0/../../../../arm-none-eabi/lib/thumb/v7e-m+fp/hard/crt0.o
LOAD build/main.o
LOAD build/lis2mdl.o
LOAD build/stm32f4xx_it.o
LOAD build/stm32f4xx_hal_msp.o
LOAD build/stm32f4xx_hal_spi.o
LOAD build/stm32f4xx_hal_rcc.o
LOAD build/stm32f4xx_hal_rcc_ex.o
LOAD build/stm32f4xx_hal_flash.o
LOAD build/stm32f4xx_hal_flash_ex.o
LOAD build/stm32f4xx_hal_flash_ramfunc.o
LOAD build/stm32f4xx_hal_gpio.o
LOAD build/stm32f4xx_hal_dma_ex.o
LOAD build/stm32f4xx_hal_dma.o
LOAD build/stm32f4xx_hal_pwr.o
LOAD build/stm32f4xx_hal_pwr_ex.o
LOAD build/stm32f4xx_hal_cortex.o
LOAD build/stm32f4xx_hal.o
LOAD build/stm32f4xx_hal_exti.o
LOAD build/stm32f4xx_hal_uart.o
LOAD build/system_stm32f4xx.o
LOAD build/sysmem.o
LOAD build/syscalls.o
LOAD build/startup_stm32f411xe.o
LOAD /usr/lib/gcc/arm-none-eabi/16.2.0/../../../../arm-none-eabi/lib/thumb/v7e-m+fp/hard/libc_nano.a
LOAD /usr/lib/gcc/arm-none-eabi/16.2.0/../../../../arm-none-eabi/lib/thumb/v7e-m+fp/hard/libm.a
LOAD /usr/lib/gcc/arm-none-eabi/16.2.0/../../../../arm-none-eabi/lib/thumb/v7e-m+fp/hard/libnosys.a
START GROUP
LOAD /usr/lib/gcc/arm-none-eabi/16.2.0/thumb/v7e-m+fp/hard/libgcc.a
LOAD /usr/lib/gcc/arm-none-eabi/16.2.0/../../../../arm-none-eabi/lib/thumb/v7e-m+fp/hard/libc_nano.a
END GROUP
START GROUP
LOAD /usr/lib/gcc/arm-none-eabi/16.2.0/thumb/v7e-m+fp/hard/libgcc.a
LOAD /usr/lib/gcc/arm-none-eabi/16.2.0/../../../../arm-none-eabi/lib/thumb/v7e-m+fp/hard/libc_nano.a
END GROUP
LOAD /usr/lib/gcc/arm-none-eabi/16.2.0/thumb/v7e-m+fp/hard/crtend.o
LOAD /usr/lib/gcc/arm-none-eabi/16.2.0/thumb/v7e-m+fp/hard/crtn.o
                0x20020000                        _estack = (ORIGIN (RAM) + LENGTH (RAM))
                0x2001fc00                        _sstack = (_estack - _Min_Stack_Size)
                0x00000200                        _Min_Heap_Size = 0x200
                0x00000400                        _Min_Stack_Size = 0x400

.isr_vector     0x08000000      0x198
                0x08000000                        . = ALIGN (0x4)
 *(.isr_vector)
 .isr_vector    0x08000000      0x198 build/startup_stm32f411xe.o
                0x08000000                g_pfnVectors
                0x08000198                        . = ALIGN (0x4)

.text           0x080001a0     0x2f4c
                0x080001a0                        . = ALIGN (0x4)
 *(.text)
 .text          0x080001a0       0xa0 /usr/lib/gcc/arm-none-eabi/16.2.0/../../../../arm-none-eabi/lib/thumb/v7e-m+fp/hard/libc_nano.a(libc_a-memchr.o)
                0x080001a0                memchr
 .text          0x08000240      0x378 /usr/lib/gcc/arm-none-eabi/16.2.0/thumb/v7e-m+fp/hard/libgcc.a(_arm_addsubdf3.o)
                0x08000240                __aeabi_drsub
                0x08000248                __aeabi_dsub
                0x08000248                __subdf3
                0x0800024c                __adddf3
                0x0800024c                __aeabi_dadd
                0x080004c4                __aeabi_ui2d
                0x080004c4                __floatunsidf
                0x080004e4                __floatsidf
                0x080004e4                __aeabi_i2d
                0x08000508                __extendsfdf2
                0x08000508                __aeabi_f2d
                0x0800054c                __aeabi_ul2d
                0x0800054c                __floatundidf
                0x0800055c                __floatdidf
                0x0800055c                __aeabi_l2d
 .text          0x080005b8       0x30 /usr/lib/gcc/arm-none-eabi/16.2.0/thumb/v7e-m+fp/hard/libgcc.a(_aeabi_uldivmod.o)
                0x080005b8                __aeabi_uldivmod
 .text          0x080005e8        0x4 /usr/lib/gcc/arm-none-eabi/16.2.0/thumb/v7e-m+fp/hard/libgcc.a(_dvmd_tls.o)
                0x080005e8                __aeabi_ldiv0
                0x080005e8                __aeabi_idiv0
 *(.text*)
 .text.__do_global_dtors_aux
                0x080005ec       0x24 /usr/lib/gcc/arm-none-eabi/16.2.0/thumb/v7e-m+fp/hard/crtbegin.o
 .text.frame_dummy
                0x08000610       0x1c /usr/lib/gcc/arm-none-eabi/16.2.0/thumb/v7e-m+fp/hard/crtbegin.o
 .text.MX_GPIO_Init
                0x0800062c       0xac build/main.o
 .text.Error_Handler
                0x080006d8        0x4 build/main.o
                0x080006d8                Error_Handler
 .text.MX_SPI2_Init
                0x080006dc       0x40 build/main.o
 .text.MX_USART2_UART_Init
                0x0800071c       0x34 build/main.o
 .text.SystemClock_Config
                0x08000750       0x9c build/main.o
                0x08000750                SystemClock_Config
 .text.main     0x080007ec       0x68 build/main.o
                0x080007ec                main
 .text.LIS2MDL_Read
                0x08000854       0x54 build/lis2mdl.o
                0x08000854                LIS2MDL_Read
 .text.LIS2MDL_Write
                0x080008a8       0x44 build/lis2mdl.o
                0x080008a8                LIS2MDL_Write
 .text.LIS2MDL_Init
                0x080008ec       0x5c build/lis2mdl.o
                0x080008ec                LIS2MDL_Init
 .text.LIS2MDL_Read_mgauss
                0x08000948       0x5a build/lis2mdl.o
                0x08000948                LIS2MDL_Read_mgauss
 .text.NMI_Handler
                0x080009a2        0x2 build/stm32f4xx_it.o
                0x080009a2                NMI_Handler
 .text.HardFault_Handler
                0x080009a4        0x2 build/stm32f4xx_it.o
                0x080009a4                HardFault_Handler
 .text.MemManage_Handler
                0x080009a6        0x2 build/stm32f4xx_it.o
                0x080009a6                MemManage_Handler
 .text.BusFault_Handler
                0x080009a8        0x2 build/stm32f4xx_it.o
                0x080009a8                BusFault_Handler
 .text.UsageFault_Handler
                0x080009aa        0x2 build/stm32f4xx_it.o
                0x080009aa                UsageFault_Handler
 .text.SVC_Handler
                0x080009ac        0x2 build/stm32f4xx_it.o
                0x080009ac                SVC_Handler
 .text.DebugMon_Handler
                0x080009ae        0x2 build/stm32f4xx_it.o
                0x080009ae                DebugMon_Handler
 .text.PendSV_Handler
                0x080009b0        0x2 build/stm32f4xx_it.o
                0x080009b0                PendSV_Handler
 .text.SysTick_Handler
                0x080009b2        0x8 build/stm32f4xx_it.o
                0x080009b2                SysTick_Handler
 *fill*         0x080009ba        0x2 
 .text.HAL_MspInit
                0x080009bc       0x40 build/stm32f4xx_hal_msp.o
                0x080009bc                HAL_MspInit
 .text.HAL_SPI_MspInit
                0x080009fc       0x9c build/stm32f4xx_hal_msp.o
                0x080009fc                HAL_SPI_MspInit
 .text.HAL_UART_MspInit
                0x08000a98       0x6c build/stm32f4xx_hal_msp.o
                0x08000a98                HAL_UART_MspInit
 .text.SPI_WaitFlagStateUntilTimeout
                0x08000b04       0xc8 build/stm32f4xx_hal_spi.o
 .text.SPI_EndRxTxTransaction
                0x08000bcc       0x80 build/stm32f4xx_hal_spi.o
 .text.SPI_EndRxTransaction
                0x08000c4c       0x88 build/stm32f4xx_hal_spi.o
 .text.HAL_SPI_Init
                0x08000cd4       0xbe build/stm32f4xx_hal_spi.o
                0x08000cd4                HAL_SPI_Init
 .text.HAL_SPI_Transmit
                0x08000d92      0x1a0 build/stm32f4xx_hal_spi.o
                0x08000d92                HAL_SPI_Transmit
 .text.HAL_SPI_TransmitReceive
                0x08000f32      0x21c build/stm32f4xx_hal_spi.o
                0x08000f32                HAL_SPI_TransmitReceive
 .text.HAL_SPI_Receive
                0x0800114e      0x15c build/stm32f4xx_hal_spi.o
                0x0800114e                HAL_SPI_Receive
 *fill*         0x080012aa        0x2 
 .text.HAL_RCC_OscConfig
                0x080012ac      0x3cc build/stm32f4xx_hal_rcc.o
                0x080012ac                HAL_RCC_OscConfig
 .text.HAL_RCC_GetSysClockFreq
                0x08001678       0xdc build/stm32f4xx_hal_rcc.o
                0x08001678                HAL_RCC_GetSysClockFreq
 .text.HAL_RCC_ClockConfig
                0x08001754      0x14c build/stm32f4xx_hal_rcc.o
                0x08001754                HAL_RCC_ClockConfig
 .text.HAL_RCC_GetHCLKFreq
                0x080018a0        0xc build/stm32f4xx_hal_rcc.o
                0x080018a0                HAL_RCC_GetHCLKFreq
 .text.HAL_RCC_GetPCLK1Freq
                0x080018ac       0x20 build/stm32f4xx_hal_rcc.o
                0x080018ac                HAL_RCC_GetPCLK1Freq
 .text.HAL_RCC_GetPCLK2Freq
                0x080018cc       0x20 build/stm32f4xx_hal_rcc.o
                0x080018cc                HAL_RCC_GetPCLK2Freq
 .text.HAL_GPIO_Init
                0x080018ec      0x1e0 build/stm32f4xx_hal_gpio.o
                0x080018ec                HAL_GPIO_Init
 .text.HAL_GPIO_WritePin
                0x08001acc        0xc build/stm32f4xx_hal_gpio.o
                0x08001acc                HAL_GPIO_WritePin
 .text.__NVIC_SetPriority
                0x08001ad8       0x24 build/stm32f4xx_hal_cortex.o
 .text.NVIC_EncodePriority
                0x08001afc       0x46 build/stm32f4xx_hal_cortex.o
 *fill*         0x08001b42        0x2 
 .text.HAL_NVIC_SetPriorityGrouping
                0x08001b44       0x24 build/stm32f4xx_hal_cortex.o
                0x08001b44                HAL_NVIC_SetPriorityGrouping
 .text.HAL_NVIC_SetPriority
                0x08001b68       0x20 build/stm32f4xx_hal_cortex.o
                0x08001b68                HAL_NVIC_SetPriority
 .text.HAL_SYSTICK_Config
                0x08001b88       0x28 build/stm32f4xx_hal_cortex.o
                0x08001b88                HAL_SYSTICK_Config
 .text.HAL_InitTick
                0x08001bb0       0x48 build/stm32f4xx_hal.o
                0x08001bb0                HAL_InitTick
 .text.HAL_Init
                0x08001bf8       0x34 build/stm32f4xx_hal.o
                0x08001bf8                HAL_Init
 .text.HAL_IncTick
                0x08001c2c       0x18 build/stm32f4xx_hal.o
                0x08001c2c                HAL_IncTick
 .text.HAL_GetTick
                0x08001c44        0xc build/stm32f4xx_hal.o
                0x08001c44                HAL_GetTick
 .text.HAL_Delay
                0x08001c50       0x28 build/stm32f4xx_hal.o
                0x08001c50                HAL_Delay
 .text.UART_SetConfig
                0x08001c78      0x110 build/stm32f4xx_hal_uart.o
 .text.HAL_UART_Init
                0x08001d88       0x60 build/stm32f4xx_hal_uart.o
                0x08001d88                HAL_UART_Init
 .text.SystemInit
                0x08001de8       0x14 build/system_stm32f4xx.o
                0x08001de8                SystemInit
 .text._sbrk    0x08001dfc       0x4c build/sysmem.o
                0x08001dfc                _sbrk
 .text._read    0x08001e48       0x20 build/syscalls.o
                0x08001e48                _read
 .text._write   0x08001e68       0x1c build/syscalls.o
                0x08001e68                _write
 .text._close   0x08001e84        0x6 build/syscalls.o
                0x08001e84                _close
 .text._fstat   0x08001e8a        0xa build/syscalls.o
                0x08001e8a                _fstat
 .text._isatty  0x08001e94        0x4 build/syscalls.o
                0x08001e94                _isatty
 .text._lseek   0x08001e98        0x4 build/syscalls.o
                0x08001e98                _lseek
 .text.Reset_Handler
                0x08001e9c       0x50 build/startup_stm32f411xe.o
                0x08001e9c                Reset_Handler
 .text.Default_Handler
                0x08001eec        0x2 build/startup_stm32f411xe.o
                0x08001eec                RTC_Alarm_IRQHandler
                0x08001eec                EXTI2_IRQHandler
                0x08001eec                SPI4_IRQHandler
                0x08001eec                TIM1_CC_IRQHandler
                0x08001eec                DMA2_Stream5_IRQHandler
                0x08001eec                DMA1_Stream5_IRQHandler
                0x08001eec                PVD_IRQHandler
                0x08001eec                SDIO_IRQHandler
                0x08001eec                TAMP_STAMP_IRQHandler
                0x08001eec                EXTI3_IRQHandler
                0x08001eec                TIM1_UP_TIM10_IRQHandler
                0x08001eec                I2C3_ER_IRQHandler
                0x08001eec                EXTI0_IRQHandler
                0x08001eec                I2C2_EV_IRQHandler
                0x08001eec                DMA1_Stream2_IRQHandler
                0x08001eec                FPU_IRQHandler
                0x08001eec                DMA2_Stream2_IRQHandler
                0x08001eec                SPI1_IRQHandler
                0x08001eec                TIM1_BRK_TIM9_IRQHandler
                0x08001eec                DMA2_Stream3_IRQHandler
                0x08001eec                USART6_IRQHandler
                0x08001eec                DMA2_Stream0_IRQHandler
                0x08001eec                TIM4_IRQHandler
                0x08001eec                I2C1_EV_IRQHandler
                0x08001eec                DMA1_Stream6_IRQHandler
                0x08001eec                DMA1_Stream1_IRQHandler
                0x08001eec                TIM3_IRQHandler
                0x08001eec                RCC_IRQHandler
                0x08001eec                Default_Handler
                0x08001eec                EXTI15_10_IRQHandler
                0x08001eec                ADC_IRQHandler
                0x08001eec                DMA1_Stream7_IRQHandler
                0x08001eec                SPI5_IRQHandler
                0x08001eec                TIM5_IRQHandler
                0x08001eec                DMA2_Stream7_IRQHandler
                0x08001eec                I2C3_EV_IRQHandler
                0x08001eec                EXTI9_5_IRQHandler
                0x08001eec                RTC_WKUP_IRQHandler
                0x08001eec                SPI2_IRQHandler
                0x08001eec                DMA1_Stream0_IRQHandler
                0x08001eec                EXTI4_IRQHandler
                0x08001eec                WWDG_IRQHandler
                0x08001eec                TIM2_IRQHandler
                0x08001eec                OTG_FS_WKUP_IRQHandler
                0x08001eec                TIM1_TRG_COM_TIM11_IRQHandler
                0x08001eec                EXTI1_IRQHandler
                0x08001eec                USART2_IRQHandler
                0x08001eec                I2C2_ER_IRQHandler
                0x08001eec                DMA2_Stream1_IRQHandler
                0x08001eec                FLASH_IRQHandler
                0x08001eec                DMA2_Stream4_IRQHandler
                0x08001eec                USART1_IRQHandler
                0x08001eec                OTG_FS_IRQHandler
                0x08001eec                SPI3_IRQHandler
                0x08001eec                DMA1_Stream4_IRQHandler
                0x08001eec                I2C1_ER_IRQHandler
                0x08001eec                DMA2_Stream6_IRQHandler
                0x08001eec                DMA1_Stream3_IRQHandler
 *fill*         0x08001eee        0x2 
 .text.std      0x08001ef0       0x6c /usr/lib/gcc/arm-none-eabi/16.2.0/../../../../arm-none-eabi/lib/thumb/v7e-m+fp/hard/libc_nano.a(libc_a-findfp.o)
 .text.stdio_exit_handler
                0x08001f5c       0x18 /usr/lib/gcc/arm-none-eabi/16.2.0/../../../../arm-none-eabi/lib/thumb/v7e-m+fp/hard/libc_nano.a(libc_a-findfp.o)
 .text.cleanup_stdio
                0x08001f74       0x40 /usr/lib/gcc/arm-none-eabi/16.2.0/../../../../arm-none-eabi/lib/thumb/v7e-m+fp/hard/libc_nano.a(libc_a-findfp.o)
 .text.global_stdio_init.part.0
                0x08001fb4       0x40 /usr/lib/gcc/arm-none-eabi/16.2.0/../../../../arm-none-eabi/lib/thumb/v7e-m+fp/hard/libc_nano.a(libc_a-findfp.o)
 .text.__sfp_lock_acquire
                0x08001ff4        0xc /usr/lib/gcc/arm-none-eabi/16.2.0/../../../../arm-none-eabi/lib/thumb/v7e-m+fp/hard/libc_nano.a(libc_a-findfp.o)
                0x08001ff4                __sfp_lock_acquire
 .text.__sfp_lock_release
                0x08002000        0xc /usr/lib/gcc/arm-none-eabi/16.2.0/../../../../arm-none-eabi/lib/thumb/v7e-m+fp/hard/libc_nano.a(libc_a-findfp.o)
                0x08002000                __sfp_lock_release
 .text.__sinit  0x0800200c       0x30 /usr/lib/gcc/arm-none-eabi/16.2.0/../../../../arm-none-eabi/lib/thumb/v7e-m+fp/hard/libc_nano.a(libc_a-findfp.o)
                0x0800200c                __sinit
 .text._fwalk_sglue
                0x0800203c       0x3a /usr/lib/gcc/arm-none-eabi/16.2.0/../../../../arm-none-eabi/lib/thumb/v7e-m+fp/hard/libc_nano.a(libc_a-fwalk.o)
                0x0800203c                _fwalk_sglue
 *fill*         0x08002076        0x2 
 .text.printf   0x08002078       0x24 /usr/lib/gcc/arm-none-eabi/16.2.0/../../../../arm-none-eabi/lib/thumb/v7e-m+fp/hard/libc_nano.a(libc_a-printf.o)
                0x08002078                printf
                0x08002078                iprintf
 .text._puts_r  0x0800209c       0xb0 /usr/lib/gcc/arm-none-eabi/16.2.0/../../../../arm-none-eabi/lib/thumb/v7e-m+fp/hard/libc_nano.a(libc_a-puts.o)
                0x0800209c                _puts_r
 .text.puts     0x0800214c       0x10 /usr/lib/gcc/arm-none-eabi/16.2.0/../../../../arm-none-eabi/lib/thumb/v7e-m+fp/hard/libc_nano.a(libc_a-puts.o)
                0x0800214c                puts
 .text.__sread  0x0800215c       0x22 /usr/lib/gcc/arm-none-eabi/16.2.0/../../../../arm-none-eabi/lib/thumb/v7e-m+fp/hard/libc_nano.a(libc_a-stdio.o)
                0x0800215c                __sread
 .text.__swrite
                0x0800217e       0x38 /usr/lib/gcc/arm-none-eabi/16.2.0/../../../../arm-none-eabi/lib/thumb/v7e-m+fp/hard/libc_nano.a(libc_a-stdio.o)
                0x0800217e                __swrite
 .text.__sseek  0x080021b6       0x26 /usr/lib/gcc/arm-none-eabi/16.2.0/../../../../arm-none-eabi/lib/thumb/v7e-m+fp/hard/libc_nano.a(libc_a-stdio.o)
                0x080021b6                __sseek
 .text.__sclose
                0x080021dc        0x8 /usr/lib/gcc/arm-none-eabi/16.2.0/../../../../arm-none-eabi/lib/thumb/v7e-m+fp/hard/libc_nano.a(libc_a-stdio.o)
                0x080021dc                __sclose
 .text.__swbuf_r
                0x080021e4       0x7e /usr/lib/gcc/arm-none-eabi/16.2.0/../../../../arm-none-eabi/lib/thumb/v7e-m+fp/hard/libc_nano.a(libc_a-wbuf.o)
                0x080021e4                __swbuf_r
 *fill*         0x08002262        0x2 
 .text.__swsetup_r
                0x08002264       0xa8 /usr/lib/gcc/arm-none-eabi/16.2.0/../../../../arm-none-eabi/lib/thumb/v7e-m+fp/hard/libc_nano.a(libc_a-wsetup.o)
                0x08002264                __swsetup_r
 .text.memset   0x0800230c       0x10 /usr/lib/gcc/arm-none-eabi/16.2.0/../../../../arm-none-eabi/lib/thumb/v7e-m+fp/hard/libc_nano.a(libc_a-memset.o)
                0x0800230c                memset
 .text._close_r
                0x0800231c       0x20 /usr/lib/gcc/arm-none-eabi/16.2.0/../../../../arm-none-eabi/lib/thumb/v7e-m+fp/hard/libc_nano.a(libc_a-closer.o)
                0x0800231c                _close_r
 .text._lseek_r
                0x0800233c       0x24 /usr/lib/gcc/arm-none-eabi/16.2.0/../../../../arm-none-eabi/lib/thumb/v7e-m+fp/hard/libc_nano.a(libc_a-lseekr.o)
                0x0800233c                _lseek_r
 .text._read_r  0x08002360       0x24 /usr/lib/gcc/arm-none-eabi/16.2.0/../../../../arm-none-eabi/lib/thumb/v7e-m+fp/hard/libc_nano.a(libc_a-readr.o)
                0x08002360                _read_r
 .text._write_r
                0x08002384       0x24 /usr/lib/gcc/arm-none-eabi/16.2.0/../../../../arm-none-eabi/lib/thumb/v7e-m+fp/hard/libc_nano.a(libc_a-writer.o)
                0x08002384                _write_r
 .text.__errno  0x080023a8        0xc /usr/lib/gcc/arm-none-eabi/16.2.0/../../../../arm-none-eabi/lib/thumb/v7e-m+fp/hard/libc_nano.a(libc_a-errno.o)
                0x080023a8                __errno
 .text.__libc_init_array
                0x080023b4       0x48 /usr/lib/gcc/arm-none-eabi/16.2.0/../../../../arm-none-eabi/lib/thumb/v7e-m+fp/hard/libc_nano.a(libc_a-init.o)
                0x080023b4                __libc_init_array
 .text.__retarget_lock_init_recursive
                0x080023fc        0x2 /usr/lib/gcc/arm-none-eabi/16.2.0/../../../../arm-none-eabi/lib/thumb/v7e-m+fp/hard/libc_nano.a(libc_a-lock.o)
                0x080023fc                __retarget_lock_init_recursive
 .text.__retarget_lock_acquire_recursive
                0x080023fe        0x2 /usr/lib/gcc/arm-none-eabi/16.2.0/../../../../arm-none-eabi/lib/thumb/v7e-m+fp/hard/libc_nano.a(libc_a-lock.o)
                0x080023fe                __retarget_lock_acquire_recursive
 .text.__retarget_lock_release_recursive
                0x08002400        0x2 /usr/lib/gcc/arm-none-eabi/16.2.0/../../../../arm-none-eabi/lib/thumb/v7e-m+fp/hard/libc_nano.a(libc_a-lock.o)
                0x08002400                __retarget_lock_release_recursive
 *fill*         0x08002402        0x2 
 .text._free_r  0x08002404       0x98 /usr/lib/gcc/arm-none-eabi/16.2.0/../../../../arm-none-eabi/lib/thumb/v7e-m+fp/hard/libc_nano.a(libc_a-freer.o)
                0x08002404                _free_r
 .text.sbrk_aligned
                0x0800249c       0x44 /usr/lib/gcc/arm-none-eabi/16.2.0/../../../../arm-none-eabi/lib/thumb/v7e-m+fp/hard/libc_nano.a(libc_a-mallocr.o)
 .text._malloc_r
                0x080024e0      0x100 /usr/lib/gcc/arm-none-eabi/16.2.0/../../../../arm-none-eabi/lib/thumb/v7e-m+fp/hard/libc_nano.a(libc_a-mallocr.o)
                0x080024e0                _malloc_r
 .text.__malloc_lock
                0x080025e0        0xc /usr/lib/gcc/arm-none-eabi/16.2.0/../../../../arm-none-eabi/lib/thumb/v7e-m+fp/hard/libc_nano.a(libc_a-mlock.o)
                0x080025e0                __malloc_lock
 .text.__malloc_unlock
                0x080025ec        0xc /usr/lib/gcc/arm-none-eabi/16.2.0/../../../../arm-none-eabi/lib/thumb/v7e-m+fp/hard/libc_nano.a(libc_a-mlock.o)
                0x080025ec                __malloc_unlock
 .text.__sfputc_r
                0x080025f8       0x28 /usr/lib/gcc/arm-none-eabi/16.2.0/../../../../arm-none-eabi/lib/thumb/v7e-m+fp/hard/libc_nano.a(libc_a-nano-vfprintf.o)
 .text.__sfputs_r
                0x08002620       0x24 /usr/lib/gcc/arm-none-eabi/16.2.0/../../../../arm-none-eabi/lib/thumb/v7e-m+fp/hard/libc_nano.a(libc_a-nano-vfprintf.o)
                0x08002620                __sfputs_r
 .text._vfprintf_r
                0x08002644      0x22c /usr/lib/gcc/arm-none-eabi/16.2.0/../../../../arm-none-eabi/lib/thumb/v7e-m+fp/hard/libc_nano.a(libc_a-nano-vfprintf.o)
                0x08002644                _vfiprintf_r
                0x08002644                _vfprintf_r
 .text._printf_common
                0x08002870       0xd4 /usr/lib/gcc/arm-none-eabi/16.2.0/../../../../arm-none-eabi/lib/thumb/v7e-m+fp/hard/libc_nano.a(libc_a-nano-vfprintf_i.o)
                0x08002870                _printf_common
 .text._printf_i
                0x08002944      0x258 /usr/lib/gcc/arm-none-eabi/16.2.0/../../../../arm-none-eabi/lib/thumb/v7e-m+fp/hard/libc_nano.a(libc_a-nano-vfprintf_i.o)
                0x08002944                _printf_i
 .text.__sflush_r
                0x08002b9c      0x10c /usr/lib/gcc/arm-none-eabi/16.2.0/../../../../arm-none-eabi/lib/thumb/v7e-m+fp/hard/libc_nano.a(libc_a-fflush.o)
                0x08002b9c                __sflush_r
 .text._fflush_r
                0x08002ca8       0x50 /usr/lib/gcc/arm-none-eabi/16.2.0/../../../../arm-none-eabi/lib/thumb/v7e-m+fp/hard/libc_nano.a(libc_a-fflush.o)
                0x08002ca8                _fflush_r
 .text.__swhatbuf_r
                0x08002cf8       0x4c /usr/lib/gcc/arm-none-eabi/16.2.0/../../../../arm-none-eabi/lib/thumb/v7e-m+fp/hard/libc_nano.a(libc_a-makebuf.o)
                0x08002cf8                __swhatbuf_r
 .text.__smakebuf_r
                0x08002d44       0x72 /usr/lib/gcc/arm-none-eabi/16.2.0/../../../../arm-none-eabi/lib/thumb/v7e-m+fp/hard/libc_nano.a(libc_a-makebuf.o)
                0x08002d44                __smakebuf_r
 *fill*         0x08002db6        0x2 
 .text._fstat_r
                0x08002db8       0x24 /usr/lib/gcc/arm-none-eabi/16.2.0/../../../../arm-none-eabi/lib/thumb/v7e-m+fp/hard/libc_nano.a(libc_a-fstatr.o)
                0x08002db8                _fstat_r
 .text._isatty_r
                0x08002ddc       0x20 /usr/lib/gcc/arm-none-eabi/16.2.0/../../../../arm-none-eabi/lib/thumb/v7e-m+fp/hard/libc_nano.a(libc_a-isattyr.o)
                0x08002ddc                _isatty_r
 .text._sbrk_r  0x08002dfc       0x20 /usr/lib/gcc/arm-none-eabi/16.2.0/../../../../arm-none-eabi/lib/thumb/v7e-m+fp/hard/libc_nano.a(libc_a-sbrkr.o)
                0x08002dfc                _sbrk_r
 .text.__udivmoddi4
                0x08002e1c      0x2b8 /usr/lib/gcc/arm-none-eabi/16.2.0/thumb/v7e-m+fp/hard/libgcc.a(_udivmoddi4.o)
                0x08002e1c                __udivmoddi4
 *(.glue_7)
 .glue_7        0x080030d4        0x0 linker stubs
 *(.glue_7t)
 .glue_7t       0x080030d4        0x0 linker stubs
 *(.eh_frame)
 .eh_frame      0x080030d4        0x0 /usr/lib/gcc/arm-none-eabi/16.2.0/thumb/v7e-m+fp/hard/crtbegin.o
 *(.init)
 .init          0x080030d4        0x4 /usr/lib/gcc/arm-none-eabi/16.2.0/thumb/v7e-m+fp/hard/crti.o
                0x080030d4                _init
 .init          0x080030d8        0x8 /usr/lib/gcc/arm-none-eabi/16.2.0/thumb/v7e-m+fp/hard/crtn.o
 *(.fini)
 .fini          0x080030e0        0x4 /usr/lib/gcc/arm-none-eabi/16.2.0/thumb/v7e-m+fp/hard/crti.o
                0x080030e0                _fini
 .fini          0x080030e4        0x8 /usr/lib/gcc/arm-none-eabi/16.2.0/thumb/v7e-m+fp/hard/crtn.o
                0x080030ec                        . = ALIGN (0x4)
                0x080030ec                        _etext = .

.vfp11_veneer   0x080030ec        0x0
 .vfp11_veneer  0x080030ec        0x0 linker stubs

.v4_bx          0x080030ec        0x0
 .v4_bx         0x080030ec        0x0 linker stubs

.iplt           0x080030ec        0x0
 .iplt          0x080030ec        0x0 /usr/lib/gcc/arm-none-eabi/16.2.0/thumb/v7e-m+fp/hard/crtbegin.o

.rodata         0x080030ec       0x60
                0x080030ec                        . = ALIGN (0x4)
 *(.rodata)
 *(.rodata*)
 .rodata.main.str1.4
                0x080030ec       0x13 build/main.o
 *fill*         0x080030ff        0x1 
 .rodata.APBPrescTable
                0x08003100        0x8 build/system_stm32f4xx.o
                0x08003100                APBPrescTable
 .rodata.AHBPrescTable
                0x08003108       0x10 build/system_stm32f4xx.o
                0x08003108                AHBPrescTable
 .rodata._vfprintf_r.str1.1
                0x08003118       0x33 /usr/lib/gcc/arm-none-eabi/16.2.0/../../../../arm-none-eabi/lib/thumb/v7e-m+fp/hard/libc_nano.a(libc_a-nano-vfprintf.o)
                                 0x11 (size before relaxing)
 .rodata._printf_i.str1.1
                0x0800314b        0x0 /usr/lib/gcc/arm-none-eabi/16.2.0/../../../../arm-none-eabi/lib/thumb/v7e-m+fp/hard/libc_nano.a(libc_a-nano-vfprintf_i.o)
                                 0x22 (size before relaxing)
                0x0800314c                        . = ALIGN (0x4)
 *fill*         0x0800314b        0x1 

.ARM.extab      0x0800314c        0x0
                0x0800314c                        . = ALIGN (0x4)
 *(.ARM.extab* .gnu.linkonce.armextab.*)
                0x0800314c                        . = ALIGN (0x4)

.ARM            0x0800314c        0x8
                0x0800314c                        . = ALIGN (0x4)
                0x0800314c                        __exidx_start = .
 *(.ARM.exidx*)
 .ARM.exidx     0x0800314c        0x8 /usr/lib/gcc/arm-none-eabi/16.2.0/../../../../arm-none-eabi/lib/thumb/v7e-m+fp/hard/libc_nano.a(libc_a-memchr.o)
 .ARM.exidx.text.__udivmoddi4
                0x08003154        0x0 /usr/lib/gcc/arm-none-eabi/16.2.0/thumb/v7e-m+fp/hard/libgcc.a(_udivmoddi4.o)
                                  0x8 (size before relaxing)
                0x08003154                        __exidx_end = .
                0x08003154                        . = ALIGN (0x4)

.preinit_array  0x08003154        0x0
                0x08003154                        . = ALIGN (0x4)
                0x08003154                        PROVIDE (__preinit_array_start = .)
 *(.preinit_array*)
                0x08003154                        PROVIDE (__preinit_array_end = .)
                0x08003154                        . = ALIGN (0x4)

.init_array     0x08003154        0x4
                0x08003154                        . = ALIGN (0x4)
                0x08003154                        PROVIDE (__init_array_start = .)
 *(SORT_BY_NAME(.init_array.*))
 *(.init_array*)
 .init_array    0x08003154        0x4 /usr/lib/gcc/arm-none-eabi/16.2.0/thumb/v7e-m+fp/hard/crtbegin.o
                0x08003158                        PROVIDE (__init_array_end = .)
                0x08003158                        . = ALIGN (0x4)

.fini_array     0x08003158        0x4
                0x08003158                        . = ALIGN (0x4)
                0x08003158                        PROVIDE (__fini_array_start = .)
 *(SORT_BY_NAME(.fini_array.*))
 *(.fini_array*)
 .fini_array    0x08003158        0x4 /usr/lib/gcc/arm-none-eabi/16.2.0/thumb/v7e-m+fp/hard/crtbegin.o
                0x0800315c                        PROVIDE (__fini_array_end = .)
                0x0800315c                        . = ALIGN (0x4)
                0x0800315c                        _sidata = LOADADDR (.data)

.rel.dyn        0x0800315c        0x0
 .rel.iplt      0x0800315c        0x0 /usr/lib/gcc/arm-none-eabi/16.2.0/thumb/v7e-m+fp/hard/crtbegin.o

.data           0x20000000       0x68 load address 0x0800315c
                0x20000000                        . = ALIGN (0x4)
                0x20000000                        _sdata = .
 *(.data)
 *(.data*)
 .data.uwTickFreq
                0x20000000        0x1 build/stm32f4xx_hal.o
                0x20000000                uwTickFreq
 *fill*         0x20000001        0x3 
 .data.uwTickPrio
                0x20000004        0x4 build/stm32f4xx_hal.o
                0x20000004                uwTickPrio
 .data.SystemCoreClock
                0x20000008        0x4 build/system_stm32f4xx.o
                0x20000008                SystemCoreClock
 .data.__sglue  0x2000000c        0xc /usr/lib/gcc/arm-none-eabi/16.2.0/../../../../arm-none-eabi/lib/thumb/v7e-m+fp/hard/libc_nano.a(libc_a-findfp.o)
                0x2000000c                __sglue
 .data._impure_ptr
                0x20000018        0x4 /usr/lib/gcc/arm-none-eabi/16.2.0/../../../../arm-none-eabi/lib/thumb/v7e-m+fp/hard/libc_nano.a(libc_a-impure.o)
                0x20000018                _impure_ptr
 .data._impure_data
                0x2000001c       0x4c /usr/lib/gcc/arm-none-eabi/16.2.0/../../../../arm-none-eabi/lib/thumb/v7e-m+fp/hard/libc_nano.a(libc_a-impure.o)
                0x2000001c                _impure_data
 *(.RamFunc)
 *(.RamFunc*)
                0x20000068                        . = ALIGN (0x4)
                0x20000068                        _edata = .

.igot.plt       0x20000068        0x0 load address 0x080031c4
 .igot.plt      0x20000068        0x0 /usr/lib/gcc/arm-none-eabi/16.2.0/thumb/v7e-m+fp/hard/crtbegin.o
                0x20000068                        . = ALIGN (0x4)

.bss            0x20000068      0x210 load address 0x080031c4
                0x20000068                        _sbss = .
                0x20000068                        __bss_start__ = _sbss
 *(.bss)
 *(.bss*)
 .bss.completed.1
                0x20000068        0x1 /usr/lib/gcc/arm-none-eabi/16.2.0/thumb/v7e-m+fp/hard/crtbegin.o
 *fill*         0x20000069        0x3 
 .bss.object.0  0x2000006c       0x18 /usr/lib/gcc/arm-none-eabi/16.2.0/thumb/v7e-m+fp/hard/crtbegin.o
 .bss.huart2    0x20000084       0x48 build/main.o
                0x20000084                huart2
 .bss.hspi2     0x200000cc       0x58 build/main.o
                0x200000cc                hspi2
 .bss.uwTick    0x20000124        0x4 build/stm32f4xx_hal.o
                0x20000124                uwTick
 .bss.__sbrk_heap_end
                0x20000128        0x4 build/sysmem.o
 .bss.__sf      0x2000012c      0x138 /usr/lib/gcc/arm-none-eabi/16.2.0/../../../../arm-none-eabi/lib/thumb/v7e-m+fp/hard/libc_nano.a(libc_a-findfp.o)
                0x2000012c                __sf
 .bss.__stdio_exit_handler
                0x20000264        0x4 /usr/lib/gcc/arm-none-eabi/16.2.0/../../../../arm-none-eabi/lib/thumb/v7e-m+fp/hard/libc_nano.a(libc_a-findfp.o)
                0x20000264                __stdio_exit_handler
 .bss.errno     0x20000268        0x4 /usr/lib/gcc/arm-none-eabi/16.2.0/../../../../arm-none-eabi/lib/thumb/v7e-m+fp/hard/libc_nano.a(libc_a-reent.o)
                0x20000268                errno
 .bss.__lock___malloc_recursive_mutex
                0x2000026c        0x1 /usr/lib/gcc/arm-none-eabi/16.2.0/../../../../arm-none-eabi/lib/thumb/v7e-m+fp/hard/libc_nano.a(libc_a-lock.o)
                0x2000026c                __lock___malloc_recursive_mutex
 .bss.__lock___sfp_recursive_mutex
                0x2000026d        0x1 /usr/lib/gcc/arm-none-eabi/16.2.0/../../../../arm-none-eabi/lib/thumb/v7e-m+fp/hard/libc_nano.a(libc_a-lock.o)
                0x2000026d                __lock___sfp_recursive_mutex
 *fill*         0x2000026e        0x2 
 .bss.__malloc_sbrk_start
                0x20000270        0x4 /usr/lib/gcc/arm-none-eabi/16.2.0/../../../../arm-none-eabi/lib/thumb/v7e-m+fp/hard/libc_nano.a(libc_a-mallocr.o)
                0x20000270                __malloc_sbrk_start
 .bss.__malloc_free_list
                0x20000274        0x4 /usr/lib/gcc/arm-none-eabi/16.2.0/../../../../arm-none-eabi/lib/thumb/v7e-m+fp/hard/libc_nano.a(libc_a-mallocr.o)
                0x20000274                __malloc_free_list
 *(COMMON)
                0x20000278                        . = ALIGN (0x4)
                0x20000278                        _ebss = .
                0x20000278                        __bss_end__ = _ebss

._user_heap_stack
                0x20000278      0x600 load address 0x080031c4
                0x20000278                        . = ALIGN (0x8)
                [!provide]                        PROVIDE (end = .)
                0x20000278                        PROVIDE (_end = .)
                0x20000478                        . = (. + _Min_Heap_Size)
 *fill*         0x20000278      0x200 
                0x20000878                        . = (. + _Min_Stack_Size)
 *fill*         0x20000478      0x400 
                0x20000878                        . = ALIGN (0x8)

/DISCARD/
 libc.a(*)
 libm.a(*)
 libgcc.a(*)
OUTPUT(build/magnetometer.elf elf32-littlearm)
LOAD linker stubs
LOAD /usr/lib/gcc/arm-none-eabi/16.2.0/../../../../arm-none-eabi/lib/thumb/v7e-m+fp/hard/libc.a
LOAD /usr/lib/gcc/arm-none-eabi/16.2.0/../../../../arm-none-eabi/lib/thumb/v7e-m+fp/hard/libm.a
LOAD /usr/lib/gcc/arm-none-eabi/16.2.0/thumb/v7e-m+fp/hard/libgcc.a

.ARM.attributes
                0x00000000       0x30
 .ARM.attributes
                0x00000000       0x22 /usr/lib/gcc/arm-none-eabi/16.2.0/thumb/v7e-m+fp/hard/crti.o
 .ARM.attributes
                0x00000022       0x34 /usr/lib/gcc/arm-none-eabi/16.2.0/thumb/v7e-m+fp/hard/crtbegin.o
 .ARM.attributes
                0x00000056       0x34 build/main.o
 .ARM.attributes
                0x0000008a       0x34 build/lis2mdl.o
 .ARM.attributes
                0x000000be       0x34 build/stm32f4xx_it.o
 .ARM.attributes
                0x000000f2       0x34 build/stm32f4xx_hal_msp.o
 .ARM.attributes
                0x00000126       0x34 build/stm32f4xx_hal_spi.o
 .ARM.attributes
                0x0000015a       0x34 build/stm32f4xx_hal_rcc.o
 .ARM.attributes
                0x0000018e       0x34 build/stm32f4xx_hal_gpio.o
 .ARM.attributes
                0x000001c2       0x34 build/stm32f4xx_hal_cortex.o
 .ARM.attributes
                0x000001f6       0x34 build/stm32f4xx_hal.o
 .ARM.attributes
                0x0000022a       0x34 build/stm32f4xx_hal_uart.o
 .ARM.attributes
                0x0000025e       0x34 build/system_stm32f4xx.o
 .ARM.attributes
                0x00000292       0x34 build/sysmem.o
 .ARM.attributes
                0x000002c6       0x34 build/syscalls.o
 .ARM.attributes
                0x000002fa       0x21 build/startup_stm32f411xe.o
 .ARM.attributes
                0x0000031b       0x34 /usr/lib/gcc/arm-none-eabi/16.2.0/../../../../arm-none-eabi/lib/thumb/v7e-m+fp/hard/libc_nano.a(libc_a-findfp.o)
 .ARM.attributes
                0x0000034f       0x34 /usr/lib/gcc/arm-none-eabi/16.2.0/../../../../arm-none-eabi/lib/thumb/v7e-m+fp/hard/libc_nano.a(libc_a-fwalk.o)
 .ARM.attributes
                0x00000383       0x34 /usr/lib/gcc/arm-none-eabi/16.2.0/../../../../arm-none-eabi/lib/thumb/v7e-m+fp/hard/libc_nano.a(libc_a-printf.o)
 .ARM.attributes
                0x000003b7       0x34 /usr/lib/gcc/arm-none-eabi/16.2.0/../../../../arm-none-eabi/lib/thumb/v7e-m+fp/hard/libc_nano.a(libc_a-puts.o)
 .ARM.attributes
                0x000003eb       0x34 /usr/lib/gcc/arm-none-eabi/16.2.0/../../../../arm-none-eabi/lib/thumb/v7e-m+fp/hard/libc_nano.a(libc_a-stdio.o)
 .ARM.attributes
                0x0000041f       0x34 /usr/lib/gcc/arm-none-eabi/16.2.0/../../../../arm-none-eabi/lib/thumb/v7e-m+fp/hard/libc_nano.a(libc_a-wbuf.o)
 .ARM.attributes
                0x00000453       0x34 /usr/lib/gcc/arm-none-eabi/16.2.0/../../../../arm-none-eabi/lib/thumb/v7e-m+fp/hard/libc_nano.a(libc_a-wsetup.o)
 .ARM.attributes
                0x00000487       0x34 /usr/lib/gcc/arm-none-eabi/16.2.0/../../../../arm-none-eabi/lib/thumb/v7e-m+fp/hard/libc_nano.a(libc_a-memset.o)
 .ARM.attributes
                0x000004bb       0x34 /usr/lib/gcc/arm-none-eabi/16.2.0/../../../../arm-none-eabi/lib/thumb/v7e-m+fp/hard/libc_nano.a(libc_a-closer.o)
 .ARM.attributes
                0x000004ef       0x34 /usr/lib/gcc/arm-none-eabi/16.2.0/../../../../arm-none-eabi/lib/thumb/v7e-m+fp/hard/libc_nano.a(libc_a-reent.o)
 .ARM.attributes
                0x00000523       0x34 /usr/lib/gcc/arm-none-eabi/16.2.0/../../../../arm-none-eabi/lib/thumb/v7e-m+fp/hard/libc_nano.a(libc_a-impure.o)
 .ARM.attributes
                0x00000557       0x34 /usr/lib/gcc/arm-none-eabi/16.2.0/../../../../arm-none-eabi/lib/thumb/v7e-m+fp/hard/libc_nano.a(libc_a-lseekr.o)
 .ARM.attributes
                0x0000058b       0x34 /usr/lib/gcc/arm-none-eabi/16.2.0/../../../../arm-none-eabi/lib/thumb/v7e-m+fp/hard/libc_nano.a(libc_a-readr.o)
 .ARM.attributes
                0x000005bf       0x34 /usr/lib/gcc/arm-none-eabi/16.2.0/../../../../arm-none-eabi/lib/thumb/v7e-m+fp/hard/libc_nano.a(libc_a-writer.o)
 .ARM.attributes
                0x000005f3       0x34 /usr/lib/gcc/arm-none-eabi/16.2.0/../../../../arm-none-eabi/lib/thumb/v7e-m+fp/hard/libc_nano.a(libc_a-errno.o)
 .ARM.attributes
                0x00000627       0x34 /usr/lib/gcc/arm-none-eabi/16.2.0/../../../../arm-none-eabi/lib/thumb/v7e-m+fp/hard/libc_nano.a(libc_a-init.o)
 .ARM.attributes
                0x0000065b       0x34 /usr/lib/gcc/arm-none-eabi/16.2.0/../../../../arm-none-eabi/lib/thumb/v7e-m+fp/hard/libc_nano.a(libc_a-lock.o)
 .ARM.attributes
                0x0000068f       0x34 /usr/lib/gcc/arm-none-eabi/16.2.0/../../../../arm-none-eabi/lib/thumb/v7e-m+fp/hard/libc_nano.a(libc_a-freer.o)
 .ARM.attributes
                0x000006c3       0x34 /usr/lib/gcc/arm-none-eabi/16.2.0/../../../../arm-none-eabi/lib/thumb/v7e-m+fp/hard/libc_nano.a(libc_a-mallocr.o)
 .ARM.attributes
                0x000006f7       0x34 /usr/lib/gcc/arm-none-eabi/16.2.0/../../../../arm-none-eabi/lib/thumb/v7e-m+fp/hard/libc_nano.a(libc_a-mlock.o)
 .ARM.attributes
                0x0000072b       0x34 /usr/lib/gcc/arm-none-eabi/16.2.0/../../../../arm-none-eabi/lib/thumb/v7e-m+fp/hard/libc_nano.a(libc_a-nano-vfprintf.o)
 .ARM.attributes
                0x0000075f       0x34 /usr/lib/gcc/arm-none-eabi/16.2.0/../../../../arm-none-eabi/lib/thumb/v7e-m+fp/hard/libc_nano.a(libc_a-nano-vfprintf_i.o)
 .ARM.attributes
                0x00000793       0x34 /usr/lib/gcc/arm-none-eabi/16.2.0/../../../../arm-none-eabi/lib/thumb/v7e-m+fp/hard/libc_nano.a(libc_a-fflush.o)
 .ARM.attributes
                0x000007c7       0x34 /usr/lib/gcc/arm-none-eabi/16.2.0/../../../../arm-none-eabi/lib/thumb/v7e-m+fp/hard/libc_nano.a(libc_a-makebuf.o)
 .ARM.attributes
                0x000007fb       0x34 /usr/lib/gcc/arm-none-eabi/16.2.0/../../../../arm-none-eabi/lib/thumb/v7e-m+fp/hard/libc_nano.a(libc_a-fstatr.o)
 .ARM.attributes
                0x0000082f       0x34 /usr/lib/gcc/arm-none-eabi/16.2.0/../../../../arm-none-eabi/lib/thumb/v7e-m+fp/hard/libc_nano.a(libc_a-isattyr.o)
 .ARM.attributes
                0x00000863       0x34 /usr/lib/gcc/arm-none-eabi/16.2.0/../../../../arm-none-eabi/lib/thumb/v7e-m+fp/hard/libc_nano.a(libc_a-sbrkr.o)
 .ARM.attributes
                0x00000897       0x1c /usr/lib/gcc/arm-none-eabi/16.2.0/../../../../arm-none-eabi/lib/thumb/v7e-m+fp/hard/libc_nano.a(libc_a-memchr.o)
 .ARM.attributes
                0x000008b3       0x22 /usr/lib/gcc/arm-none-eabi/16.2.0/thumb/v7e-m+fp/hard/libgcc.a(_arm_addsubdf3.o)
 .ARM.attributes
                0x000008d5       0x22 /usr/lib/gcc/arm-none-eabi/16.2.0/thumb/v7e-m+fp/hard/libgcc.a(_aeabi_uldivmod.o)
 .ARM.attributes
                0x000008f7       0x34 /usr/lib/gcc/arm-none-eabi/16.2.0/thumb/v7e-m+fp/hard/libgcc.a(_udivmoddi4.o)
 .ARM.attributes
                0x0000092b       0x22 /usr/lib/gcc/arm-none-eabi/16.2.0/thumb/v7e-m+fp/hard/libgcc.a(_dvmd_tls.o)
 .ARM.attributes
                0x0000094d       0x22 /usr/lib/gcc/arm-none-eabi/16.2.0/thumb/v7e-m+fp/hard/crtn.o

.comment        0x00000000       0x3c
 .comment       0x00000000       0x3c build/main.o
                                 0x1f (size before relaxing)
 .comment       0x0000003c        0x0 build/lis2mdl.o
                                 0x1f (size before relaxing)
 .comment       0x0000003c        0x0 build/stm32f4xx_it.o
                                 0x1f (size before relaxing)
 .comment       0x0000003c        0x0 build/stm32f4xx_hal_msp.o
                                 0x1f (size before relaxing)
 .comment       0x0000003c        0x0 build/stm32f4xx_hal_spi.o
                                 0x1f (size before relaxing)
 .comment       0x0000003c        0x0 build/stm32f4xx_hal_rcc.o
                                 0x1f (size before relaxing)
 .comment       0x0000003c        0x0 build/stm32f4xx_hal_gpio.o
                                 0x1f (size before relaxing)
 .comment       0x0000003c        0x0 build/stm32f4xx_hal_cortex.o
                                 0x1f (size before relaxing)
 .comment       0x0000003c        0x0 build/stm32f4xx_hal.o
                                 0x1f (size before relaxing)
 .comment       0x0000003c        0x0 build/stm32f4xx_hal_uart.o
                                 0x1f (size before relaxing)
 .comment       0x0000003c        0x0 build/system_stm32f4xx.o
                                 0x1f (size before relaxing)
 .comment       0x0000003c        0x0 build/sysmem.o
                                 0x1f (size before relaxing)
 .comment       0x0000003c        0x0 build/syscalls.o
                                 0x1f (size before relaxing)
 .comment       0x0000003c        0x0 /usr/lib/gcc/arm-none-eabi/16.2.0/../../../../arm-none-eabi/lib/thumb/v7e-m+fp/hard/libc_nano.a(libc_a-findfp.o)
                                 0x1f (size before relaxing)
 .comment       0x0000003c        0x0 /usr/lib/gcc/arm-none-eabi/16.2.0/../../../../arm-none-eabi/lib/thumb/v7e-m+fp/hard/libc_nano.a(libc_a-fwalk.o)
                                 0x1f (size before relaxing)
 .comment       0x0000003c        0x0 /usr/lib/gcc/arm-none-eabi/16.2.0/../../../../arm-none-eabi/lib/thumb/v7e-m+fp/hard/libc_nano.a(libc_a-printf.o)
                                 0x1f (size before relaxing)
 .comment       0x0000003c        0x0 /usr/lib/gcc/arm-none-eabi/16.2.0/../../../../arm-none-eabi/lib/thumb/v7e-m+fp/hard/libc_nano.a(libc_a-puts.o)
                                 0x1f (size before relaxing)
 .comment       0x0000003c        0x0 /usr/lib/gcc/arm-none-eabi/16.2.0/../../../../arm-none-eabi/lib/thumb/v7e-m+fp/hard/libc_nano.a(libc_a-stdio.o)
                                 0x1f (size before relaxing)
 .comment       0x0000003c        0x0 /usr/lib/gcc/arm-none-eabi/16.2.0/../../../../arm-none-eabi/lib/thumb/v7e-m+fp/hard/libc_nano.a(libc_a-wbuf.o)
                                 0x1f (size before relaxing)
 .comment       0x0000003c        0x0 /usr/lib/gcc/arm-none-eabi/16.2.0/../../../../arm-none-eabi/lib/thumb/v7e-m+fp/hard/libc_nano.a(libc_a-wsetup.o)
                                 0x1f (size before relaxing)
 .comment       0x0000003c        0x0 /usr/lib/gcc/arm-none-eabi/16.2.0/../../../../arm-none-eabi/lib/thumb/v7e-m+fp/hard/libc_nano.a(libc_a-memset.o)
                                 0x1f (size before relaxing)
 .comment       0x0000003c        0x0 /usr/lib/gcc/arm-none-eabi/16.2.0/../../../../arm-none-eabi/lib/thumb/v7e-m+fp/hard/libc_nano.a(libc_a-closer.o)
                                 0x1f (size before relaxing)
 .comment       0x0000003c        0x0 /usr/lib/gcc/arm-none-eabi/16.2.0/../../../../arm-none-eabi/lib/thumb/v7e-m+fp/hard/libc_nano.a(libc_a-reent.o)
                                 0x1f (size before relaxing)
 .comment       0x0000003c        0x0 /usr/lib/gcc/arm-none-eabi/16.2.0/../../../../arm-none-eabi/lib/thumb/v7e-m+fp/hard/libc_nano.a(libc_a-impure.o)
                                 0x1f (size before relaxing)
 .comment       0x0000003c        0x0 /usr/lib/gcc/arm-none-eabi/16.2.0/../../../../arm-none-eabi/lib/thumb/v7e-m+fp/hard/libc_nano.a(libc_a-lseekr.o)
                                 0x1f (size before relaxing)
 .comment       0x0000003c        0x0 /usr/lib/gcc/arm-none-eabi/16.2.0/../../../../arm-none-eabi/lib/thumb/v7e-m+fp/hard/libc_nano.a(libc_a-readr.o)
                                 0x1f (size before relaxing)
 .comment       0x0000003c        0x0 /usr/lib/gcc/arm-none-eabi/16.2.0/../../../../arm-none-eabi/lib/thumb/v7e-m+fp/hard/libc_nano.a(libc_a-writer.o)
                                 0x1f (size before relaxing)
 .comment       0x0000003c        0x0 /usr/lib/gcc/arm-none-eabi/16.2.0/../../../../arm-none-eabi/lib/thumb/v7e-m+fp/hard/libc_nano.a(libc_a-errno.o)
                                 0x1f (size before relaxing)
 .comment       0x0000003c        0x0 /usr/lib/gcc/arm-none-eabi/16.2.0/../../../../arm-none-eabi/lib/thumb/v7e-m+fp/hard/libc_nano.a(libc_a-init.o)
                                 0x1f (size before relaxing)
 .comment       0x0000003c        0x0 /usr/lib/gcc/arm-none-eabi/16.2.0/../../../../arm-none-eabi/lib/thumb/v7e-m+fp/hard/libc_nano.a(libc_a-lock.o)
                                 0x1f (size before relaxing)
 .comment       0x0000003c        0x0 /usr/lib/gcc/arm-none-eabi/16.2.0/../../../../arm-none-eabi/lib/thumb/v7e-m+fp/hard/libc_nano.a(libc_a-freer.o)
                                 0x1f (size before relaxing)
 .comment       0x0000003c        0x0 /usr/lib/gcc/arm-none-eabi/16.2.0/../../../../arm-none-eabi/lib/thumb/v7e-m+fp/hard/libc_nano.a(libc_a-mallocr.o)
                                 0x1f (size before relaxing)
 .comment       0x0000003c        0x0 /usr/lib/gcc/arm-none-eabi/16.2.0/../../../../arm-none-eabi/lib/thumb/v7e-m+fp/hard/libc_nano.a(libc_a-mlock.o)
                                 0x1f (size before relaxing)
 .comment       0x0000003c        0x0 /usr/lib/gcc/arm-none-eabi/16.2.0/../../../../arm-none-eabi/lib/thumb/v7e-m+fp/hard/libc_nano.a(libc_a-nano-vfprintf.o)
                                 0x1f (size before relaxing)
 .comment       0x0000003c        0x0 /usr/lib/gcc/arm-none-eabi/16.2.0/../../../../arm-none-eabi/lib/thumb/v7e-m+fp/hard/libc_nano.a(libc_a-nano-vfprintf_i.o)
                                 0x1f (size before relaxing)
 .comment       0x0000003c        0x0 /usr/lib/gcc/arm-none-eabi/16.2.0/../../../../arm-none-eabi/lib/thumb/v7e-m+fp/hard/libc_nano.a(libc_a-fflush.o)
                                 0x1f (size before relaxing)
 .comment       0x0000003c        0x0 /usr/lib/gcc/arm-none-eabi/16.2.0/../../../../arm-none-eabi/lib/thumb/v7e-m+fp/hard/libc_nano.a(libc_a-makebuf.o)
                                 0x1f (size before relaxing)
 .comment       0x0000003c        0x0 /usr/lib/gcc/arm-none-eabi/16.2.0/../../../../arm-none-eabi/lib/thumb/v7e-m+fp/hard/libc_nano.a(libc_a-fstatr.o)
                                 0x1f (size before relaxing)
 .comment       0x0000003c        0x0 /usr/lib/gcc/arm-none-eabi/16.2.0/../../../../arm-none-eabi/lib/thumb/v7e-m+fp/hard/libc_nano.a(libc_a-isattyr.o)
                                 0x1f (size before relaxing)
 .comment       0x0000003c        0x0 /usr/lib/gcc/arm-none-eabi/16.2.0/../../../../arm-none-eabi/lib/thumb/v7e-m+fp/hard/libc_nano.a(libc_a-sbrkr.o)
                                 0x1f (size before relaxing)
 .comment       0x0000003c        0x0 /usr/lib/gcc/arm-none-eabi/16.2.0/thumb/v7e-m+fp/hard/libgcc.a(_udivmoddi4.o)
                                 0x1f (size before relaxing)

.debug_info     0x00000000    0x1bb15
 .debug_info    0x00000000     0x1346 build/main.o
 .debug_info    0x00001346      0xbef build/lis2mdl.o
 .debug_info    0x00001f35      0x157 build/stm32f4xx_it.o
 .debug_info    0x0000208c      0xf09 build/stm32f4xx_hal_msp.o
 .debug_info    0x00002f95     0x1f77 build/stm32f4xx_hal_spi.o
 .debug_info    0x00004f0c      0xc4d build/stm32f4xx_hal_rcc.o
 .debug_info    0x00005b59      0x878 build/stm32f4xx_hal_gpio.o
 .debug_info    0x000063d1     0x1150 build/stm32f4xx_hal_cortex.o
 .debug_info    0x00007521      0xa8c build/stm32f4xx_hal.o
 .debug_info    0x00007fad     0x4025 build/stm32f4xx_hal_uart.o
 .debug_info    0x0000bfd2      0x5e5 build/system_stm32f4xx.o
 .debug_info    0x0000c5b7      0x18c build/sysmem.o
 .debug_info    0x0000c743      0x854 build/syscalls.o
 .debug_info    0x0000cf97       0x30 build/startup_stm32f411xe.o
 .debug_info    0x0000cfc7      0xfbf /usr/lib/gcc/arm-none-eabi/16.2.0/../../../../arm-none-eabi/lib/thumb/v7e-m+fp/hard/libc_nano.a(libc_a-findfp.o)
 .debug_info    0x0000df86      0x7d7 /usr/lib/gcc/arm-none-eabi/16.2.0/../../../../arm-none-eabi/lib/thumb/v7e-m+fp/hard/libc_nano.a(libc_a-fwalk.o)
 .debug_info    0x0000e75d      0x846 /usr/lib/gcc/arm-none-eabi/16.2.0/../../../../arm-none-eabi/lib/thumb/v7e-m+fp/hard/libc_nano.a(libc_a-printf.o)
 .debug_info    0x0000efa3      0x955 /usr/lib/gcc/arm-none-eabi/16.2.0/../../../../arm-none-eabi/lib/thumb/v7e-m+fp/hard/libc_nano.a(libc_a-puts.o)
 .debug_info    0x0000f8f8      0xa95 /usr/lib/gcc/arm-none-eabi/16.2.0/../../../../arm-none-eabi/lib/thumb/v7e-m+fp/hard/libc_nano.a(libc_a-stdio.o)
 .debug_info    0x0001038d      0x879 /usr/lib/gcc/arm-none-eabi/16.2.0/../../../../arm-none-eabi/lib/thumb/v7e-m+fp/hard/libc_nano.a(libc_a-wbuf.o)
 .debug_info    0x00010c06      0x7c0 /usr/lib/gcc/arm-none-eabi/16.2.0/../../../../arm-none-eabi/lib/thumb/v7e-m+fp/hard/libc_nano.a(libc_a-wsetup.o)
 .debug_info    0x000113c6       0xe5 /usr/lib/gcc/arm-none-eabi/16.2.0/../../../../arm-none-eabi/lib/thumb/v7e-m+fp/hard/libc_nano.a(libc_a-memset.o)
 .debug_info    0x000114ab      0x762 /usr/lib/gcc/arm-none-eabi/16.2.0/../../../../arm-none-eabi/lib/thumb/v7e-m+fp/hard/libc_nano.a(libc_a-closer.o)
 .debug_info    0x00011c0d      0x8a6 /usr/lib/gcc/arm-none-eabi/16.2.0/../../../../arm-none-eabi/lib/thumb/v7e-m+fp/hard/libc_nano.a(libc_a-reent.o)
 .debug_info    0x000124b3      0x71a /usr/lib/gcc/arm-none-eabi/16.2.0/../../../../arm-none-eabi/lib/thumb/v7e-m+fp/hard/libc_nano.a(libc_a-impure.o)
 .debug_info    0x00012bcd      0x7ad /usr/lib/gcc/arm-none-eabi/16.2.0/../../../../arm-none-eabi/lib/thumb/v7e-m+fp/hard/libc_nano.a(libc_a-lseekr.o)
 .debug_info    0x0001337a      0x7c4 /usr/lib/gcc/arm-none-eabi/16.2.0/../../../../arm-none-eabi/lib/thumb/v7e-m+fp/hard/libc_nano.a(libc_a-readr.o)
 .debug_info    0x00013b3e      0x7ca /usr/lib/gcc/arm-none-eabi/16.2.0/../../../../arm-none-eabi/lib/thumb/v7e-m+fp/hard/libc_nano.a(libc_a-writer.o)
 .debug_info    0x00014308      0x700 /usr/lib/gcc/arm-none-eabi/16.2.0/../../../../arm-none-eabi/lib/thumb/v7e-m+fp/hard/libc_nano.a(libc_a-errno.o)
 .debug_info    0x00014a08      0x110 /usr/lib/gcc/arm-none-eabi/16.2.0/../../../../arm-none-eabi/lib/thumb/v7e-m+fp/hard/libc_nano.a(libc_a-init.o)
 .debug_info    0x00014b18      0x21d /usr/lib/gcc/arm-none-eabi/16.2.0/../../../../arm-none-eabi/lib/thumb/v7e-m+fp/hard/libc_nano.a(libc_a-lock.o)
 .debug_info    0x00014d35      0x845 /usr/lib/gcc/arm-none-eabi/16.2.0/../../../../arm-none-eabi/lib/thumb/v7e-m+fp/hard/libc_nano.a(libc_a-freer.o)
 .debug_info    0x0001557a      0x9c1 /usr/lib/gcc/arm-none-eabi/16.2.0/../../../../arm-none-eabi/lib/thumb/v7e-m+fp/hard/libc_nano.a(libc_a-mallocr.o)
 .debug_info    0x00015f3b      0x770 /usr/lib/gcc/arm-none-eabi/16.2.0/../../../../arm-none-eabi/lib/thumb/v7e-m+fp/hard/libc_nano.a(libc_a-mlock.o)
 .debug_info    0x000166ab     0x1099 /usr/lib/gcc/arm-none-eabi/16.2.0/../../../../arm-none-eabi/lib/thumb/v7e-m+fp/hard/libc_nano.a(libc_a-nano-vfprintf.o)
 .debug_info    0x00017744      0xdf2 /usr/lib/gcc/arm-none-eabi/16.2.0/../../../../arm-none-eabi/lib/thumb/v7e-m+fp/hard/libc_nano.a(libc_a-nano-vfprintf_i.o)
 .debug_info    0x00018536      0x9f7 /usr/lib/gcc/arm-none-eabi/16.2.0/../../../../arm-none-eabi/lib/thumb/v7e-m+fp/hard/libc_nano.a(libc_a-fflush.o)
 .debug_info    0x00018f2d      0xb25 /usr/lib/gcc/arm-none-eabi/16.2.0/../../../../arm-none-eabi/lib/thumb/v7e-m+fp/hard/libc_nano.a(libc_a-makebuf.o)
 .debug_info    0x00019a52      0x986 /usr/lib/gcc/arm-none-eabi/16.2.0/../../../../arm-none-eabi/lib/thumb/v7e-m+fp/hard/libc_nano.a(libc_a-fstatr.o)
 .debug_info    0x0001a3d8      0x762 /usr/lib/gcc/arm-none-eabi/16.2.0/../../../../arm-none-eabi/lib/thumb/v7e-m+fp/hard/libc_nano.a(libc_a-isattyr.o)
 .debug_info    0x0001ab3a      0x787 /usr/lib/gcc/arm-none-eabi/16.2.0/../../../../arm-none-eabi/lib/thumb/v7e-m+fp/hard/libc_nano.a(libc_a-sbrkr.o)
 .debug_info    0x0001b2c1       0x25 /usr/lib/gcc/arm-none-eabi/16.2.0/../../../../arm-none-eabi/lib/thumb/v7e-m+fp/hard/libc_nano.a(libc_a-memchr.o)
 .debug_info    0x0001b2e6       0xd3 /usr/lib/gcc/arm-none-eabi/16.2.0/thumb/v7e-m+fp/hard/libgcc.a(_arm_addsubdf3.o)
 .debug_info    0x0001b3b9       0x24 /usr/lib/gcc/arm-none-eabi/16.2.0/thumb/v7e-m+fp/hard/libgcc.a(_aeabi_uldivmod.o)
 .debug_info    0x0001b3dd      0x6fc /usr/lib/gcc/arm-none-eabi/16.2.0/thumb/v7e-m+fp/hard/libgcc.a(_udivmoddi4.o)
 .debug_info    0x0001bad9       0x3c /usr/lib/gcc/arm-none-eabi/16.2.0/thumb/v7e-m+fp/hard/libgcc.a(_dvmd_tls.o)

.debug_abbrev   0x00000000     0x544d
 .debug_abbrev  0x00000000      0x2be build/main.o
 .debug_abbrev  0x000002be      0x21b build/lis2mdl.o
 .debug_abbrev  0x000004d9       0x80 build/stm32f4xx_it.o
 .debug_abbrev  0x00000559      0x1cd build/stm32f4xx_hal_msp.o
 .debug_abbrev  0x00000726      0x2be build/stm32f4xx_hal_spi.o
 .debug_abbrev  0x000009e4      0x2de build/stm32f4xx_hal_rcc.o
 .debug_abbrev  0x00000cc2      0x23f build/stm32f4xx_hal_gpio.o
 .debug_abbrev  0x00000f01      0x3ca build/stm32f4xx_hal_cortex.o
 .debug_abbrev  0x000012cb      0x275 build/stm32f4xx_hal.o
 .debug_abbrev  0x00001540      0x37e build/stm32f4xx_hal_uart.o
 .debug_abbrev  0x000018be      0x11b build/system_stm32f4xx.o
 .debug_abbrev  0x000019d9       0xeb build/sysmem.o
 .debug_abbrev  0x00001ac4      0x1ec build/syscalls.o
 .debug_abbrev  0x00001cb0       0x1d build/startup_stm32f411xe.o
 .debug_abbrev  0x00001ccd      0x419 /usr/lib/gcc/arm-none-eabi/16.2.0/../../../../arm-none-eabi/lib/thumb/v7e-m+fp/hard/libc_nano.a(libc_a-findfp.o)
 .debug_abbrev  0x000020e6      0x1a1 /usr/lib/gcc/arm-none-eabi/16.2.0/../../../../arm-none-eabi/lib/thumb/v7e-m+fp/hard/libc_nano.a(libc_a-fwalk.o)
 .debug_abbrev  0x00002287      0x220 /usr/lib/gcc/arm-none-eabi/16.2.0/../../../../arm-none-eabi/lib/thumb/v7e-m+fp/hard/libc_nano.a(libc_a-printf.o)
 .debug_abbrev  0x000024a7      0x2ad /usr/lib/gcc/arm-none-eabi/16.2.0/../../../../arm-none-eabi/lib/thumb/v7e-m+fp/hard/libc_nano.a(libc_a-puts.o)
 .debug_abbrev  0x00002754      0x227 /usr/lib/gcc/arm-none-eabi/16.2.0/../../../../arm-none-eabi/lib/thumb/v7e-m+fp/hard/libc_nano.a(libc_a-stdio.o)
 .debug_abbrev  0x0000297b      0x233 /usr/lib/gcc/arm-none-eabi/16.2.0/../../../../arm-none-eabi/lib/thumb/v7e-m+fp/hard/libc_nano.a(libc_a-wbuf.o)
 .debug_abbrev  0x00002bae      0x1e8 /usr/lib/gcc/arm-none-eabi/16.2.0/../../../../arm-none-eabi/lib/thumb/v7e-m+fp/hard/libc_nano.a(libc_a-wsetup.o)
 .debug_abbrev  0x00002d96       0xa4 /usr/lib/gcc/arm-none-eabi/16.2.0/../../../../arm-none-eabi/lib/thumb/v7e-m+fp/hard/libc_nano.a(libc_a-memset.o)
 .debug_abbrev  0x00002e3a      0x1b6 /usr/lib/gcc/arm-none-eabi/16.2.0/../../../../arm-none-eabi/lib/thumb/v7e-m+fp/hard/libc_nano.a(libc_a-closer.o)
 .debug_abbrev  0x00002ff0      0x1fd /usr/lib/gcc/arm-none-eabi/16.2.0/../../../../arm-none-eabi/lib/thumb/v7e-m+fp/hard/libc_nano.a(libc_a-reent.o)
 .debug_abbrev  0x000031ed      0x14f /usr/lib/gcc/arm-none-eabi/16.2.0/../../../../arm-none-eabi/lib/thumb/v7e-m+fp/hard/libc_nano.a(libc_a-impure.o)
 .debug_abbrev  0x0000333c      0x1ca /usr/lib/gcc/arm-none-eabi/16.2.0/../../../../arm-none-eabi/lib/thumb/v7e-m+fp/hard/libc_nano.a(libc_a-lseekr.o)
 .debug_abbrev  0x00003506      0x1b6 /usr/lib/gcc/arm-none-eabi/16.2.0/../../../../arm-none-eabi/lib/thumb/v7e-m+fp/hard/libc_nano.a(libc_a-readr.o)
 .debug_abbrev  0x000036bc      0x1bb /usr/lib/gcc/arm-none-eabi/16.2.0/../../../../arm-none-eabi/lib/thumb/v7e-m+fp/hard/libc_nano.a(libc_a-writer.o)
 .debug_abbrev  0x00003877      0x164 /usr/lib/gcc/arm-none-eabi/16.2.0/../../../../arm-none-eabi/lib/thumb/v7e-m+fp/hard/libc_nano.a(libc_a-errno.o)
 .debug_abbrev  0x000039db       0xcf /usr/lib/gcc/arm-none-eabi/16.2.0/../../../../arm-none-eabi/lib/thumb/v7e-m+fp/hard/libc_nano.a(libc_a-init.o)
 .debug_abbrev  0x00003aaa      0x11b /usr/lib/gcc/arm-none-eabi/16.2.0/../../../../arm-none-eabi/lib/thumb/v7e-m+fp/hard/libc_nano.a(libc_a-lock.o)
 .debug_abbrev  0x00003bc5      0x23a /usr/lib/gcc/arm-none-eabi/16.2.0/../../../../arm-none-eabi/lib/thumb/v7e-m+fp/hard/libc_nano.a(libc_a-freer.o)
 .debug_abbrev  0x00003dff      0x250 /usr/lib/gcc/arm-none-eabi/16.2.0/../../../../arm-none-eabi/lib/thumb/v7e-m+fp/hard/libc_nano.a(libc_a-mallocr.o)
 .debug_abbrev  0x0000404f      0x1c5 /usr/lib/gcc/arm-none-eabi/16.2.0/../../../../arm-none-eabi/lib/thumb/v7e-m+fp/hard/libc_nano.a(libc_a-mlock.o)
 .debug_abbrev  0x00004214      0x31c /usr/lib/gcc/arm-none-eabi/16.2.0/../../../../arm-none-eabi/lib/thumb/v7e-m+fp/hard/libc_nano.a(libc_a-nano-vfprintf.o)
 .debug_abbrev  0x00004530      0x28f /usr/lib/gcc/arm-none-eabi/16.2.0/../../../../arm-none-eabi/lib/thumb/v7e-m+fp/hard/libc_nano.a(libc_a-nano-vfprintf_i.o)
 .debug_abbrev  0x000047bf      0x2b8 /usr/lib/gcc/arm-none-eabi/16.2.0/../../../../arm-none-eabi/lib/thumb/v7e-m+fp/hard/libc_nano.a(libc_a-fflush.o)
 .debug_abbrev  0x00004a77      0x291 /usr/lib/gcc/arm-none-eabi/16.2.0/../../../../arm-none-eabi/lib/thumb/v7e-m+fp/hard/libc_nano.a(libc_a-makebuf.o)
 .debug_abbrev  0x00004d08      0x1c9 /usr/lib/gcc/arm-none-eabi/16.2.0/../../../../arm-none-eabi/lib/thumb/v7e-m+fp/hard/libc_nano.a(libc_a-fstatr.o)
 .debug_abbrev  0x00004ed1      0x1b6 /usr/lib/gcc/arm-none-eabi/16.2.0/../../../../arm-none-eabi/lib/thumb/v7e-m+fp/hard/libc_nano.a(libc_a-isattyr.o)
 .debug_abbrev  0x00005087      0x1e0 /usr/lib/gcc/arm-none-eabi/16.2.0/../../../../arm-none-eabi/lib/thumb/v7e-m+fp/hard/libc_nano.a(libc_a-sbrkr.o)
 .debug_abbrev  0x00005267       0x14 /usr/lib/gcc/arm-none-eabi/16.2.0/../../../../arm-none-eabi/lib/thumb/v7e-m+fp/hard/libc_nano.a(libc_a-memchr.o)
 .debug_abbrev  0x0000527b       0x28 /usr/lib/gcc/arm-none-eabi/16.2.0/thumb/v7e-m+fp/hard/libgcc.a(_arm_addsubdf3.o)
 .debug_abbrev  0x000052a3       0x14 /usr/lib/gcc/arm-none-eabi/16.2.0/thumb/v7e-m+fp/hard/libgcc.a(_aeabi_uldivmod.o)
 .debug_abbrev  0x000052b7      0x170 /usr/lib/gcc/arm-none-eabi/16.2.0/thumb/v7e-m+fp/hard/libgcc.a(_udivmoddi4.o)
 .debug_abbrev  0x00005427       0x26 /usr/lib/gcc/arm-none-eabi/16.2.0/thumb/v7e-m+fp/hard/libgcc.a(_dvmd_tls.o)

.debug_loc      0x00000000     0x8b24
 .debug_loc     0x00000000       0xea build/main.o
 .debug_loc     0x000000ea      0x275 build/lis2mdl.o
 .debug_loc     0x0000035f       0x20 build/stm32f4xx_it.o
 .debug_loc     0x0000037f      0x238 build/stm32f4xx_hal_msp.o
 .debug_loc     0x000005b7     0x2232 build/stm32f4xx_hal_spi.o
 .debug_loc     0x000027e9      0x66b build/stm32f4xx_hal_rcc.o
 .debug_loc     0x00002e54      0x5d5 build/stm32f4xx_hal_gpio.o
 .debug_loc     0x00003429      0x896 build/stm32f4xx_hal_cortex.o
 .debug_loc     0x00003cbf      0x1e3 build/stm32f4xx_hal.o
 .debug_loc     0x00003ea2     0x45bf build/stm32f4xx_hal_uart.o
 .debug_loc     0x00008461       0xb0 build/system_stm32f4xx.o
 .debug_loc     0x00008511       0x90 build/sysmem.o
 .debug_loc     0x000085a1      0x583 build/syscalls.o

.debug_aranges  0x00000000      0xdf8
 .debug_aranges
                0x00000000       0x48 build/main.o
 .debug_aranges
                0x00000048       0x38 build/lis2mdl.o
 .debug_aranges
                0x00000080       0x60 build/stm32f4xx_it.o
 .debug_aranges
                0x000000e0       0x40 build/stm32f4xx_hal_msp.o
 .debug_aranges
                0x00000120      0x1d0 build/stm32f4xx_hal_spi.o
 .debug_aranges
                0x000002f0       0x88 build/stm32f4xx_hal_rcc.o
 .debug_aranges
                0x00000378       0x58 build/stm32f4xx_hal_gpio.o
 .debug_aranges
                0x000003d0       0xf8 build/stm32f4xx_hal_cortex.o
 .debug_aranges
                0x000004c8       0xf0 build/stm32f4xx_hal.o
 .debug_aranges
                0x000005b8      0x208 build/stm32f4xx_hal_uart.o
 .debug_aranges
                0x000007c0       0x28 build/system_stm32f4xx.o
 .debug_aranges
                0x000007e8       0x20 build/sysmem.o
 .debug_aranges
                0x00000808       0xa8 build/syscalls.o
 .debug_aranges
                0x000008b0       0x28 build/startup_stm32f411xe.o
 .debug_aranges
                0x000008d8       0x78 /usr/lib/gcc/arm-none-eabi/16.2.0/../../../../arm-none-eabi/lib/thumb/v7e-m+fp/hard/libc_nano.a(libc_a-findfp.o)
 .debug_aranges
                0x00000950       0x20 /usr/lib/gcc/arm-none-eabi/16.2.0/../../../../arm-none-eabi/lib/thumb/v7e-m+fp/hard/libc_nano.a(libc_a-fwalk.o)
 .debug_aranges
                0x00000970       0x28 /usr/lib/gcc/arm-none-eabi/16.2.0/../../../../arm-none-eabi/lib/thumb/v7e-m+fp/hard/libc_nano.a(libc_a-printf.o)
 .debug_aranges
                0x00000998       0x28 /usr/lib/gcc/arm-none-eabi/16.2.0/../../../../arm-none-eabi/lib/thumb/v7e-m+fp/hard/libc_nano.a(libc_a-puts.o)
 .debug_aranges
                0x000009c0       0x40 /usr/lib/gcc/arm-none-eabi/16.2.0/../../../../arm-none-eabi/lib/thumb/v7e-m+fp/hard/libc_nano.a(libc_a-stdio.o)
 .debug_aranges
                0x00000a00       0x28 /usr/lib/gcc/arm-none-eabi/16.2.0/../../../../arm-none-eabi/lib/thumb/v7e-m+fp/hard/libc_nano.a(libc_a-wbuf.o)
 .debug_aranges
                0x00000a28       0x20 /usr/lib/gcc/arm-none-eabi/16.2.0/../../../../arm-none-eabi/lib/thumb/v7e-m+fp/hard/libc_nano.a(libc_a-wsetup.o)
 .debug_aranges
                0x00000a48       0x20 /usr/lib/gcc/arm-none-eabi/16.2.0/../../../../arm-none-eabi/lib/thumb/v7e-m+fp/hard/libc_nano.a(libc_a-memset.o)
 .debug_aranges
                0x00000a68       0x20 /usr/lib/gcc/arm-none-eabi/16.2.0/../../../../arm-none-eabi/lib/thumb/v7e-m+fp/hard/libc_nano.a(libc_a-closer.o)
 .debug_aranges
                0x00000a88       0x20 /usr/lib/gcc/arm-none-eabi/16.2.0/../../../../arm-none-eabi/lib/thumb/v7e-m+fp/hard/libc_nano.a(libc_a-reent.o)
 .debug_aranges
                0x00000aa8       0x18 /usr/lib/gcc/arm-none-eabi/16.2.0/../../../../arm-none-eabi/lib/thumb/v7e-m+fp/hard/libc_nano.a(libc_a-impure.o)
 .debug_aranges
                0x00000ac0       0x20 /usr/lib/gcc/arm-none-eabi/16.2.0/../../../../arm-none-eabi/lib/thumb/v7e-m+fp/hard/libc_nano.a(libc_a-lseekr.o)
 .debug_aranges
                0x00000ae0       0x20 /usr/lib/gcc/arm-none-eabi/16.2.0/../../../../arm-none-eabi/lib/thumb/v7e-m+fp/hard/libc_nano.a(libc_a-readr.o)
 .debug_aranges
                0x00000b00       0x20 /usr/lib/gcc/arm-none-eabi/16.2.0/../../../../arm-none-eabi/lib/thumb/v7e-m+fp/hard/libc_nano.a(libc_a-writer.o)
 .debug_aranges
                0x00000b20       0x20 /usr/lib/gcc/arm-none-eabi/16.2.0/../../../../arm-none-eabi/lib/thumb/v7e-m+fp/hard/libc_nano.a(libc_a-errno.o)
 .debug_aranges
                0x00000b40       0x20 /usr/lib/gcc/arm-none-eabi/16.2.0/../../../../arm-none-eabi/lib/thumb/v7e-m+fp/hard/libc_nano.a(libc_a-init.o)
 .debug_aranges
                0x00000b60       0x68 /usr/lib/gcc/arm-none-eabi/16.2.0/../../../../arm-none-eabi/lib/thumb/v7e-m+fp/hard/libc_nano.a(libc_a-lock.o)
 .debug_aranges
                0x00000bc8       0x20 /usr/lib/gcc/arm-none-eabi/16.2.0/../../../../arm-none-eabi/lib/thumb/v7e-m+fp/hard/libc_nano.a(libc_a-freer.o)
 .debug_aranges
                0x00000be8       0x28 /usr/lib/gcc/arm-none-eabi/16.2.0/../../../../arm-none-eabi/lib/thumb/v7e-m+fp/hard/libc_nano.a(libc_a-mallocr.o)
 .debug_aranges
                0x00000c10       0x28 /usr/lib/gcc/arm-none-eabi/16.2.0/../../../../arm-none-eabi/lib/thumb/v7e-m+fp/hard/libc_nano.a(libc_a-mlock.o)
 .debug_aranges
                0x00000c38       0x40 /usr/lib/gcc/arm-none-eabi/16.2.0/../../../../arm-none-eabi/lib/thumb/v7e-m+fp/hard/libc_nano.a(libc_a-nano-vfprintf.o)
 .debug_aranges
                0x00000c78       0x28 /usr/lib/gcc/arm-none-eabi/16.2.0/../../../../arm-none-eabi/lib/thumb/v7e-m+fp/hard/libc_nano.a(libc_a-nano-vfprintf_i.o)
 .debug_aranges
                0x00000ca0       0x30 /usr/lib/gcc/arm-none-eabi/16.2.0/../../../../arm-none-eabi/lib/thumb/v7e-m+fp/hard/libc_nano.a(libc_a-fflush.o)
 .debug_aranges
                0x00000cd0       0x28 /usr/lib/gcc/arm-none-eabi/16.2.0/../../../../arm-none-eabi/lib/thumb/v7e-m+fp/hard/libc_nano.a(libc_a-makebuf.o)
 .debug_aranges
                0x00000cf8       0x20 /usr/lib/gcc/arm-none-eabi/16.2.0/../../../../arm-none-eabi/lib/thumb/v7e-m+fp/hard/libc_nano.a(libc_a-fstatr.o)
 .debug_aranges
                0x00000d18       0x20 /usr/lib/gcc/arm-none-eabi/16.2.0/../../../../arm-none-eabi/lib/thumb/v7e-m+fp/hard/libc_nano.a(libc_a-isattyr.o)
 .debug_aranges
                0x00000d38       0x20 /usr/lib/gcc/arm-none-eabi/16.2.0/../../../../arm-none-eabi/lib/thumb/v7e-m+fp/hard/libc_nano.a(libc_a-sbrkr.o)
 .debug_aranges
                0x00000d58       0x20 /usr/lib/gcc/arm-none-eabi/16.2.0/../../../../arm-none-eabi/lib/thumb/v7e-m+fp/hard/libc_nano.a(libc_a-memchr.o)
 .debug_aranges
                0x00000d78       0x20 /usr/lib/gcc/arm-none-eabi/16.2.0/thumb/v7e-m+fp/hard/libgcc.a(_arm_addsubdf3.o)
 .debug_aranges
                0x00000d98       0x20 /usr/lib/gcc/arm-none-eabi/16.2.0/thumb/v7e-m+fp/hard/libgcc.a(_aeabi_uldivmod.o)
 .debug_aranges
                0x00000db8       0x20 /usr/lib/gcc/arm-none-eabi/16.2.0/thumb/v7e-m+fp/hard/libgcc.a(_udivmoddi4.o)
 .debug_aranges
                0x00000dd8       0x20 /usr/lib/gcc/arm-none-eabi/16.2.0/thumb/v7e-m+fp/hard/libgcc.a(_dvmd_tls.o)

.debug_ranges   0x00000000      0x818
 .debug_ranges  0x00000000       0x38 build/main.o
 .debug_ranges  0x00000038       0x28 build/lis2mdl.o
 .debug_ranges  0x00000060       0x50 build/stm32f4xx_it.o
 .debug_ranges  0x000000b0       0x30 build/stm32f4xx_hal_msp.o
 .debug_ranges  0x000000e0      0x1c0 build/stm32f4xx_hal_spi.o
 .debug_ranges  0x000002a0       0x90 build/stm32f4xx_hal_rcc.o
 .debug_ranges  0x00000330       0x48 build/stm32f4xx_hal_gpio.o
 .debug_ranges  0x00000378       0xe8 build/stm32f4xx_hal_cortex.o
 .debug_ranges  0x00000460       0xe0 build/stm32f4xx_hal.o
 .debug_ranges  0x00000540      0x1f8 build/stm32f4xx_hal_uart.o
 .debug_ranges  0x00000738       0x18 build/system_stm32f4xx.o
 .debug_ranges  0x00000750       0x10 build/sysmem.o
 .debug_ranges  0x00000760       0x98 build/syscalls.o
 .debug_ranges  0x000007f8       0x20 build/startup_stm32f411xe.o

.debug_line     0x00000000     0xd4c3
 .debug_line    0x00000000      0x4a0 build/main.o
 .debug_line    0x000004a0      0x2d6 build/lis2mdl.o
 .debug_line    0x00000776      0x13d build/stm32f4xx_it.o
 .debug_line    0x000008b3      0x30b build/stm32f4xx_hal_msp.o
 .debug_line    0x00000bbe     0x2405 build/stm32f4xx_hal_spi.o
 .debug_line    0x00002fc3      0xbe2 build/stm32f4xx_hal_rcc.o
 .debug_line    0x00003ba5      0x655 build/stm32f4xx_hal_gpio.o
 .debug_line    0x000041fa      0x7db build/stm32f4xx_hal_cortex.o
 .debug_line    0x000049d5      0x50a build/stm32f4xx_hal.o
 .debug_line    0x00004edf     0x30d2 build/stm32f4xx_hal_uart.o
 .debug_line    0x00007fb1      0x1f5 build/system_stm32f4xx.o
 .debug_line    0x000081a6      0x13c build/sysmem.o
 .debug_line    0x000082e2      0x380 build/syscalls.o
 .debug_line    0x00008662       0x73 build/startup_stm32f411xe.o
 .debug_line    0x000086d5      0x580 /usr/lib/gcc/arm-none-eabi/16.2.0/../../../../arm-none-eabi/lib/thumb/v7e-m+fp/hard/libc_nano.a(libc_a-findfp.o)
 .debug_line    0x00008c55      0x1da /usr/lib/gcc/arm-none-eabi/16.2.0/../../../../arm-none-eabi/lib/thumb/v7e-m+fp/hard/libc_nano.a(libc_a-fwalk.o)
 .debug_line    0x00008e2f      0x1f6 /usr/lib/gcc/arm-none-eabi/16.2.0/../../../../arm-none-eabi/lib/thumb/v7e-m+fp/hard/libc_nano.a(libc_a-printf.o)
 .debug_line    0x00009025      0x2f1 /usr/lib/gcc/arm-none-eabi/16.2.0/../../../../arm-none-eabi/lib/thumb/v7e-m+fp/hard/libc_nano.a(libc_a-puts.o)
 .debug_line    0x00009316      0x28b /usr/lib/gcc/arm-none-eabi/16.2.0/../../../../arm-none-eabi/lib/thumb/v7e-m+fp/hard/libc_nano.a(libc_a-stdio.o)
 .debug_line    0x000095a1      0x257 /usr/lib/gcc/arm-none-eabi/16.2.0/../../../../arm-none-eabi/lib/thumb/v7e-m+fp/hard/libc_nano.a(libc_a-wbuf.o)
 .debug_line    0x000097f8      0x285 /usr/lib/gcc/arm-none-eabi/16.2.0/../../../../arm-none-eabi/lib/thumb/v7e-m+fp/hard/libc_nano.a(libc_a-wsetup.o)
 .debug_line    0x00009a7d      0x12e /usr/lib/gcc/arm-none-eabi/16.2.0/../../../../arm-none-eabi/lib/thumb/v7e-m+fp/hard/libc_nano.a(libc_a-memset.o)
 .debug_line    0x00009bab      0x1bc /usr/lib/gcc/arm-none-eabi/16.2.0/../../../../arm-none-eabi/lib/thumb/v7e-m+fp/hard/libc_nano.a(libc_a-closer.o)
 .debug_line    0x00009d67      0x2a2 /usr/lib/gcc/arm-none-eabi/16.2.0/../../../../arm-none-eabi/lib/thumb/v7e-m+fp/hard/libc_nano.a(libc_a-reent.o)
 .debug_line    0x0000a009      0x108 /usr/lib/gcc/arm-none-eabi/16.2.0/../../../../arm-none-eabi/lib/thumb/v7e-m+fp/hard/libc_nano.a(libc_a-impure.o)
 .debug_line    0x0000a111      0x1bb /usr/lib/gcc/arm-none-eabi/16.2.0/../../../../arm-none-eabi/lib/thumb/v7e-m+fp/hard/libc_nano.a(libc_a-lseekr.o)
 .debug_line    0x0000a2cc      0x1ba /usr/lib/gcc/arm-none-eabi/16.2.0/../../../../arm-none-eabi/lib/thumb/v7e-m+fp/hard/libc_nano.a(libc_a-readr.o)
 .debug_line    0x0000a486      0x1bb /usr/lib/gcc/arm-none-eabi/16.2.0/../../../../arm-none-eabi/lib/thumb/v7e-m+fp/hard/libc_nano.a(libc_a-writer.o)
 .debug_line    0x0000a641      0x12a /usr/lib/gcc/arm-none-eabi/16.2.0/../../../../arm-none-eabi/lib/thumb/v7e-m+fp/hard/libc_nano.a(libc_a-errno.o)
 .debug_line    0x0000a76b      0x117 /usr/lib/gcc/arm-none-eabi/16.2.0/../../../../arm-none-eabi/lib/thumb/v7e-m+fp/hard/libc_nano.a(libc_a-init.o)
 .debug_line    0x0000a882      0x17d /usr/lib/gcc/arm-none-eabi/16.2.0/../../../../arm-none-eabi/lib/thumb/v7e-m+fp/hard/libc_nano.a(libc_a-lock.o)
 .debug_line    0x0000a9ff      0x2b0 /usr/lib/gcc/arm-none-eabi/16.2.0/../../../../arm-none-eabi/lib/thumb/v7e-m+fp/hard/libc_nano.a(libc_a-freer.o)
 .debug_line    0x0000acaf      0x490 /usr/lib/gcc/arm-none-eabi/16.2.0/../../../../arm-none-eabi/lib/thumb/v7e-m+fp/hard/libc_nano.a(libc_a-mallocr.o)
 .debug_line    0x0000b13f      0x18a /usr/lib/gcc/arm-none-eabi/16.2.0/../../../../arm-none-eabi/lib/thumb/v7e-m+fp/hard/libc_nano.a(libc_a-mlock.o)
 .debug_line    0x0000b2c9      0x647 /usr/lib/gcc/arm-none-eabi/16.2.0/../../../../arm-none-eabi/lib/thumb/v7e-m+fp/hard/libc_nano.a(libc_a-nano-vfprintf.o)
 .debug_line    0x0000b910      0x6a8 /usr/lib/gcc/arm-none-eabi/16.2.0/../../../../arm-none-eabi/lib/thumb/v7e-m+fp/hard/libc_nano.a(libc_a-nano-vfprintf_i.o)
 .debug_line    0x0000bfb8      0x421 /usr/lib/gcc/arm-none-eabi/16.2.0/../../../../arm-none-eabi/lib/thumb/v7e-m+fp/hard/libc_nano.a(libc_a-fflush.o)
 .debug_line    0x0000c3d9      0x339 /usr/lib/gcc/arm-none-eabi/16.2.0/../../../../arm-none-eabi/lib/thumb/v7e-m+fp/hard/libc_nano.a(libc_a-makebuf.o)
 .debug_line    0x0000c712      0x248 /usr/lib/gcc/arm-none-eabi/16.2.0/../../../../arm-none-eabi/lib/thumb/v7e-m+fp/hard/libc_nano.a(libc_a-fstatr.o)
 .debug_line    0x0000c95a      0x1bd /usr/lib/gcc/arm-none-eabi/16.2.0/../../../../arm-none-eabi/lib/thumb/v7e-m+fp/hard/libc_nano.a(libc_a-isattyr.o)
 .debug_line    0x0000cb17      0x1bc /usr/lib/gcc/arm-none-eabi/16.2.0/../../../../arm-none-eabi/lib/thumb/v7e-m+fp/hard/libc_nano.a(libc_a-sbrkr.o)
 .debug_line    0x0000ccd3       0x84 /usr/lib/gcc/arm-none-eabi/16.2.0/../../../../arm-none-eabi/lib/thumb/v7e-m+fp/hard/libc_nano.a(libc_a-memchr.o)
 .debug_line    0x0000cd57      0x16f /usr/lib/gcc/arm-none-eabi/16.2.0/thumb/v7e-m+fp/hard/libgcc.a(_arm_addsubdf3.o)
 .debug_line    0x0000cec6       0x4e /usr/lib/gcc/arm-none-eabi/16.2.0/thumb/v7e-m+fp/hard/libgcc.a(_aeabi_uldivmod.o)
 .debug_line    0x0000cf14      0x565 /usr/lib/gcc/arm-none-eabi/16.2.0/thumb/v7e-m+fp/hard/libgcc.a(_udivmoddi4.o)
 .debug_line    0x0000d479       0x4a /usr/lib/gcc/arm-none-eabi/16.2.0/thumb/v7e-m+fp/hard/libgcc.a(_dvmd_tls.o)

.debug_str      0x00000000     0x44d6
 .debug_str     0x00000000     0x44d6 build/main.o
                                0xba6 (size before relaxing)
 .debug_str     0x000044d6        0x0 build/lis2mdl.o
                                0x708 (size before relaxing)
 .debug_str     0x000044d6        0x0 build/stm32f4xx_it.o
                                0x1f6 (size before relaxing)
 .debug_str     0x000044d6        0x0 build/stm32f4xx_hal_msp.o
                                0x981 (size before relaxing)
 .debug_str     0x000044d6        0x0 build/stm32f4xx_hal_spi.o
                                0xbbb (size before relaxing)
 .debug_str     0x000044d6        0x0 build/stm32f4xx_hal_rcc.o
                                0x6df (size before relaxing)
 .debug_str     0x000044d6        0x0 build/stm32f4xx_hal_gpio.o
                                0x4b9 (size before relaxing)
 .debug_str     0x000044d6        0x0 build/stm32f4xx_hal_cortex.o
                                0xae4 (size before relaxing)
 .debug_str     0x000044d6        0x0 build/stm32f4xx_hal.o
                                0x9e5 (size before relaxing)
 .debug_str     0x000044d6        0x0 build/stm32f4xx_hal_uart.o
                                0xd62 (size before relaxing)
 .debug_str     0x000044d6        0x0 build/system_stm32f4xx.o
                                0x34e (size before relaxing)
 .debug_str     0x000044d6        0x0 build/sysmem.o
                                0x1ec (size before relaxing)
 .debug_str     0x000044d6        0x0 build/syscalls.o
                                0x3c0 (size before relaxing)
 .debug_str     0x000044d6        0x0 build/startup_stm32f411xe.o
                                 0x50 (size before relaxing)
 .debug_str     0x000044d6        0x0 /usr/lib/gcc/arm-none-eabi/16.2.0/../../../../arm-none-eabi/lib/thumb/v7e-m+fp/hard/libc_nano.a(libc_a-findfp.o)
                                0x762 (size before relaxing)
 .debug_str     0x000044d6        0x0 /usr/lib/gcc/arm-none-eabi/16.2.0/../../../../arm-none-eabi/lib/thumb/v7e-m+fp/hard/libc_nano.a(libc_a-fwalk.o)
                                0x4ef (size before relaxing)
 .debug_str     0x000044d6        0x0 /usr/lib/gcc/arm-none-eabi/16.2.0/../../../../arm-none-eabi/lib/thumb/v7e-m+fp/hard/libc_nano.a(libc_a-printf.o)
                                0x51a (size before relaxing)
 .debug_str     0x000044d6        0x0 /usr/lib/gcc/arm-none-eabi/16.2.0/../../../../arm-none-eabi/lib/thumb/v7e-m+fp/hard/libc_nano.a(libc_a-puts.o)
                                0x56a (size before relaxing)
 .debug_str     0x000044d6        0x0 /usr/lib/gcc/arm-none-eabi/16.2.0/../../../../arm-none-eabi/lib/thumb/v7e-m+fp/hard/libc_nano.a(libc_a-stdio.o)
                                0x54c (size before relaxing)
 .debug_str     0x000044d6        0x0 /usr/lib/gcc/arm-none-eabi/16.2.0/../../../../arm-none-eabi/lib/thumb/v7e-m+fp/hard/libc_nano.a(libc_a-wbuf.o)
                                0x515 (size before relaxing)
 .debug_str     0x000044d6        0x0 /usr/lib/gcc/arm-none-eabi/16.2.0/../../../../arm-none-eabi/lib/thumb/v7e-m+fp/hard/libc_nano.a(libc_a-wsetup.o)
                                0x510 (size before relaxing)
 .debug_str     0x000044d6        0x0 /usr/lib/gcc/arm-none-eabi/16.2.0/../../../../arm-none-eabi/lib/thumb/v7e-m+fp/hard/libc_nano.a(libc_a-memset.o)
                                0x1bf (size before relaxing)
 .debug_str     0x000044d6        0x0 /usr/lib/gcc/arm-none-eabi/16.2.0/../../../../arm-none-eabi/lib/thumb/v7e-m+fp/hard/libc_nano.a(libc_a-closer.o)
                                0x4d5 (size before relaxing)
 .debug_str     0x000044d6        0x0 /usr/lib/gcc/arm-none-eabi/16.2.0/../../../../arm-none-eabi/lib/thumb/v7e-m+fp/hard/libc_nano.a(libc_a-reent.o)
                                0x4fe (size before relaxing)
 .debug_str     0x000044d6        0x0 /usr/lib/gcc/arm-none-eabi/16.2.0/../../../../arm-none-eabi/lib/thumb/v7e-m+fp/hard/libc_nano.a(libc_a-impure.o)
                                0x4df (size before relaxing)
 .debug_str     0x000044d6        0x0 /usr/lib/gcc/arm-none-eabi/16.2.0/../../../../arm-none-eabi/lib/thumb/v7e-m+fp/hard/libc_nano.a(libc_a-lseekr.o)
                                0x4e3 (size before relaxing)
 .debug_str     0x000044d6        0x0 /usr/lib/gcc/arm-none-eabi/16.2.0/../../../../arm-none-eabi/lib/thumb/v7e-m+fp/hard/libc_nano.a(libc_a-readr.o)
                                0x4e3 (size before relaxing)
 .debug_str     0x000044d6        0x0 /usr/lib/gcc/arm-none-eabi/16.2.0/../../../../arm-none-eabi/lib/thumb/v7e-m+fp/hard/libc_nano.a(libc_a-writer.o)
                                0x4e5 (size before relaxing)
 .debug_str     0x000044d6        0x0 /usr/lib/gcc/arm-none-eabi/16.2.0/../../../../arm-none-eabi/lib/thumb/v7e-m+fp/hard/libc_nano.a(libc_a-errno.o)
                                0x4d9 (size before relaxing)
 .debug_str     0x000044d6        0x0 /usr/lib/gcc/arm-none-eabi/16.2.0/../../../../arm-none-eabi/lib/thumb/v7e-m+fp/hard/libc_nano.a(libc_a-init.o)
                                0x220 (size before relaxing)
 .debug_str     0x000044d6        0x0 /usr/lib/gcc/arm-none-eabi/16.2.0/../../../../arm-none-eabi/lib/thumb/v7e-m+fp/hard/libc_nano.a(libc_a-lock.o)
                                0x356 (size before relaxing)
 .debug_str     0x000044d6        0x0 /usr/lib/gcc/arm-none-eabi/16.2.0/../../../../arm-none-eabi/lib/thumb/v7e-m+fp/hard/libc_nano.a(libc_a-freer.o)
                                0x55f (size before relaxing)
 .debug_str     0x000044d6        0x0 /usr/lib/gcc/arm-none-eabi/16.2.0/../../../../arm-none-eabi/lib/thumb/v7e-m+fp/hard/libc_nano.a(libc_a-mallocr.o)
                                0x5c0 (size before relaxing)
 .debug_str     0x000044d6        0x0 /usr/lib/gcc/arm-none-eabi/16.2.0/../../../../arm-none-eabi/lib/thumb/v7e-m+fp/hard/libc_nano.a(libc_a-mlock.o)
                                0x561 (size before relaxing)
 .debug_str     0x000044d6        0x0 /usr/lib/gcc/arm-none-eabi/16.2.0/../../../../arm-none-eabi/lib/thumb/v7e-m+fp/hard/libc_nano.a(libc_a-nano-vfprintf.o)
                                0x890 (size before relaxing)
 .debug_str     0x000044d6        0x0 /usr/lib/gcc/arm-none-eabi/16.2.0/../../../../arm-none-eabi/lib/thumb/v7e-m+fp/hard/libc_nano.a(libc_a-nano-vfprintf_i.o)
                                0x7be (size before relaxing)
 .debug_str     0x000044d6        0x0 /usr/lib/gcc/arm-none-eabi/16.2.0/../../../../arm-none-eabi/lib/thumb/v7e-m+fp/hard/libc_nano.a(libc_a-fflush.o)
                                0x5aa (size before relaxing)
 .debug_str     0x000044d6        0x0 /usr/lib/gcc/arm-none-eabi/16.2.0/../../../../arm-none-eabi/lib/thumb/v7e-m+fp/hard/libc_nano.a(libc_a-makebuf.o)
                                0x672 (size before relaxing)
 .debug_str     0x000044d6        0x0 /usr/lib/gcc/arm-none-eabi/16.2.0/../../../../arm-none-eabi/lib/thumb/v7e-m+fp/hard/libc_nano.a(libc_a-fstatr.o)
                                0x627 (size before relaxing)
 .debug_str     0x000044d6        0x0 /usr/lib/gcc/arm-none-eabi/16.2.0/../../../../arm-none-eabi/lib/thumb/v7e-m+fp/hard/libc_nano.a(libc_a-isattyr.o)
                                0x4df (size before relaxing)
 .debug_str     0x000044d6        0x0 /usr/lib/gcc/arm-none-eabi/16.2.0/../../../../arm-none-eabi/lib/thumb/v7e-m+fp/hard/libc_nano.a(libc_a-sbrkr.o)
                                0x4e8 (size before relaxing)
 .debug_str     0x000044d6        0x0 /usr/lib/gcc/arm-none-eabi/16.2.0/../../../../arm-none-eabi/lib/thumb/v7e-m+fp/hard/libc_nano.a(libc_a-memchr.o)
                                 0xab (size before relaxing)
 .debug_str     0x000044d6        0x0 /usr/lib/gcc/arm-none-eabi/16.2.0/thumb/v7e-m+fp/hard/libgcc.a(_arm_addsubdf3.o)
                                0x14f (size before relaxing)
 .debug_str     0x000044d6        0x0 /usr/lib/gcc/arm-none-eabi/16.2.0/thumb/v7e-m+fp/hard/libgcc.a(_aeabi_uldivmod.o)
                                 0x9e (size before relaxing)
 .debug_str     0x000044d6        0x0 /usr/lib/gcc/arm-none-eabi/16.2.0/thumb/v7e-m+fp/hard/libgcc.a(_udivmoddi4.o)
                                0x697 (size before relaxing)
 .debug_str     0x000044d6        0x0 /usr/lib/gcc/arm-none-eabi/16.2.0/thumb/v7e-m+fp/hard/libgcc.a(_dvmd_tls.o)
                                 0xbe (size before relaxing)

.debug_frame    0x00000000     0x1f78
 .debug_frame   0x00000000       0xb0 build/main.o
 .debug_frame   0x000000b0       0x94 build/lis2mdl.o
 .debug_frame   0x00000144       0xa8 build/stm32f4xx_it.o
 .debug_frame   0x000001ec       0xa4 build/stm32f4xx_hal_msp.o
 .debug_frame   0x00000290      0x5a0 build/stm32f4xx_hal_spi.o
 .debug_frame   0x00000830      0x158 build/stm32f4xx_hal_rcc.o
 .debug_frame   0x00000988       0xd0 build/stm32f4xx_hal_gpio.o
 .debug_frame   0x00000a58      0x214 build/stm32f4xx_hal_cortex.o
 .debug_frame   0x00000c6c      0x1ec build/stm32f4xx_hal.o
 .debug_frame   0x00000e58      0x5cc build/stm32f4xx_hal_uart.o
 .debug_frame   0x00001424       0x30 build/system_stm32f4xx.o
 .debug_frame   0x00001454       0x28 build/sysmem.o
 .debug_frame   0x0000147c      0x190 build/syscalls.o
 .debug_frame   0x0000160c      0x144 /usr/lib/gcc/arm-none-eabi/16.2.0/../../../../arm-none-eabi/lib/thumb/v7e-m+fp/hard/libc_nano.a(libc_a-findfp.o)
 .debug_frame   0x00001750       0x34 /usr/lib/gcc/arm-none-eabi/16.2.0/../../../../arm-none-eabi/lib/thumb/v7e-m+fp/hard/libc_nano.a(libc_a-fwalk.o)
 .debug_frame   0x00001784       0x6c /usr/lib/gcc/arm-none-eabi/16.2.0/../../../../arm-none-eabi/lib/thumb/v7e-m+fp/hard/libc_nano.a(libc_a-printf.o)
 .debug_frame   0x000017f0       0x40 /usr/lib/gcc/arm-none-eabi/16.2.0/../../../../arm-none-eabi/lib/thumb/v7e-m+fp/hard/libc_nano.a(libc_a-puts.o)
 .debug_frame   0x00001830       0x88 /usr/lib/gcc/arm-none-eabi/16.2.0/../../../../arm-none-eabi/lib/thumb/v7e-m+fp/hard/libc_nano.a(libc_a-stdio.o)
 .debug_frame   0x000018b8       0x40 /usr/lib/gcc/arm-none-eabi/16.2.0/../../../../arm-none-eabi/lib/thumb/v7e-m+fp/hard/libc_nano.a(libc_a-wbuf.o)
 .debug_frame   0x000018f8       0x2c /usr/lib/gcc/arm-none-eabi/16.2.0/../../../../arm-none-eabi/lib/thumb/v7e-m+fp/hard/libc_nano.a(libc_a-wsetup.o)
 .debug_frame   0x00001924       0x20 /usr/lib/gcc/arm-none-eabi/16.2.0/../../../../arm-none-eabi/lib/thumb/v7e-m+fp/hard/libc_nano.a(libc_a-memset.o)
 .debug_frame   0x00001944       0x2c /usr/lib/gcc/arm-none-eabi/16.2.0/../../../../arm-none-eabi/lib/thumb/v7e-m+fp/hard/libc_nano.a(libc_a-closer.o)
 .debug_frame   0x00001970       0x38 /usr/lib/gcc/arm-none-eabi/16.2.0/../../../../arm-none-eabi/lib/thumb/v7e-m+fp/hard/libc_nano.a(libc_a-reent.o)
 .debug_frame   0x000019a8       0x2c /usr/lib/gcc/arm-none-eabi/16.2.0/../../../../arm-none-eabi/lib/thumb/v7e-m+fp/hard/libc_nano.a(libc_a-lseekr.o)
 .debug_frame   0x000019d4       0x2c /usr/lib/gcc/arm-none-eabi/16.2.0/../../../../arm-none-eabi/lib/thumb/v7e-m+fp/hard/libc_nano.a(libc_a-readr.o)
 .debug_frame   0x00001a00       0x2c /usr/lib/gcc/arm-none-eabi/16.2.0/../../../../arm-none-eabi/lib/thumb/v7e-m+fp/hard/libc_nano.a(libc_a-writer.o)
 .debug_frame   0x00001a2c       0x20 /usr/lib/gcc/arm-none-eabi/16.2.0/../../../../arm-none-eabi/lib/thumb/v7e-m+fp/hard/libc_nano.a(libc_a-errno.o)
 .debug_frame   0x00001a4c       0x2c /usr/lib/gcc/arm-none-eabi/16.2.0/../../../../arm-none-eabi/lib/thumb/v7e-m+fp/hard/libc_nano.a(libc_a-init.o)
 .debug_frame   0x00001a78       0xb0 /usr/lib/gcc/arm-none-eabi/16.2.0/../../../../arm-none-eabi/lib/thumb/v7e-m+fp/hard/libc_nano.a(libc_a-lock.o)
 .debug_frame   0x00001b28       0x38 /usr/lib/gcc/arm-none-eabi/16.2.0/../../../../arm-none-eabi/lib/thumb/v7e-m+fp/hard/libc_nano.a(libc_a-freer.o)
 .debug_frame   0x00001b60       0x50 /usr/lib/gcc/arm-none-eabi/16.2.0/../../../../arm-none-eabi/lib/thumb/v7e-m+fp/hard/libc_nano.a(libc_a-mallocr.o)
 .debug_frame   0x00001bb0       0x30 /usr/lib/gcc/arm-none-eabi/16.2.0/../../../../arm-none-eabi/lib/thumb/v7e-m+fp/hard/libc_nano.a(libc_a-mlock.o)
 .debug_frame   0x00001be0       0xa8 /usr/lib/gcc/arm-none-eabi/16.2.0/../../../../arm-none-eabi/lib/thumb/v7e-m+fp/hard/libc_nano.a(libc_a-nano-vfprintf.o)
 .debug_frame   0x00001c88       0x60 /usr/lib/gcc/arm-none-eabi/16.2.0/../../../../arm-none-eabi/lib/thumb/v7e-m+fp/hard/libc_nano.a(libc_a-nano-vfprintf_i.o)
 .debug_frame   0x00001ce8       0x5c /usr/lib/gcc/arm-none-eabi/16.2.0/../../../../arm-none-eabi/lib/thumb/v7e-m+fp/hard/libc_nano.a(libc_a-fflush.o)
 .debug_frame   0x00001d44       0x58 /usr/lib/gcc/arm-none-eabi/16.2.0/../../../../arm-none-eabi/lib/thumb/v7e-m+fp/hard/libc_nano.a(libc_a-makebuf.o)
 .debug_frame   0x00001d9c       0x2c /usr/lib/gcc/arm-none-eabi/16.2.0/../../../../arm-none-eabi/lib/thumb/v7e-m+fp/hard/libc_nano.a(libc_a-fstatr.o)
 .debug_frame   0x00001dc8       0x2c /usr/lib/gcc/arm-none-eabi/16.2.0/../../../../arm-none-eabi/lib/thumb/v7e-m+fp/hard/libc_nano.a(libc_a-isattyr.o)
 .debug_frame   0x00001df4       0x2c /usr/lib/gcc/arm-none-eabi/16.2.0/../../../../arm-none-eabi/lib/thumb/v7e-m+fp/hard/libc_nano.a(libc_a-sbrkr.o)
 .debug_frame   0x00001e20       0x4c /usr/lib/gcc/arm-none-eabi/16.2.0/../../../../arm-none-eabi/lib/thumb/v7e-m+fp/hard/libc_nano.a(libc_a-memchr.o)
 .debug_frame   0x00001e6c       0xac /usr/lib/gcc/arm-none-eabi/16.2.0/thumb/v7e-m+fp/hard/libgcc.a(_arm_addsubdf3.o)
 .debug_frame   0x00001f18       0x2c /usr/lib/gcc/arm-none-eabi/16.2.0/thumb/v7e-m+fp/hard/libgcc.a(_aeabi_uldivmod.o)
 .debug_frame   0x00001f44       0x34 /usr/lib/gcc/arm-none-eabi/16.2.0/thumb/v7e-m+fp/hard/libgcc.a(_udivmoddi4.o)

.debug_loclists
                0x00000000     0x24e1
 .debug_loclists
                0x00000000      0x300 /usr/lib/gcc/arm-none-eabi/16.2.0/../../../../arm-none-eabi/lib/thumb/v7e-m+fp/hard/libc_nano.a(libc_a-findfp.o)
 .debug_loclists
                0x00000300       0x91 /usr/lib/gcc/arm-none-eabi/16.2.0/../../../../arm-none-eabi/lib/thumb/v7e-m+fp/hard/libc_nano.a(libc_a-fwalk.o)
 .debug_loclists
                0x00000391       0x4a /usr/lib/gcc/arm-none-eabi/16.2.0/../../../../arm-none-eabi/lib/thumb/v7e-m+fp/hard/libc_nano.a(libc_a-printf.o)
 .debug_loclists
                0x000003db      0x190 /usr/lib/gcc/arm-none-eabi/16.2.0/../../../../arm-none-eabi/lib/thumb/v7e-m+fp/hard/libc_nano.a(libc_a-puts.o)
 .debug_loclists
                0x0000056b      0x25d /usr/lib/gcc/arm-none-eabi/16.2.0/../../../../arm-none-eabi/lib/thumb/v7e-m+fp/hard/libc_nano.a(libc_a-stdio.o)
 .debug_loclists
                0x000007c8       0xd2 /usr/lib/gcc/arm-none-eabi/16.2.0/../../../../arm-none-eabi/lib/thumb/v7e-m+fp/hard/libc_nano.a(libc_a-wbuf.o)
 .debug_loclists
                0x0000089a       0x41 /usr/lib/gcc/arm-none-eabi/16.2.0/../../../../arm-none-eabi/lib/thumb/v7e-m+fp/hard/libc_nano.a(libc_a-wsetup.o)
 .debug_loclists
                0x000008db       0x4d /usr/lib/gcc/arm-none-eabi/16.2.0/../../../../arm-none-eabi/lib/thumb/v7e-m+fp/hard/libc_nano.a(libc_a-memset.o)
 .debug_loclists
                0x00000928       0x58 /usr/lib/gcc/arm-none-eabi/16.2.0/../../../../arm-none-eabi/lib/thumb/v7e-m+fp/hard/libc_nano.a(libc_a-closer.o)
 .debug_loclists
                0x00000980       0x9c /usr/lib/gcc/arm-none-eabi/16.2.0/../../../../arm-none-eabi/lib/thumb/v7e-m+fp/hard/libc_nano.a(libc_a-reent.o)
 .debug_loclists
                0x00000a1c       0xa0 /usr/lib/gcc/arm-none-eabi/16.2.0/../../../../arm-none-eabi/lib/thumb/v7e-m+fp/hard/libc_nano.a(libc_a-lseekr.o)
 .debug_loclists
                0x00000abc       0xa0 /usr/lib/gcc/arm-none-eabi/16.2.0/../../../../arm-none-eabi/lib/thumb/v7e-m+fp/hard/libc_nano.a(libc_a-readr.o)
 .debug_loclists
                0x00000b5c       0xa0 /usr/lib/gcc/arm-none-eabi/16.2.0/../../../../arm-none-eabi/lib/thumb/v7e-m+fp/hard/libc_nano.a(libc_a-writer.o)
 .debug_loclists
                0x00000bfc       0x48 /usr/lib/gcc/arm-none-eabi/16.2.0/../../../../arm-none-eabi/lib/thumb/v7e-m+fp/hard/libc_nano.a(libc_a-init.o)
 .debug_loclists
                0x00000c44       0x29 /usr/lib/gcc/arm-none-eabi/16.2.0/../../../../arm-none-eabi/lib/thumb/v7e-m+fp/hard/libc_nano.a(libc_a-lock.o)
 .debug_loclists
                0x00000c6d       0xda /usr/lib/gcc/arm-none-eabi/16.2.0/../../../../arm-none-eabi/lib/thumb/v7e-m+fp/hard/libc_nano.a(libc_a-freer.o)
 .debug_loclists
                0x00000d47      0x20c /usr/lib/gcc/arm-none-eabi/16.2.0/../../../../arm-none-eabi/lib/thumb/v7e-m+fp/hard/libc_nano.a(libc_a-mallocr.o)
 .debug_loclists
                0x00000f53       0x46 /usr/lib/gcc/arm-none-eabi/16.2.0/../../../../arm-none-eabi/lib/thumb/v7e-m+fp/hard/libc_nano.a(libc_a-mlock.o)
 .debug_loclists
                0x00000f99      0x42e /usr/lib/gcc/arm-none-eabi/16.2.0/../../../../arm-none-eabi/lib/thumb/v7e-m+fp/hard/libc_nano.a(libc_a-nano-vfprintf.o)
 .debug_loclists
                0x000013c7      0x34e /usr/lib/gcc/arm-none-eabi/16.2.0/../../../../arm-none-eabi/lib/thumb/v7e-m+fp/hard/libc_nano.a(libc_a-nano-vfprintf_i.o)
 .debug_loclists
                0x00001715      0x223 /usr/lib/gcc/arm-none-eabi/16.2.0/../../../../arm-none-eabi/lib/thumb/v7e-m+fp/hard/libc_nano.a(libc_a-fflush.o)
 .debug_loclists
                0x00001938       0xe8 /usr/lib/gcc/arm-none-eabi/16.2.0/../../../../arm-none-eabi/lib/thumb/v7e-m+fp/hard/libc_nano.a(libc_a-makebuf.o)
 .debug_loclists
                0x00001a20       0x7c /usr/lib/gcc/arm-none-eabi/16.2.0/../../../../arm-none-eabi/lib/thumb/v7e-m+fp/hard/libc_nano.a(libc_a-fstatr.o)
 .debug_loclists
                0x00001a9c       0x58 /usr/lib/gcc/arm-none-eabi/16.2.0/../../../../arm-none-eabi/lib/thumb/v7e-m+fp/hard/libc_nano.a(libc_a-isattyr.o)
 .debug_loclists
                0x00001af4       0x58 /usr/lib/gcc/arm-none-eabi/16.2.0/../../../../arm-none-eabi/lib/thumb/v7e-m+fp/hard/libc_nano.a(libc_a-sbrkr.o)
 .debug_loclists
                0x00001b4c      0x995 /usr/lib/gcc/arm-none-eabi/16.2.0/thumb/v7e-m+fp/hard/libgcc.a(_udivmoddi4.o)

.debug_rnglists
                0x00000000      0x441
 .debug_rnglists
                0x00000000       0x6e /usr/lib/gcc/arm-none-eabi/16.2.0/../../../../arm-none-eabi/lib/thumb/v7e-m+fp/hard/libc_nano.a(libc_a-findfp.o)
 .debug_rnglists
                0x0000006e       0x13 /usr/lib/gcc/arm-none-eabi/16.2.0/../../../../arm-none-eabi/lib/thumb/v7e-m+fp/hard/libc_nano.a(libc_a-fwalk.o)
 .debug_rnglists
                0x00000081       0x19 /usr/lib/gcc/arm-none-eabi/16.2.0/../../../../arm-none-eabi/lib/thumb/v7e-m+fp/hard/libc_nano.a(libc_a-printf.o)
 .debug_rnglists
                0x0000009a       0x47 /usr/lib/gcc/arm-none-eabi/16.2.0/../../../../arm-none-eabi/lib/thumb/v7e-m+fp/hard/libc_nano.a(libc_a-puts.o)
 .debug_rnglists
                0x000000e1       0x2b /usr/lib/gcc/arm-none-eabi/16.2.0/../../../../arm-none-eabi/lib/thumb/v7e-m+fp/hard/libc_nano.a(libc_a-stdio.o)
 .debug_rnglists
                0x0000010c       0x25 /usr/lib/gcc/arm-none-eabi/16.2.0/../../../../arm-none-eabi/lib/thumb/v7e-m+fp/hard/libc_nano.a(libc_a-wbuf.o)
 .debug_rnglists
                0x00000131       0x26 /usr/lib/gcc/arm-none-eabi/16.2.0/../../../../arm-none-eabi/lib/thumb/v7e-m+fp/hard/libc_nano.a(libc_a-wsetup.o)
 .debug_rnglists
                0x00000157       0x13 /usr/lib/gcc/arm-none-eabi/16.2.0/../../../../arm-none-eabi/lib/thumb/v7e-m+fp/hard/libc_nano.a(libc_a-memset.o)
 .debug_rnglists
                0x0000016a       0x13 /usr/lib/gcc/arm-none-eabi/16.2.0/../../../../arm-none-eabi/lib/thumb/v7e-m+fp/hard/libc_nano.a(libc_a-closer.o)
 .debug_rnglists
                0x0000017d       0x2c /usr/lib/gcc/arm-none-eabi/16.2.0/../../../../arm-none-eabi/lib/thumb/v7e-m+fp/hard/libc_nano.a(libc_a-reent.o)
 .debug_rnglists
                0x000001a9       0x13 /usr/lib/gcc/arm-none-eabi/16.2.0/../../../../arm-none-eabi/lib/thumb/v7e-m+fp/hard/libc_nano.a(libc_a-lseekr.o)
 .debug_rnglists